stm32_f103c6_USART.c:63:6:MCAL_USART_Init	24	static
stm32_f103c6_USART.c:143:6:MCAL_USART_DeInit	16	static
stm32_f103c6_USART.c:180:6:MCAL_USART_Send_String	24	static
stm32_f103c6_USART.c:233:6:MCAL_USART_Receive_String	24	static
stm32_f103c6_USART.c:287:6:MCAL_USART_SendData	24	static
stm32_f103c6_USART.c:337:6:MCAL_USART_WAIT_TC	16	static
stm32_f103c6_USART.c:354:6:MCAL_USART_ReceiveData	24	static
stm32_f103c6_USART.c:446:6:USART1_IRQHandler	8	static
stm32_f103c6_USART.c:451:6:USART2_IRQHandler	8	static
stm32_f103c6_USART.c:456:6:USART3_IRQHandler	8	static
