Archive member included to satisfy reference by file (symbol)

c:/st/stm32cubeide_1.4.0/stm32cubeide/plugins/com.st.stm32cube.ide.mcu.externaltools.gnu-tools-for-stm32.7-2018-q2-update.win32_1.4.0.202007081208/tools/bin/../lib/gcc/arm-none-eabi/7.3.1/../../../../arm-none-eabi/lib/thumb/v7-m\libc_nano.a(lib_a-errno.o)
                              Src/syscalls.o (__errno)
c:/st/stm32cubeide_1.4.0/stm32cubeide/plugins/com.st.stm32cube.ide.mcu.externaltools.gnu-tools-for-stm32.7-2018-q2-update.win32_1.4.0.202007081208/tools/bin/../lib/gcc/arm-none-eabi/7.3.1/../../../../arm-none-eabi/lib/thumb/v7-m\libc_nano.a(lib_a-exit.o)
                              c:/st/stm32cubeide_1.4.0/stm32cubeide/plugins/com.st.stm32cube.ide.mcu.externaltools.gnu-tools-for-stm32.7-2018-q2-update.win32_1.4.0.202007081208/tools/bin/../lib/gcc/arm-none-eabi/7.3.1/../../../../arm-none-eabi/lib/thumb/v7-m/crt0.o (exit)
c:/st/stm32cubeide_1.4.0/stm32cubeide/plugins/com.st.stm32cube.ide.mcu.externaltools.gnu-tools-for-stm32.7-2018-q2-update.win32_1.4.0.202007081208/tools/bin/../lib/gcc/arm-none-eabi/7.3.1/../../../../arm-none-eabi/lib/thumb/v7-m\libc_nano.a(lib_a-impure.o)
                              c:/st/stm32cubeide_1.4.0/stm32cubeide/plugins/com.st.stm32cube.ide.mcu.externaltools.gnu-tools-for-stm32.7-2018-q2-update.win32_1.4.0.202007081208/tools/bin/../lib/gcc/arm-none-eabi/7.3.1/../../../../arm-none-eabi/lib/thumb/v7-m\libc_nano.a(lib_a-exit.o) (_global_impure_ptr)
c:/st/stm32cubeide_1.4.0/stm32cubeide/plugins/com.st.stm32cube.ide.mcu.externaltools.gnu-tools-for-stm32.7-2018-q2-update.win32_1.4.0.202007081208/tools/bin/../lib/gcc/arm-none-eabi/7.3.1/../../../../arm-none-eabi/lib/thumb/v7-m\libc_nano.a(lib_a-init.o)
                              c:/st/stm32cubeide_1.4.0/stm32cubeide/plugins/com.st.stm32cube.ide.mcu.externaltools.gnu-tools-for-stm32.7-2018-q2-update.win32_1.4.0.202007081208/tools/bin/../lib/gcc/arm-none-eabi/7.3.1/../../../../arm-none-eabi/lib/thumb/v7-m/crt0.o (__libc_init_array)
c:/st/stm32cubeide_1.4.0/stm32cubeide/plugins/com.st.stm32cube.ide.mcu.externaltools.gnu-tools-for-stm32.7-2018-q2-update.win32_1.4.0.202007081208/tools/bin/../lib/gcc/arm-none-eabi/7.3.1/../../../../arm-none-eabi/lib/thumb/v7-m\libc_nano.a(lib_a-memcpy-stub.o)
                              Can_Module/Can.o (memcpy)
c:/st/stm32cubeide_1.4.0/stm32cubeide/plugins/com.st.stm32cube.ide.mcu.externaltools.gnu-tools-for-stm32.7-2018-q2-update.win32_1.4.0.202007081208/tools/bin/../lib/gcc/arm-none-eabi/7.3.1/../../../../arm-none-eabi/lib/thumb/v7-m\libc_nano.a(lib_a-memset.o)
                              c:/st/stm32cubeide_1.4.0/stm32cubeide/plugins/com.st.stm32cube.ide.mcu.externaltools.gnu-tools-for-stm32.7-2018-q2-update.win32_1.4.0.202007081208/tools/bin/../lib/gcc/arm-none-eabi/7.3.1/../../../../arm-none-eabi/lib/thumb/v7-m/crt0.o (memset)
c:/st/stm32cubeide_1.4.0/stm32cubeide/plugins/com.st.stm32cube.ide.mcu.externaltools.gnu-tools-for-stm32.7-2018-q2-update.win32_1.4.0.202007081208/tools/bin/../lib/gcc/arm-none-eabi/7.3.1/thumb/v7-m\libgcc.a(_arm_addsubdf3.o)
                              PWM_Module/Pwm.o (__aeabi_ui2d)
c:/st/stm32cubeide_1.4.0/stm32cubeide/plugins/com.st.stm32cube.ide.mcu.externaltools.gnu-tools-for-stm32.7-2018-q2-update.win32_1.4.0.202007081208/tools/bin/../lib/gcc/arm-none-eabi/7.3.1/thumb/v7-m\libgcc.a(_arm_muldivdf3.o)
                              PWM_Module/Pwm.o (__aeabi_dmul)
c:/st/stm32cubeide_1.4.0/stm32cubeide/plugins/com.st.stm32cube.ide.mcu.externaltools.gnu-tools-for-stm32.7-2018-q2-update.win32_1.4.0.202007081208/tools/bin/../lib/gcc/arm-none-eabi/7.3.1/thumb/v7-m\libgcc.a(_arm_fixunsdfsi.o)
                              PWM_Module/Pwm.o (__aeabi_d2uiz)
c:/st/stm32cubeide_1.4.0/stm32cubeide/plugins/com.st.stm32cube.ide.mcu.externaltools.gnu-tools-for-stm32.7-2018-q2-update.win32_1.4.0.202007081208/tools/bin/../lib/gcc/arm-none-eabi/7.3.1/thumb/v7-m\libgcc.a(_arm_muldivsf3.o)
                              PWM_Module/Pwm.o (__aeabi_fmul)
c:/st/stm32cubeide_1.4.0/stm32cubeide/plugins/com.st.stm32cube.ide.mcu.externaltools.gnu-tools-for-stm32.7-2018-q2-update.win32_1.4.0.202007081208/tools/bin/../lib/gcc/arm-none-eabi/7.3.1/thumb/v7-m\libgcc.a(_arm_fixunssfsi.o)
                              Can_Module/Can.o (__aeabi_f2uiz)

Allocating common symbols
Common symbol       size              file

CAT2_CAN_Task       0x48              RTE/RTE_Task.o
Task4               0x48              RTE/RTE_Task.o
Pwm_Config          0x50              PWM_Module/Pwm.o
SysTickLED          0x1               OSEK_VDX/Cortex_Mx_Porting.o
Hardware_Object_Type
                    0x1               Can_Module/Can.o
Controller_Index    0x1               Can_Module/Can.o
OS_Control          0x1ac             OSEK_VDX/Scheduler.o
PduInfo             0xc               Src/main.o
Task1               0x48              RTE/RTE_Task.o
Ready_QUEUE         0x14              OSEK_VDX/Task.o
Message_ObjectStatus
[...]
Memory Configuration

Name             Origin             Length             Attributes
RAM              0x0000000020000000 0x0000000000005000 xrw
ROM              0x0000000008000000 0x0000000000010000 xr
*default*        0x0000000000000000 0xffffffffffffffff

Linker script and memory map

LOAD c:/st/stm32cubeide_1.4.0/stm32cubeide/plugins/com.st.stm32cube.ide.mcu.externaltools.gnu-tools-for-stm32.7-2018-q2-update.win32_1.4.0.202007081208/tools/bin/../lib/gcc/arm-none-eabi/7.3.1/thumb/v7-m/crti.o
LOAD c:/st/stm32cubeide_1.4.0/stm32cubeide/plugins/com.st.stm32cube.ide.mcu.externaltools.gnu-tools-for-stm32.7-2018-q2-update.win32_1.4.0.202007081208/tools/bin/../lib/gcc/arm-none-eabi/7.3.1/thumb/v7-m/crtbegin.o
LOAD c:/st/stm32cubeide_1.4.0/stm32cubeide/plugins/com.st.stm32cube.ide.mcu.externaltools.gnu-tools-for-stm32.7-2018-q2-update.win32_1.4.0.202007081208/tools/bin/../lib/gcc/arm-none-eabi/7.3.1/../../../../arm-none-eabi/lib/thumb/v7-m/crt0.o
LOAD Can_Module/Can.o
LOAD Can_Module/CanIf.o
LOAD Can_Module/Can_PBcfg.o
LOAD Can_Module/stm32_f103c6_CAN.o
LOAD Common/Det.o
LOAD Complex_Drivers/Cortex_M3_NVIC.o
LOAD DIO_Module/Dio.o
LOAD OSEK_VDX/Cortex_Mx_Porting.o
LOAD OSEK_VDX/Event.o
LOAD OSEK_VDX/MY_RTOS_FIFO.o
LOAD OSEK_VDX/Scheduler.o
LOAD OSEK_VDX/Task.o
LOAD OSEK_VDX/Task_Config.o
LOAD PORT_Module/Port.o
LOAD PORT_Module/Port_PBcfg.o
LOAD PWM_Module/Pwm.o
LOAD PWM_Module/Pwm_PBcfg.o
LOAD RTE/RTE_Task.o
LOAD RTE/Rte_BSW_SWC.o
LOAD RTE/Rte_DNPW_SWC.o
LOAD RTE/Rte_EEBL_SWC.o
LOAD RTE/Rte_Empty_For_Test.o
LOAD RTE/Rte_FCW_SWC.o
LOAD RTE/Rte_IMA_SWC.o
LOAD RTE/Rte_LCD_SWC.o
LOAD RTE/Rte_LED_SWC.o
LOAD RTE/Rte_Main_SWC.o
LOAD RTE/Rte_Motor_SWC.o
LOAD SWCs/BSW_SWC.o
LOAD SWCs/DNPW_SWC.o
LOAD SWCs/EEBL_SWC.o
LOAD SWCs/FCW_SWC.o
LOAD SWCs/IMA_SWC.o
LOAD SWCs/LED_SWC.o
LOAD SWCs/Main_SWC.o
LOAD SWCs/Motor_SWC.o
LOAD Src/main.o
LOAD Src/syscalls.o
LOAD Src/sysmem.o
LOAD Startup/startup_stm32f103c8tx.o
START GROUP
LOAD c:/st/stm32cubeide_1.4.0/stm32cubeide/plugins/com.st.stm32cube.ide.mcu.externaltools.gnu-tools-for-stm32.7-2018-q2-update.win32_1.4.0.202007081208/tools/bin/../lib/gcc/arm-none-eabi/7.3.1/../../../../arm-none-eabi/lib/thumb/v7-m\libc_nano.a
LOAD c:/st/stm32cubeide_1.4.0/stm32cubeide/plugins/com.st.stm32cube.ide.mcu.externaltools.gnu-tools-for-stm32.7-2018-q2-update.win32_1.4.0.202007081208/tools/bin/../lib/gcc/arm-none-eabi/7.3.1/../../../../arm-none-eabi/lib/thumb/v7-m\libm.a
END GROUP
START GROUP
LOAD c:/st/stm32cubeide_1.4.0/stm32cubeide/plugins/com.st.stm32cube.ide.mcu.externaltools.gnu-tools-for-stm32.7-2018-q2-update.win32_1.4.0.202007081208/tools/bin/../lib/gcc/arm-none-eabi/7.3.1/thumb/v7-m\libgcc.a
LOAD c:/st/stm32cubeide_1.4.0/stm32cubeide/plugins/com.st.stm32cube.ide.mcu.externaltools.gnu-tools-for-stm32.7-2018-q2-update.win32_1.4.0.202007081208/tools/bin/../lib/gcc/arm-none-eabi/7.3.1/../../../../arm-none-eabi/lib/thumb/v7-m\libc_nano.a
END GROUP
START GROUP
LOAD c:/st/stm32cubeide_1.4.0/stm32cubeide/plugins/com.st.stm32cube.ide.mcu.externaltools.gnu-tools-for-stm32.7-2018-q2-update.win32_1.4.0.202007081208/tools/bin/../lib/gcc/arm-none-eabi/7.3.1/thumb/v7-m\libgcc.a
LOAD c:/st/stm32cubeide_1.4.0/stm32cubeide/plugins/com.st.stm32cube.ide.mcu.externaltools.gnu-tools-for-stm32.7-2018-q2-update.win32_1.4.0.202007081208/tools/bin/../lib/gcc/arm-none-eabi/7.3.1/../../../../arm-none-eabi/lib/thumb/v7-m\libc_nano.a
LOAD c:/st/stm32cubeide_1.4.0/stm32cubeide/plugins/com.st.stm32cube.ide.mcu.externaltools.gnu-tools-for-stm32.7-2018-q2-update.win32_1.4.0.202007081208/tools/bin/../lib/gcc/arm-none-eabi/7.3.1/../../../../arm-none-eabi/lib/thumb/v7-m\libnosys.a
END GROUP
START GROUP
LOAD c:/st/stm32cubeide_1.4.0/stm32cubeide/plugins/com.st.stm32cube.ide.mcu.externaltools.gnu-tools-for-stm32.7-2018-q2-update.win32_1.4.0.202007081208/tools/bin/../lib/gcc/arm-none-eabi/7.3.1/thumb/v7-m\libgcc.a
LOAD c:/st/stm32cubeide_1.4.0/stm32cubeide/plugins/com.st.stm32cube.ide.mcu.externaltools.gnu-tools-for-stm32.7-2018-q2-update.win32_1.4.0.202007081208/tools/bin/../lib/gcc/arm-none-eabi/7.3.1/../../../../arm-none-eabi/lib/thumb/v7-m\libc_nano.a
LOAD c:/st/stm32cubeide_1.4.0/stm32cubeide/plugins/com.st.stm32cube.ide.mcu.externaltools.gnu-tools-for-stm32.7-2018-q2-update.win32_1.4.0.202007081208/tools/bin/../lib/gcc/arm-none-eabi/7.3.1/../../../../arm-none-eabi/lib/thumb/v7-m\libnosys.a
END GROUP
LOAD c:/st/stm32cubeide_1.4.0/stm32cubeide/plugins/com.st.stm32cube.ide.mcu.externaltools.gnu-tools-for-stm32.7-2018-q2-update.win32_1.4.0.202007081208/tools/bin/../lib/gcc/arm-none-eabi/7.3.1/thumb/v7-m/crtend.o
LOAD c:/st/stm32cubeide_1.4.0/stm32cubeide/plugins/com.st.stm32cube.ide.mcu.externaltools.gnu-tools-for-stm32.7-2018-q2-update.win32_1.4.0.202007081208/tools/bin/../lib/gcc/arm-none-eabi/7.3.1/thumb/v7-m/crtn.o
                0x0000000020005000                _estack = (ORIGIN (RAM) + LENGTH (RAM))
                0x0000000000000200                _Min_Heap_Size = 0x200
                0x0000000000000400                _Min_Stack_Size = 0x400

.isr_vector     0x0000000008000000      0x130
                0x0000000008000000                . = ALIGN (0x4)
 *(.isr_vector)
 .isr_vector    0x0000000008000000      0x130 Startup/startup_stm32f103c8tx.o
                0x0000000008000000                g_pfnVectors
                0x0000000008000130                . = ALIGN (0x4)

.text           0x0000000008000130     0x3924
                0x0000000008000130                . = ALIGN (0x4)
 *(.text)
 .text          0x0000000008000130       0x40 c:/st/stm32cubeide_1.4.0/stm32cubeide/plugins/com.st.stm32cube.ide.mcu.externaltools.gnu-tools-for-stm32.7-2018-q2-update.win32_1.4.0.202007081208/tools/bin/../lib/gcc/arm-none-eabi/7.3.1/thumb/v7-m/crtbegin.o
 .text          0x0000000008000170      0x378 c:/st/stm32cubeide_1.4.0/stm32cubeide/plugins/com.st.stm32cube.ide.mcu.externaltools.gnu-tools-for-stm32.7-2018-q2-update.win32_1.4.0.202007081208/tools/bin/../lib/gcc/arm-none-eabi/7.3.1/thumb/v7-m\libgcc.a(_arm_addsubdf3.o)
                0x0000000008000170                __aeabi_drsub
                0x0000000008000178                __aeabi_dsub
                0x0000000008000178                __subdf3
                0x000000000800017c                __aeabi_dadd
                0x000000000800017c                __adddf3
                0x00000000080003f4                __floatunsidf
                0x00000000080003f4                __aeabi_ui2d
                0x0000000008000414                __floatsidf
                0x0000000008000414                __aeabi_i2d
                0x0000000008000438                __aeabi_f2d
                0x0000000008000438                __extendsfdf2
                0x000000000800047c                __floatundidf
                0x000000000800047c                __aeabi_ul2d
                0x000000000800048c                __floatdidf
                0x000000000800048c                __aeabi_l2d
 .text          0x00000000080004e8      0x424 c:/st/stm32cubeide_1.4.0/stm32cubeide/plugins/com.st.stm32cube.ide.mcu.externaltools.gnu-tools-for-stm32.7-2018-q2-update.win32_1.4.0.202007081208/tools/bin/../lib/gcc/arm-none-eabi/7.3.1/thumb/v7-m\libgcc.a(_arm_muldivdf3.o)
                0x00000000080004e8                __aeabi_dmul
                0x00000000080004e8                __muldf3
                0x000000000800073c                __divdf3
                0x000000000800073c                __aeabi_ddiv
 .text          0x000000000800090c       0x40 c:/st/stm32cubeide_1.4.0/stm32cubeide/plugins/com.st.stm32cube.ide.mcu.externaltools.gnu-tools-for-stm32.7-2018-q2-update.win32_1.4.0.202007081208/tools/bin/../lib/gcc/arm-none-eabi/7.3.1/thumb/v7-m\libgcc.a(_arm_fixunsdfsi.o)
                0x000000000800090c                __aeabi_d2uiz
                0x000000000800090c                __fixunsdfsi
 .text          0x000000000800094c      0x2a0 c:/st/stm32cubeide_1.4.0/stm32cubeide/plugins/com.st.stm32cube.ide.mcu.externaltools.gnu-tools-for-stm32.7-2018-q2-update.win32_1.4.0.202007081208/tools/bin/../lib/gcc/arm-none-eabi/7.3.1/thumb/v7-m\libgcc.a(_arm_muldivsf3.o)
                0x000000000800094c                __mulsf3
                0x000000000800094c                __aeabi_fmul
                0x0000000008000ab4                __aeabi_fdiv
                0x0000000008000ab4                __divsf3
 .text          0x0000000008000bec       0x40 c:/st/stm32cubeide_1.4.0/stm32cubeide/plugins/com.st.stm32cube.ide.mcu.externaltools.gnu-tools-for-stm32.7-2018-q2-update.win32_1.4.0.202007081208/tools/bin/../lib/gcc/arm-none-eabi/7.3.1/thumb/v7-m\libgcc.a(_arm_fixunssfsi.o)
                0x0000000008000bec                __fixunssfsi
                0x0000000008000bec                __aeabi_f2uiz
 *(.text*)
 .text.MCAL_CAN_Get_TX_Mailboxes_Empty
                0x0000000008000c2c       0x44 Can_Module/Can.o
                0x0000000008000c2c                MCAL_CAN_Get_TX_Mailboxes_Empty
 .text.MCAL_CAN_Add_TX_Message
                0x0000000008000c70      0x15c Can_Module/Can.o
                0x0000000008000c70                MCAL_CAN_Add_TX_Message
 .text.Can_Init
                0x0000000008000dcc      0x208 Can_Module/Can.o
                0x0000000008000dcc                Can_Init
 .text.Can_SetControllerMode
                0x0000000008000fd4      0x168 Can_Module/Can.o
                0x0000000008000fd4                Can_SetControllerMode
 .text.Can_Write
                0x000000000800113c      0x1bc Can_Module/Can.o
                0x000000000800113c                Can_Write
 .text.Can_DisableControllerInterrupts
                0x00000000080012f8       0xd4 Can_Module/Can.o
                0x00000000080012f8                Can_DisableControllerInterrupts
 .text.Can_EnableControllerInterrupts
                0x00000000080013cc       0xd4 Can_Module/Can.o
                0x00000000080013cc                Can_EnableControllerInterrupts
 .text.USB_HP_CAN_TX_IRQHandler
                0x00000000080014a0       0x98 Can_Module/Can.o
                0x00000000080014a0                USB_HP_CAN_TX_IRQHandler
 .text.USB_LP_CAN_RX0_IRQHandler
                0x0000000008001538      0x170 Can_Module/Can.o
                0x0000000008001538                USB_LP_CAN_RX0_IRQHandler
 .text.CanIf_RxIndication
                0x00000000080016a8       0x74 Can_Module/CanIf.o
                0x00000000080016a8                CanIf_RxIndication
 .text.CanIf_TxConfirmation
                0x000000000800171c       0x14 Can_Module/CanIf.o
                0x000000000800171c                CanIf_TxConfirmation
 .text.CanIf_ControllerModeIndication
                0x0000000008001730       0x1a Can_Module/CanIf.o
                0x0000000008001730                CanIf_ControllerModeIndication
 *fill*         0x000000000800174a        0x2 
 .text.MCAL_CAN_Config_Filter
                0x000000000800174c      0x238 Can_Module/stm32_f103c6_CAN.o
                0x000000000800174c                MCAL_CAN_Config_Filter
 .text.Det_ReportError
                0x0000000008001984       0x20 Common/Det.o
                0x0000000008001984                Det_ReportError
 .text.Dio_WriteChannel
                0x00000000080019a4      0x1fc DIO_Module/Dio.o
                0x00000000080019a4                Dio_WriteChannel
 .text.__NVIC_SetPriority
                0x0000000008001ba0       0x54 OSEK_VDX/Cortex_Mx_Porting.o
 .text.SysTick_Config
                0x0000000008001bf4       0x44 OSEK_VDX/Cortex_Mx_Porting.o
 .text.HardFault_Handler
                0x0000000008001c38        0x6 OSEK_VDX/Cortex_Mx_Porting.o
                0x0000000008001c38                HardFault_Handler
 .text.MemManage_Handler
                0x0000000008001c3e        0x6 OSEK_VDX/Cortex_Mx_Porting.o
                0x0000000008001c3e                MemManage_Handler
 .text.UsageFault_Handler
                0x0000000008001c44        0x6 OSEK_VDX/Cortex_Mx_Porting.o
                0x0000000008001c44                UsageFault_Handler
 .text.HW_init  0x0000000008001c4a       0x12 OSEK_VDX/Cortex_Mx_Porting.o
                0x0000000008001c4a                HW_init
 .text.trigger_OS_PendSV
                0x0000000008001c5c       0x2c OSEK_VDX/Cortex_Mx_Porting.o
                0x0000000008001c5c                trigger_OS_PendSV
 .text.Start_Ticker
                0x0000000008001c88       0x10 OSEK_VDX/Cortex_Mx_Porting.o
                0x0000000008001c88                Start_Ticker
 .text.SysTick_Handler
                0x0000000008001c98       0x20 OSEK_VDX/Cortex_Mx_Porting.o
                0x0000000008001c98                SysTick_Handler
 .text.SetEvent
                0x0000000008001cb8       0xb8 OSEK_VDX/Event.o
                0x0000000008001cb8                SetEvent
 .text.ClearEvent
                0x0000000008001d70       0x98 OSEK_VDX/Event.o
                0x0000000008001d70                ClearEvent
 .text.WaitEvent
                0x0000000008001e08       0x90 OSEK_VDX/Event.o
                0x0000000008001e08                WaitEvent
 .text.FIFO_init
                0x0000000008001e98       0x44 OSEK_VDX/MY_RTOS_FIFO.o
                0x0000000008001e98                FIFO_init
 .text.FIFO_enqueue
                0x0000000008001edc       0x84 OSEK_VDX/MY_RTOS_FIFO.o
                0x0000000008001edc                FIFO_enqueue
 .text.FIFO_is_full
                0x0000000008001f60       0x4c OSEK_VDX/MY_RTOS_FIFO.o
                0x0000000008001f60                FIFO_is_full
 .text.MYRTOS_IdleTask
                0x0000000008001fac       0x38 OSEK_VDX/Scheduler.o
                0x0000000008001fac                MYRTOS_IdleTask
 .text.PendSV_Handler
                0x0000000008001fe4      0x270 OSEK_VDX/Scheduler.o
                0x0000000008001fe4                PendSV_Handler
 .text.MYRTOS_Create_MainStack
                0x0000000008002254       0x3c OSEK_VDX/Scheduler.o
                0x0000000008002254                MYRTOS_Create_MainStack
 .text.MYRTOS_Init
                0x0000000008002290       0x7c OSEK_VDX/Scheduler.o
                0x0000000008002290                MYRTOS_Init
 .text.MyRTOS_Create_TaskStack
                0x000000000800230c       0x7c OSEK_VDX/Scheduler.o
                0x000000000800230c                MyRTOS_Create_TaskStack
 .text.MYRTOS_CreateTask
                0x0000000008002388       0x88 OSEK_VDX/Scheduler.o
                0x0000000008002388                MYRTOS_CreateTask
 .text.MYRTOS_STARTOS
                0x0000000008002410       0x88 OSEK_VDX/Scheduler.o
                0x0000000008002410                MYRTOS_STARTOS
 .text.ActivateTask
                0x0000000008002498       0xc8 OSEK_VDX/Task.o
                0x0000000008002498                ActivateTask
 .text.Schedule
                0x0000000008002560       0xfc OSEK_VDX/Task.o
                0x0000000008002560                Schedule
 .text.get_position
                0x000000000800265c       0x6c PORT_Module/Port.o
                0x000000000800265c                get_position
 .text.Port_Init
                0x00000000080026c8      0x490 PORT_Module/Port.o
                0x00000000080026c8                Port_Init
 .text.Pwm_Init
                0x0000000008002b58      0x4fc PWM_Module/Pwm.o
                0x0000000008002b58                Pwm_Init
 .text.Pwm_SetDutyCycle
                0x0000000008003054       0xfc PWM_Module/Pwm.o
                0x0000000008003054                Pwm_SetDutyCycle
 .text.Task1_Entry
                0x0000000008003150       0x16 RTE/RTE_Task.o
                0x0000000008003150                Task1_Entry
 .text.Task3_Entry
                0x0000000008003166       0x16 RTE/RTE_Task.o
                0x0000000008003166                Task3_Entry
 .text.Task4_Entry
                0x000000000800317c       0x16 RTE/RTE_Task.o
                0x000000000800317c                Task4_Entry
 *fill*         0x0000000008003192        0x2 
 .text.Task2_Entry
                0x0000000008003194       0x30 RTE/RTE_Task.o
                0x0000000008003194                Task2_Entry
 .text.ECUM_Init
                0x00000000080031c4      0x174 RTE/RTE_Task.o
                0x00000000080031c4                ECUM_Init
 .text.Rte_IWrite_BSW_SWC_BSW_SWC_Runnable_PP_LED_Warning_LED_Warning
                0x0000000008003338       0x20 RTE/Rte_BSW_SWC.o
                0x0000000008003338                Rte_IWrite_BSW_SWC_BSW_SWC_Runnable_PP_LED_Warning_LED_Warning
 .text.Rte_IWrite_BSW_SWC_BSW_SWC_Runnable_PP_Motor_Speed_Motor_Speed
                0x0000000008003358       0x20 RTE/Rte_BSW_SWC.o
                0x0000000008003358                Rte_IWrite_BSW_SWC_BSW_SWC_Runnable_PP_Motor_Speed_Motor_Speed
 .text.Rte_IWrite_DNPW_SWC_DNPW_SWC_Runnable_PP_LED_Warning_LED_Warning
                0x0000000008003378       0x20 RTE/Rte_DNPW_SWC.o
                0x0000000008003378                Rte_IWrite_DNPW_SWC_DNPW_SWC_Runnable_PP_LED_Warning_LED_Warning
 .text.Rte_IWrite_DNPW_SWC_DNPW_SWC_Runnable_PP_Motor_Speed_Motor_Speed
                0x0000000008003398       0x20 RTE/Rte_DNPW_SWC.o
                0x0000000008003398                Rte_IWrite_DNPW_SWC_DNPW_SWC_Runnable_PP_Motor_Speed_Motor_Speed
 .text.Rte_IWrite_DNPW_SWC_DNPW_SWC_Runnable_PP_LCD_LCD_Warning
                0x00000000080033b8       0x20 RTE/Rte_DNPW_SWC.o
                0x00000000080033b8                Rte_IWrite_DNPW_SWC_DNPW_SWC_Runnable_PP_LCD_LCD_Warning
 .text.Rte_IWrite_EEBL_SWC_EEBL_SWC_Runnable_PP_LED_Warning_LED_Warning
                0x00000000080033d8       0x20 RTE/Rte_EEBL_SWC.o
                0x00000000080033d8                Rte_IWrite_EEBL_SWC_EEBL_SWC_Runnable_PP_LED_Warning_LED_Warning
 .text.Rte_IWrite_EEBL_SWC_EEBL_SWC_Runnable_PP_Motor_Speed_Motor_Speed
                0x00000000080033f8       0x20 RTE/Rte_EEBL_SWC.o
                0x00000000080033f8                Rte_IWrite_EEBL_SWC_EEBL_SWC_Runnable_PP_Motor_Speed_Motor_Speed
 .text.Rte_IWrite_EEBL_SWC_EEBL_SWC_Runnable_PP_LCD_LCD_Warning
                0x0000000008003418       0x20 RTE/Rte_EEBL_SWC.o
                0x0000000008003418                Rte_IWrite_EEBL_SWC_EEBL_SWC_Runnable_PP_LCD_LCD_Warning
 .text.Rte_IWrite_Empty_For_Test_Empty_For_Test_Runnable_PP_CAN_Frame_CAN_Frame
                0x0000000008003438       0x30 RTE/Rte_Empty_For_Test.o
                0x0000000008003438                Rte_IWrite_Empty_For_Test_Empty_For_Test_Runnable_PP_CAN_Frame_CAN_Frame
 .text.Rte_IWrite_FCW_SWC_FCW_SWC_Runnable_PP_LED_Warning_LED_Warning
                0x0000000008003468       0x20 RTE/Rte_FCW_SWC.o
                0x0000000008003468                Rte_IWrite_FCW_SWC_FCW_SWC_Runnable_PP_LED_Warning_LED_Warning
 .text.Rte_IWrite_FCW_SWC_FCW_SWC_Runnable_PP_Motor_Speed_Motor_Speed
                0x0000000008003488       0x20 RTE/Rte_FCW_SWC.o
                0x0000000008003488                Rte_IWrite_FCW_SWC_FCW_SWC_Runnable_PP_Motor_Speed_Motor_Speed
 .text.Rte_IWrite_FCW_SWC_FCW_SWC_Runnable_PP_LCD_LCD_Warning
                0x00000000080034a8       0x20 RTE/Rte_FCW_SWC.o
                0x00000000080034a8                Rte_IWrite_FCW_SWC_FCW_SWC_Runnable_PP_LCD_LCD_Warning
 .text.Rte_IWrite_IMA_SWC_IMA_SWC_Runnable_PP_LED_Warning_LED_Warning
                0x00000000080034c8       0x20 RTE/Rte_IMA_SWC.o
                0x00000000080034c8                Rte_IWrite_IMA_SWC_IMA_SWC_Runnable_PP_LED_Warning_LED_Warning
 .text.Rte_IWrite_IMA_SWC_IMA_SWC_Runnable_PP_Motor_Speed_Motor_Speed
                0x00000000080034e8       0x20 RTE/Rte_IMA_SWC.o
                0x00000000080034e8                Rte_IWrite_IMA_SWC_IMA_SWC_Runnable_PP_Motor_Speed_Motor_Speed
 .text.Rte_IWrite_IMA_SWC_IMA_SWC_Runnable_PP_LCD_LCD_Warning
                0x0000000008003508       0x20 RTE/Rte_IMA_SWC.o
                0x0000000008003508                Rte_IWrite_IMA_SWC_IMA_SWC_Runnable_PP_LCD_LCD_Warning
 .text.Rte_IRead_LED_SWC_LED_SWC_Runnable_RP_LED_Warning_LED_Warning
                0x0000000008003528       0x18 RTE/Rte_LED_SWC.o
                0x0000000008003528                Rte_IRead_LED_SWC_LED_SWC_Runnable_RP_LED_Warning_LED_Warning
 .text.Rte_IRead_Main_SWC_Main_SWC_Runnable_RP_CAN_Frame_CAN_Frame
                0x0000000008003540       0x14 RTE/Rte_Main_SWC.o
                0x0000000008003540                Rte_IRead_Main_SWC_Main_SWC_Runnable_RP_CAN_Frame_CAN_Frame
 .text.Rte_Call_Main_SWC_RP_Call_BSW_Call_Subsystem
                0x0000000008003554       0x40 RTE/Rte_Main_SWC.o
                0x0000000008003554                Rte_Call_Main_SWC_RP_Call_BSW_Call_Subsystem
 .text.Rte_Call_Main_SWC_RP_Call_EEBL_Call_Subsystem
                0x0000000008003594       0x40 RTE/Rte_Main_SWC.o
                0x0000000008003594                Rte_Call_Main_SWC_RP_Call_EEBL_Call_Subsystem
 .text.Rte_Call_Main_SWC_RP_Call_DNPW_Call_Subsystem
                0x00000000080035d4       0x40 RTE/Rte_Main_SWC.o
                0x00000000080035d4                Rte_Call_Main_SWC_RP_Call_DNPW_Call_Subsystem
 .text.Rte_Call_Main_SWC_RP_Call_FCW_Call_Subsystem
                0x0000000008003614       0x40 RTE/Rte_Main_SWC.o
                0x0000000008003614                Rte_Call_Main_SWC_RP_Call_FCW_Call_Subsystem
 .text.Rte_Call_Main_SWC_RP_Call_IMA_Call_Subsystem
                0x0000000008003654       0x40 RTE/Rte_Main_SWC.o
                0x0000000008003654                Rte_Call_Main_SWC_RP_Call_IMA_Call_Subsystem
 .text.Rte_IRead_Motor_SWC_Motor_SWC_Runnable_RP_Motor_Speed_Motor_Speed
                0x0000000008003694       0x18 RTE/Rte_Motor_SWC.o
                0x0000000008003694                Rte_IRead_Motor_SWC_Motor_SWC_Runnable_RP_Motor_Speed_Motor_Speed
 .text.BSW_SWC  0x00000000080036ac       0x6c SWCs/BSW_SWC.o
                0x00000000080036ac                BSW_SWC
 .text.DNPW_SWC
                0x0000000008003718       0x2e SWCs/DNPW_SWC.o
                0x0000000008003718                DNPW_SWC
 .text.EEBL_SWC
                0x0000000008003746       0x2e SWCs/EEBL_SWC.o
                0x0000000008003746                EEBL_SWC
 .text.FCW_SWC  0x0000000008003774       0x2e SWCs/FCW_SWC.o
                0x0000000008003774                FCW_SWC
 .text.IMA_SWC  0x00000000080037a2       0x2e SWCs/IMA_SWC.o
                0x00000000080037a2                IMA_SWC
 .text.LED_SWC  0x00000000080037d0       0x36 SWCs/LED_SWC.o
                0x00000000080037d0                LED_SWC
 *fill*         0x0000000008003806        0x2 
 .text.Main_SWC
                0x0000000008003808       0x7c SWCs/Main_SWC.o
                0x0000000008003808                Main_SWC
 .text.Motor_SWC
                0x0000000008003884       0x58 SWCs/Motor_SWC.o
                0x0000000008003884                Motor_SWC
 .text.main     0x00000000080038dc       0xac Src/main.o
                0x00000000080038dc                main
 .text.Reset_Handler
                0x0000000008003988       0x50 Startup/startup_stm32f103c8tx.o
                0x0000000008003988                Reset_Handler
 .text.Default_Handler
                0x00000000080039d8        0x2 Startup/startup_stm32f103c8tx.o
                0x00000000080039d8                EXTI2_IRQHandler
                0x00000000080039d8                TIM8_TRG_COM_IRQHandler
                0x00000000080039d8                TIM8_CC_IRQHandler
                0x00000000080039d8                DebugMon_Handler
                0x00000000080039d8                TIM1_CC_IRQHandler
                0x00000000080039d8                TIM6_IRQHandler
                0x00000000080039d8                PVD_IRQHandler
                0x00000000080039d8                SDIO_IRQHandler
                0x00000000080039d8                NMI_Handler
                0x00000000080039d8                EXTI3_IRQHandler
                0x00000000080039d8                EXTI0_IRQHandler
                0x00000000080039d8                I2C2_EV_IRQHandler
                0x00000000080039d8                ADC1_2_IRQHandler
                0x00000000080039d8                SPI1_IRQHandler
                0x00000000080039d8                CAN_SCE_IRQHandler
                0x00000000080039d8                TAMPER_IRQHandler
                0x00000000080039d8                TIM8_UP_IRQHandler
                0x00000000080039d8                DMA2_Channel2_IRQHandler
                0x00000000080039d8                DMA1_Channel4_IRQHandler
                0x00000000080039d8                USART3_IRQHandler
                0x00000000080039d8                RTC_IRQHandler
                0x00000000080039d8                DMA1_Channel7_IRQHandler
                0x00000000080039d8                UART5_IRQHandler
                0x00000000080039d8                ADC3_IRQHandler
                0x00000000080039d8                TIM4_IRQHandler
                0x00000000080039d8                CAN_RX1_IRQHandler
                0x00000000080039d8                DMA2_Channel1_IRQHandler
                0x00000000080039d8                I2C1_EV_IRQHandler
                0x00000000080039d8                DMA1_Channel6_IRQHandler
                0x00000000080039d8                UART4_IRQHandler
                0x00000000080039d8                TIM3_IRQHandler
                0x00000000080039d8                RCC_IRQHandler
                0x00000000080039d8                TIM1_TRG_COM_IRQHandler
                0x00000000080039d8                DMA1_Channel1_IRQHandler
                0x00000000080039d8                Default_Handler
                0x00000000080039d8                EXTI15_10_IRQHandler
                0x00000000080039d8                TIM7_IRQHandler
                0x00000000080039d8                TIM5_IRQHandler
                0x00000000080039d8                EXTI9_5_IRQHandler
                0x00000000080039d8                SPI2_IRQHandler
                0x00000000080039d8                SVC_Handler
                0x00000000080039d8                DMA1_Channel5_IRQHandler
                0x00000000080039d8                EXTI4_IRQHandler
                0x00000000080039d8                DMA1_Channel3_IRQHandler
                0x00000000080039d8                FSMC_IRQHandler
                0x00000000080039d8                TIM1_UP_IRQHandler
                0x00000000080039d8                WWDG_IRQHandler
                0x00000000080039d8                TIM2_IRQHandler
                0x00000000080039d8                TIM1_BRK_IRQHandler
                0x00000000080039d8                EXTI1_IRQHandler
                0x00000000080039d8                RTCAlarm_IRQHandler
                0x00000000080039d8                DMA2_Channel4_5_IRQHandler
                0x00000000080039d8                USART2_IRQHandler
                0x00000000080039d8                I2C2_ER_IRQHandler
                0x00000000080039d8                DMA1_Channel2_IRQHandler
                0x00000000080039d8                TIM8_BRK_IRQHandler
                0x00000000080039d8                FLASH_IRQHandler
                0x00000000080039d8                BusFault_Handler
                0x00000000080039d8                USART1_IRQHandler
                0x00000000080039d8                SPI3_IRQHandler
                0x00000000080039d8                I2C1_ER_IRQHandler
                0x00000000080039d8                DMA2_Channel3_IRQHandler
 *fill*         0x00000000080039da        0x2 
 .text.__libc_init_array
                0x00000000080039dc       0x48 c:/st/stm32cubeide_1.4.0/stm32cubeide/plugins/com.st.stm32cube.ide.mcu.externaltools.gnu-tools-for-stm32.7-2018-q2-update.win32_1.4.0.202007081208/tools/bin/../lib/gcc/arm-none-eabi/7.3.1/../../../../arm-none-eabi/lib/thumb/v7-m\libc_nano.a(lib_a-init.o)
                0x00000000080039dc                __libc_init_array
 .text.memcpy   0x0000000008003a24       0x16 c:/st/stm32cubeide_1.4.0/stm32cubeide/plugins/com.st.stm32cube.ide.mcu.externaltools.gnu-tools-for-stm32.7-2018-q2-update.win32_1.4.0.202007081208/tools/bin/../lib/gcc/arm-none-eabi/7.3.1/../../../../arm-none-eabi/lib/thumb/v7-m\libc_nano.a(lib_a-memcpy-stub.o)
                0x0000000008003a24                memcpy
 *(.glue_7)
 .glue_7        0x0000000008003a3a        0x0 linker stubs
 *(.glue_7t)
 .glue_7t       0x0000000008003a3a        0x0 linker stubs
 *(.eh_frame)
 *fill*         0x0000000008003a3a        0x2 
 .eh_frame      0x0000000008003a3c        0x0 c:/st/stm32cubeide_1.4.0/stm32cubeide/plugins/com.st.stm32cube.ide.mcu.externaltools.gnu-tools-for-stm32.7-2018-q2-update.win32_1.4.0.202007081208/tools/bin/../lib/gcc/arm-none-eabi/7.3.1/thumb/v7-m/crtbegin.o
 *(.init)
 .init          0x0000000008003a3c        0x4 c:/st/stm32cubeide_1.4.0/stm32cubeide/plugins/com.st.stm32cube.ide.mcu.externaltools.gnu-tools-for-stm32.7-2018-q2-update.win32_1.4.0.202007081208/tools/bin/../lib/gcc/arm-none-eabi/7.3.1/thumb/v7-m/crti.o
                0x0000000008003a3c                _init
 .init          0x0000000008003a40        0x8 c:/st/stm32cubeide_1.4.0/stm32cubeide/plugins/com.st.stm32cube.ide.mcu.externaltools.gnu-tools-for-stm32.7-2018-q2-update.win32_1.4.0.202007081208/tools/bin/../lib/gcc/arm-none-eabi/7.3.1/thumb/v7-m/crtn.o
 *(.fini)
 .fini          0x0000000008003a48        0x4 c:/st/stm32cubeide_1.4.0/stm32cubeide/plugins/com.st.stm32cube.ide.mcu.externaltools.gnu-tools-for-stm32.7-2018-q2-update.win32_1.4.0.202007081208/tools/bin/../lib/gcc/arm-none-eabi/7.3.1/thumb/v7-m/crti.o
                0x0000000008003a48                _fini
 .fini          0x0000000008003a4c        0x8 c:/st/stm32cubeide_1.4.0/stm32cubeide/plugins/com.st.stm32cube.ide.mcu.externaltools.gnu-tools-for-stm32.7-2018-q2-update.win32_1.4.0.202007081208/tools/bin/../lib/gcc/arm-none-eabi/7.3.1/thumb/v7-m/crtn.o
                0x0000000008003a54                . = ALIGN (0x4)
                0x0000000008003a54                _etext = .

.vfp11_veneer   0x0000000008003a54        0x0
 .vfp11_veneer  0x0000000008003a54        0x0 linker stubs

.v4_bx          0x0000000008003a54        0x0
 .v4_bx         0x0000000008003a54        0x0 linker stubs

.iplt           0x0000000008003a54        0x0
 .iplt          0x0000000008003a54        0x0 c:/st/stm32cubeide_1.4.0/stm32cubeide/plugins/com.st.stm32cube.ide.mcu.externaltools.gnu-tools-for-stm32.7-2018-q2-update.win32_1.4.0.202007081208/tools/bin/../lib/gcc/arm-none-eabi/7.3.1/thumb/v7-m/crtbegin.o

.rodata         0x0000000008003a54      0x1b8
                0x0000000008003a54                . = ALIGN (0x4)
 *(.rodata)
 .rodata        0x0000000008003a54        0x9 OSEK_VDX/Scheduler.o
 *fill*         0x0000000008003a5d        0x3 
 .rodata        0x0000000008003a60       0x1e RTE/RTE_Task.o
 *(.rodata*)
 *fill*         0x0000000008003a7e        0x2 
 .rodata.Port   0x0000000008003a80      0x140 PORT_Module/Port_PBcfg.o
                0x0000000008003a80                Port
 .rodata.Rte_Instance_BSW_SWC
                0x0000000008003bc0        0xc RTE/Rte_BSW_SWC.o
                0x0000000008003bc0                Rte_Instance_BSW_SWC
 .rodata.Rte_Instance_DNPW_SWC
                0x0000000008003bcc        0xc RTE/Rte_DNPW_SWC.o
                0x0000000008003bcc                Rte_Instance_DNPW_SWC
 .rodata.Rte_Instance_EEBL_SWC
                0x0000000008003bd8        0xc RTE/Rte_EEBL_SWC.o
                0x0000000008003bd8                Rte_Instance_EEBL_SWC
 .rodata.Rte_Instance_Empty_For_Test
                0x0000000008003be4        0x4 RTE/Rte_Empty_For_Test.o
                0x0000000008003be4                Rte_Instance_Empty_For_Test
 .rodata.Rte_Instance_FCW_SWC
                0x0000000008003be8        0xc RTE/Rte_FCW_SWC.o
                0x0000000008003be8                Rte_Instance_FCW_SWC
 .rodata.Rte_Instance_IMA_SWC
                0x0000000008003bf4        0xc RTE/Rte_IMA_SWC.o
                0x0000000008003bf4                Rte_Instance_IMA_SWC
 .rodata.Rte_Instance_LED_SWC
                0x0000000008003c00        0x4 RTE/Rte_LED_SWC.o
                0x0000000008003c00                Rte_Instance_LED_SWC
 .rodata.Rte_Instance_Main_SWC
                0x0000000008003c04        0x4 RTE/Rte_Main_SWC.o
                0x0000000008003c04                Rte_Instance_Main_SWC
 .rodata.Rte_Instance_Motor_SWC
                0x0000000008003c08        0x4 RTE/Rte_Motor_SWC.o
                0x0000000008003c08                Rte_Instance_Motor_SWC
                0x0000000008003c0c                . = ALIGN (0x4)

.rel.dyn        0x0000000008003c0c        0x0
 .rel.iplt      0x0000000008003c0c        0x0 c:/st/stm32cubeide_1.4.0/stm32cubeide/plugins/com.st.stm32cube.ide.mcu.externaltools.gnu-tools-for-stm32.7-2018-q2-update.win32_1.4.0.202007081208/tools/bin/../lib/gcc/arm-none-eabi/7.3.1/thumb/v7-m/crtbegin.o

.ARM.extab      0x0000000008003c0c        0x0
                0x0000000008003c0c                . = ALIGN (0x4)
 *(.ARM.extab* .gnu.linkonce.armextab.*)
                0x0000000008003c0c                . = ALIGN (0x4)

.ARM            0x0000000008003c0c        0x0
                0x0000000008003c0c                . = ALIGN (0x4)
                0x0000000008003c0c                __exidx_start = .
 *(.ARM.exidx*)
                0x0000000008003c0c                __exidx_end = .
                0x0000000008003c0c                . = ALIGN (0x4)

.preinit_array  0x0000000008003c0c        0x0
                0x0000000008003c0c                . = ALIGN (0x4)
                0x0000000008003c0c                PROVIDE (__preinit_array_start = .)
 *(.preinit_array*)
                0x0000000008003c0c                PROVIDE (__preinit_array_end = .)
                0x0000000008003c0c                . = ALIGN (0x4)

.init_array     0x0000000008003c0c        0x4
                0x0000000008003c0c                . = ALIGN (0x4)
                0x0000000008003c0c                PROVIDE (__init_array_start = .)
 *(SORT_BY_NAME(.init_array.*))
 *(.init_array*)
 .init_array    0x0000000008003c0c        0x4 c:/st/stm32cubeide_1.4.0/stm32cubeide/plugins/com.st.stm32cube.ide.mcu.externaltools.gnu-tools-for-stm32.7-2018-q2-update.win32_1.4.0.202007081208/tools/bin/../lib/gcc/arm-none-eabi/7.3.1/thumb/v7-m/crtbegin.o
                0x0000000008003c10                PROVIDE (__init_array_end = .)
                0x0000000008003c10                . = ALIGN (0x4)

.fini_array     0x0000000008003c10        0x4
                0x0000000008003c10                . = ALIGN (0x4)
                [!provide]                        PROVIDE (__fini_array_start = .)
 *(SORT_BY_NAME(.fini_array.*))
 *(.fini_array*)
 .fini_array    0x0000000008003c10        0x4 c:/st/stm32cubeide_1.4.0/stm32cubeide/plugins/com.st.stm32cube.ide.mcu.externaltools.gnu-tools-for-stm32.7-2018-q2-update.win32_1.4.0.202007081208/tools/bin/../lib/gcc/arm-none-eabi/7.3.1/thumb/v7-m/crtbegin.o
                [!provide]                        PROVIDE (__fini_array_end = .)
                0x0000000008003c14                . = ALIGN (0x4)
                0x0000000008003c14                _sidata = LOADADDR (.data)

.data           0x0000000020000000       0xd4 load address 0x0000000008003c14
                0x0000000020000000                . = ALIGN (0x4)
                0x0000000020000000                _sdata = .
 *(.data)
 *(.data*)
 .data.Can      0x0000000020000000       0x7c Can_Module/Can_PBcfg.o
                0x0000000020000000                Can
 .data.PWM_Config
                0x000000002000007c       0x50 PWM_Module/Pwm_PBcfg.o
                0x000000002000007c                PWM_Config
 .data.Data     0x00000000200000cc        0x8 Src/main.o
                0x00000000200000cc                Data
                0x00000000200000d4                . = ALIGN (0x4)
                0x00000000200000d4                _edata = .

.igot.plt       0x00000000200000d4        0x0 load address 0x0000000008003ce8
 .igot.plt      0x00000000200000d4        0x0 c:/st/stm32cubeide_1.4.0/stm32cubeide/plugins/com.st.stm32cube.ide.mcu.externaltools.gnu-tools-for-stm32.7-2018-q2-update.win32_1.4.0.202007081208/tools/bin/../lib/gcc/arm-none-eabi/7.3.1/thumb/v7-m/crtbegin.o
                0x00000000200000d4                . = ALIGN (0x4)

.bss            0x00000000200000d4      0x560 load address 0x0000000008003ce8
                0x00000000200000d4                _sbss = .
                0x00000000200000d4                __bss_start__ = _sbss
 *(.bss)
 .bss           0x00000000200000d4       0x1c c:/st/stm32cubeide_1.4.0/stm32cubeide/plugins/com.st.stm32cube.ide.mcu.externaltools.gnu-tools-for-stm32.7-2018-q2-update.win32_1.4.0.202007081208/tools/bin/../lib/gcc/arm-none-eabi/7.3.1/thumb/v7-m/crtbegin.o
 *(.bss*)
 .bss.CanDriverState
                0x00000000200000f0        0x1 Can_Module/Can.o
                0x00000000200000f0                CanDriverState
 .bss.Can_Controller_State
                0x00000000200000f1        0x1 Can_Module/Can.o
                0x00000000200000f1                Can_Controller_State
 .bss.Interrupt_Enable_Counter
                0x00000000200000f2        0x1 Can_Module/Can.o
                0x00000000200000f2                Interrupt_Enable_Counter
 .bss.Interrupt_Disable_Counter
                0x00000000200000f3        0x1 Can_Module/Can.o
                0x00000000200000f3                Interrupt_Disable_Counter
 .bss.Data_RX   0x00000000200000f4        0x8 Can_Module/CanIf.o
                0x00000000200000f4                Data_RX
 .bss.DLC_RX    0x00000000200000fc        0x1 Can_Module/CanIf.o
                0x00000000200000fc                DLC_RX
 *fill*         0x00000000200000fd        0x3 
 .bss.ID        0x0000000020000100        0x4 Can_Module/CanIf.o
                0x0000000020000100                ID
 .bss.HrH       0x0000000020000104        0x1 Can_Module/CanIf.o
                0x0000000020000104                HrH
 .bss.Port_Status
                0x0000000020000105        0x1 PORT_Module/Port.o
                0x0000000020000105                Port_Status
 *fill*         0x0000000020000106        0x2 
 .bss.Port_Config
                0x0000000020000108        0x4 PORT_Module/Port.o
                0x0000000020000108                Port_Config
 .bss.PWM_State
                0x000000002000010c        0x1 PWM_Module/Pwm.o
                0x000000002000010c                PWM_State
 .bss.Flag_Notifications
                0x000000002000010d        0x1 PWM_Module/Pwm.o
                0x000000002000010d                Flag_Notifications
 .bss.Main_SWC_RP_Call_BSW_Call_Subsystem_Buffer_retcode
                0x000000002000010e        0x1 RTE/Rte_Main_SWC.o
                0x000000002000010e                Main_SWC_RP_Call_BSW_Call_Subsystem_Buffer_retcode
 .bss.Main_SWC_RP_Call_EEBL_Call_Subsystem_Buffer_retcode
                0x000000002000010f        0x1 RTE/Rte_Main_SWC.o
                0x000000002000010f                Main_SWC_RP_Call_EEBL_Call_Subsystem_Buffer_retcode
 .bss.Main_SWC_RP_Call_DNPW_Call_Subsystem_Buffer_retcode
                0x0000000020000110        0x1 RTE/Rte_Main_SWC.o
                0x0000000020000110                Main_SWC_RP_Call_DNPW_Call_Subsystem_Buffer_retcode
 .bss.Main_SWC_RP_Call_FCW_Call_Subsystem_Buffer_retcode
                0x0000000020000111        0x1 RTE/Rte_Main_SWC.o
                0x0000000020000111                Main_SWC_RP_Call_FCW_Call_Subsystem_Buffer_retcode
 .bss.Main_SWC_RP_Call_IMA_Call_Subsystem_Buffer_retcode
                0x0000000020000112        0x1 RTE/Rte_Main_SWC.o
                0x0000000020000112                Main_SWC_RP_Call_IMA_Call_Subsystem_Buffer_retcode
 *fill*         0x0000000020000113        0x1 
 .bss.Rte_Call_Main_SWC_RP_Call_BSW_Call_Subsystem_Delegate
                0x0000000020000114        0x4 RTE/Rte_Main_SWC.o
                0x0000000020000114                Rte_Call_Main_SWC_RP_Call_BSW_Call_Subsystem_Delegate
 .bss.Rte_Call_Main_SWC_RP_Call_EEBL_Call_Subsystem_Delegate
                0x0000000020000118        0x4 RTE/Rte_Main_SWC.o
                0x0000000020000118                Rte_Call_Main_SWC_RP_Call_EEBL_Call_Subsystem_Delegate
 .bss.Rte_Call_Main_SWC_RP_Call_DNPW_Call_Subsystem_Delegate
                0x000000002000011c        0x4 RTE/Rte_Main_SWC.o
                0x000000002000011c                Rte_Call_Main_SWC_RP_Call_DNPW_Call_Subsystem_Delegate
 .bss.Rte_Call_Main_SWC_RP_Call_FCW_Call_Subsystem_Delegate
                0x0000000020000120        0x4 RTE/Rte_Main_SWC.o
                0x0000000020000120                Rte_Call_Main_SWC_RP_Call_FCW_Call_Subsystem_Delegate
 .bss.Rte_Call_Main_SWC_RP_Call_IMA_Call_Subsystem_Delegate
                0x0000000020000124        0x4 RTE/Rte_Main_SWC.o
                0x0000000020000124                Rte_Call_Main_SWC_RP_Call_IMA_Call_Subsystem_Delegate
 .bss.FRAME     0x0000000020000128        0x2 SWCs/BSW_SWC.o
                0x0000000020000128                FRAME
 *fill*         0x000000002000012a        0x2 
 .bss.Frame     0x000000002000012c        0x4 SWCs/Main_SWC.o
                0x000000002000012c                Frame
 .bss.Hth       0x0000000020000130        0x1 Src/main.o
                0x0000000020000130                Hth
 *(COMMON)
 *fill*         0x0000000020000131        0x3 
 COMMON         0x0000000020000134       0xd8 Can_Module/Can.o
                0x0000000020000134                Hardware_Object_Type
                0x0000000020000135                Controller_Index
                0x0000000020000138                Message_ObjectStatus
                0x0000000020000148                RX_Message
                0x0000000020000150                Message_Object
                0x0000000020000190                CAN_HW_Unit_settings
 COMMON         0x000000002000020c       0x10 Can_Module/CanIf.o
                0x000000002000020c                RX_Mailbox
                0x0000000020000214                RX_PduInfoPtr
 COMMON         0x000000002000021c        0x1 OSEK_VDX/Cortex_Mx_Porting.o
                0x000000002000021c                SysTickLED
 *fill*         0x000000002000021d        0x3 
 COMMON         0x0000000020000220      0x1f5 OSEK_VDX/Scheduler.o
                0x0000000020000220                OS_Control
                0x00000000200003cc                MYRTOS_idleTask
                0x0000000020000414                IdleTaskLED
 *fill*         0x0000000020000415        0x3 
 COMMON         0x0000000020000418       0x3c OSEK_VDX/Task.o
                0x0000000020000418                Ready_QUEUE
                0x000000002000042c                Ready_QUEUE_FIFO
 COMMON         0x0000000020000454       0x50 PWM_Module/Pwm.o
                0x0000000020000454                Pwm_Config
 COMMON         0x00000000200004a4      0x168 RTE/RTE_Task.o
                0x00000000200004a4                CAT2_CAN_Task
                0x00000000200004ec                Task4
                0x0000000020000534                Task1
                0x000000002000057c                Task3
                0x00000000200005c4                Task2
 COMMON         0x000000002000060c        0x8 RTE/Rte_Empty_For_Test.o
                0x000000002000060c                Empty_For_Test_Runnable_PP_CAN_Frame_CAN_Frame
 COMMON         0x0000000020000614        0x1 RTE/Rte_LCD_SWC.o
                0x0000000020000614                LCD_SWC_Runnable_RP_LCD_Warning_LCD_Warning
 *fill*         0x0000000020000615        0x3 
 COMMON         0x0000000020000618        0x1 RTE/Rte_LED_SWC.o
                0x0000000020000618                LED_SWC_Runnable_RP_LED_Warning_LED_Warning
 *fill*         0x0000000020000619        0x3 
 COMMON         0x000000002000061c        0x8 RTE/Rte_Main_SWC.o
                0x000000002000061c                Main_SWC_Runnable_RP_CAN_Frame_CAN_Frame
 COMMON         0x0000000020000624        0x1 RTE/Rte_Motor_SWC.o
                0x0000000020000624                Motor_SWC_Runnable_RP_Motor_Speed_Motor_Speed
 *fill*         0x0000000020000625        0x3 
 COMMON         0x0000000020000628        0xc Src/main.o
                0x0000000020000628                PduInfo
                0x0000000020000634                . = ALIGN (0x4)
                0x0000000020000634                _ebss = .
                0x0000000020000634                __bss_end__ = _ebss

._user_heap_stack
                0x0000000020000634      0x604 load address 0x0000000008003ce8
                0x0000000020000638                . = ALIGN (0x8)
 *fill*         0x0000000020000634        0x4 
                [!provide]                        PROVIDE (end = .)
                0x0000000020000638                PROVIDE (_end = .)
                0x0000000020000838                . = (. + _Min_Heap_Size)
 *fill*         0x0000000020000638      0x200 
                0x0000000020000c38                . = (. + _Min_Stack_Size)
 *fill*         0x0000000020000838      0x400 
                0x0000000020000c38                . = ALIGN (0x8)
                0x0000000020000c38                _eheap = .

/DISCARD/
 libc.a(*)
 libm.a(*)
 libgcc.a(*)

.ARM.attributes
                0x0000000000000000       0x29
 *(.ARM.attributes)
 .ARM.attributes
                0x0000000000000000       0x1d c:/st/stm32cubeide_1.4.0/stm32cubeide/plugins/com.st.stm32cube.ide.mcu.externaltools.gnu-tools-for-stm32.7-2018-q2-update.win32_1.4.0.202007081208/tools/bin/../lib/gcc/arm-none-eabi/7.3.1/thumb/v7-m/crti.o
 .ARM.attributes
                0x000000000000001d       0x2d c:/st/stm32cubeide_1.4.0/stm32cubeide/plugins/com.st.stm32cube.ide.mcu.externaltools.gnu-tools-for-stm32.7-2018-q2-update.win32_1.4.0.202007081208/tools/bin/../lib/gcc/arm-none-eabi/7.3.1/thumb/v7-m/crtbegin.o
 .ARM.attributes
                0x000000000000004a       0x33 Can_Module/Can.o
 .ARM.attributes
                0x000000000000007d       0x33 Can_Module/CanIf.o
 .ARM.attributes
                0x00000000000000b0       0x33 Can_Module/Can_PBcfg.o
 .ARM.attributes
                0x00000000000000e3       0x33 Can_Module/stm32_f103c6_CAN.o
 .ARM.attributes
                0x0000000000000116       0x33 Common/Det.o
 .ARM.attributes
                0x0000000000000149       0x33 DIO_Module/Dio.o
 .ARM.attributes
                0x000000000000017c       0x33 OSEK_VDX/Cortex_Mx_Porting.o
 .ARM.attributes
                0x00000000000001af       0x33 OSEK_VDX/Event.o
 .ARM.attributes
                0x00000000000001e2       0x33 OSEK_VDX/MY_RTOS_FIFO.o
 .ARM.attributes
                0x0000000000000215       0x33 OSEK_VDX/Scheduler.o
 .ARM.attributes
                0x0000000000000248       0x33 OSEK_VDX/Task.o
 .ARM.attributes
                0x000000000000027b       0x33 PORT_Module/Port.o
 .ARM.attributes
                0x00000000000002ae       0x33 PORT_Module/Port_PBcfg.o
 .ARM.attributes
                0x00000000000002e1       0x33 PWM_Module/Pwm.o
 .ARM.attributes
                0x0000000000000314       0x33 PWM_Module/Pwm_PBcfg.o
 .ARM.attributes
                0x0000000000000347       0x33 RTE/RTE_Task.o
 .ARM.attributes
                0x000000000000037a       0x33 RTE/Rte_BSW_SWC.o
 .ARM.attributes
                0x00000000000003ad       0x33 RTE/Rte_DNPW_SWC.o
 .ARM.attributes
                0x00000000000003e0       0x33 RTE/Rte_EEBL_SWC.o
 .ARM.attributes
                0x0000000000000413       0x33 RTE/Rte_Empty_For_Test.o
 .ARM.attributes
                0x0000000000000446       0x33 RTE/Rte_FCW_SWC.o
 .ARM.attributes
                0x0000000000000479       0x33 RTE/Rte_IMA_SWC.o
 .ARM.attributes
                0x00000000000004ac       0x33 RTE/Rte_LCD_SWC.o
 .ARM.attributes
                0x00000000000004df       0x33 RTE/Rte_LED_SWC.o
 .ARM.attributes
                0x0000000000000512       0x33 RTE/Rte_Main_SWC.o
 .ARM.attributes
                0x0000000000000545       0x33 RTE/Rte_Motor_SWC.o
 .ARM.attributes
                0x0000000000000578       0x33 SWCs/BSW_SWC.o
 .ARM.attributes
                0x00000000000005ab       0x33 SWCs/DNPW_SWC.o
 .ARM.attributes
                0x00000000000005de       0x33 SWCs/EEBL_SWC.o
 .ARM.attributes
                0x0000000000000611       0x33 SWCs/FCW_SWC.o
 .ARM.attributes
                0x0000000000000644       0x33 SWCs/IMA_SWC.o
 .ARM.attributes
                0x0000000000000677       0x33 SWCs/LED_SWC.o
 .ARM.attributes
                0x00000000000006aa       0x33 SWCs/Main_SWC.o
 .ARM.attributes
                0x00000000000006dd       0x33 SWCs/Motor_SWC.o
 .ARM.attributes
                0x0000000000000710       0x33 Src/main.o
 .ARM.attributes
                0x0000000000000743       0x21 Startup/startup_stm32f103c8tx.o
 .ARM.attributes
                0x0000000000000764       0x2d c:/st/stm32cubeide_1.4.0/stm32cubeide/plugins/com.st.stm32cube.ide.mcu.externaltools.gnu-tools-for-stm32.7-2018-q2-update.win32_1.4.0.202007081208/tools/bin/../lib/gcc/arm-none-eabi/7.3.1/../../../../arm-none-eabi/lib/thumb/v7-m\libc_nano.a(lib_a-init.o)
 .ARM.attributes
                0x0000000000000791       0x2d c:/st/stm32cubeide_1.4.0/stm32cubeide/plugins/com.st.stm32cube.ide.mcu.externaltools.gnu-tools-for-stm32.7-2018-q2-update.win32_1.4.0.202007081208/tools/bin/../lib/gcc/arm-none-eabi/7.3.1/../../../../arm-none-eabi/lib/thumb/v7-m\libc_nano.a(lib_a-memcpy-stub.o)
 .ARM.attributes
                0x00000000000007be       0x1d c:/st/stm32cubeide_1.4.0/stm32cubeide/plugins/com.st.stm32cube.ide.mcu.externaltools.gnu-tools-for-stm32.7-2018-q2-update.win32_1.4.0.202007081208/tools/bin/../lib/gcc/arm-none-eabi/7.3.1/thumb/v7-m\libgcc.a(_arm_addsubdf3.o)
 .ARM.attributes
                0x00000000000007db       0x1d c:/st/stm32cubeide_1.4.0/stm32cubeide/plugins/com.st.stm32cube.ide.mcu.externaltools.gnu-tools-for-stm32.7-2018-q2-update.win32_1.4.0.202007081208/tools/bin/../lib/gcc/arm-none-eabi/7.3.1/thumb/v7-m\libgcc.a(_arm_muldivdf3.o)
 .ARM.attributes
                0x00000000000007f8       0x1d c:/st/stm32cubeide_1.4.0/stm32cubeide/plugins/com.st.stm32cube.ide.mcu.externaltools.gnu-tools-for-stm32.7-2018-q2-update.win32_1.4.0.202007081208/tools/bin/../lib/gcc/arm-none-eabi/7.3.1/thumb/v7-m\libgcc.a(_arm_fixunsdfsi.o)
 .ARM.attributes
                0x0000000000000815       0x1d c:/st/stm32cubeide_1.4.0/stm32cubeide/plugins/com.st.stm32cube.ide.mcu.externaltools.gnu-tools-for-stm32.7-2018-q2-update.win32_1.4.0.202007081208/tools/bin/../lib/gcc/arm-none-eabi/7.3.1/thumb/v7-m\libgcc.a(_arm_muldivsf3.o)
 .ARM.attributes
                0x0000000000000832       0x1d c:/st/stm32cubeide_1.4.0/stm32cubeide/plugins/com.st.stm32cube.ide.mcu.externaltools.gnu-tools-for-stm32.7-2018-q2-update.win32_1.4.0.202007081208/tools/bin/../lib/gcc/arm-none-eabi/7.3.1/thumb/v7-m\libgcc.a(_arm_fixunssfsi.o)
 .ARM.attributes
                0x000000000000084f       0x1d c:/st/stm32cubeide_1.4.0/stm32cubeide/plugins/com.st.stm32cube.ide.mcu.externaltools.gnu-tools-for-stm32.7-2018-q2-update.win32_1.4.0.202007081208/tools/bin/../lib/gcc/arm-none-eabi/7.3.1/thumb/v7-m/crtn.o
OUTPUT(Graduation_Project_V0.axf elf32-littlearm)

.debug_info     0x0000000000000000     0xfb96
 .debug_info    0x0000000000000000      0xc06 Can_Module/Can.o
 .debug_info    0x0000000000000c06      0x556 Can_Module/CanIf.o
 .debug_info    0x000000000000115c      0x3a1 Can_Module/Can_PBcfg.o
 .debug_info    0x00000000000014fd      0x151 Can_Module/stm32_f103c6_CAN.o
 .debug_info    0x000000000000164e      0x3f5 Common/Det.o
 .debug_info    0x0000000000001a43      0x2f9 DIO_Module/Dio.o
 .debug_info    0x0000000000001d3c      0x58e OSEK_VDX/Cortex_Mx_Porting.o
 .debug_info    0x00000000000022ca      0xe39 OSEK_VDX/Event.o
 .debug_info    0x0000000000003103      0xc72 OSEK_VDX/MY_RTOS_FIFO.o
 .debug_info    0x0000000000003d75      0xe64 OSEK_VDX/Scheduler.o
 .debug_info    0x0000000000004bd9      0xe9e OSEK_VDX/Task.o
 .debug_info    0x0000000000005a77      0x4f2 PORT_Module/Port.o
 .debug_info    0x0000000000005f69      0x1c0 PORT_Module/Port_PBcfg.o
 .debug_info    0x0000000000006129      0x5ff PWM_Module/Pwm.o
 .debug_info    0x0000000000006728      0x1ed PWM_Module/Pwm_PBcfg.o
 .debug_info    0x0000000000006915     0x100c RTE/RTE_Task.o
 .debug_info    0x0000000000007921      0xa0b RTE/Rte_BSW_SWC.o
 .debug_info    0x000000000000832c      0xa0b RTE/Rte_DNPW_SWC.o
 .debug_info    0x0000000000008d37      0xa0b RTE/Rte_EEBL_SWC.o
 .debug_info    0x0000000000009742      0xbcc RTE/Rte_Empty_For_Test.o
 .debug_info    0x000000000000a30e      0xa0b RTE/Rte_FCW_SWC.o
 .debug_info    0x000000000000ad19      0xa0b RTE/Rte_IMA_SWC.o
 .debug_info    0x000000000000b724      0x94b RTE/Rte_LCD_SWC.o
 .debug_info    0x000000000000c06f      0x94b RTE/Rte_LED_SWC.o
 .debug_info    0x000000000000c9ba      0xbcc RTE/Rte_Main_SWC.o
 .debug_info    0x000000000000d586      0x94b RTE/Rte_Motor_SWC.o
 .debug_info    0x000000000000ded1      0x194 SWCs/BSW_SWC.o
 .debug_info    0x000000000000e065      0x180 SWCs/DNPW_SWC.o
 .debug_info    0x000000000000e1e5      0x180 SWCs/EEBL_SWC.o
 .debug_info    0x000000000000e365      0x180 SWCs/FCW_SWC.o
 .debug_info    0x000000000000e4e5      0x180 SWCs/IMA_SWC.o
 .debug_info    0x000000000000e665      0x128 SWCs/LED_SWC.o
 .debug_info    0x000000000000e78d      0x965 SWCs/Main_SWC.o
 .debug_info    0x000000000000f0f2      0x260 SWCs/Motor_SWC.o
 .debug_info    0x000000000000f352      0x822 Src/main.o
 .debug_info    0x000000000000fb74       0x22 Startup/startup_stm32f103c8tx.o

.debug_abbrev   0x0000000000000000     0x32c9
 .debug_abbrev  0x0000000000000000      0x234 Can_Module/Can.o
 .debug_abbrev  0x0000000000000234      0x170 Can_Module/CanIf.o
 .debug_abbrev  0x00000000000003a4       0xe3 Can_Module/Can_PBcfg.o
 .debug_abbrev  0x0000000000000487       0x93 Can_Module/stm32_f103c6_CAN.o
 .debug_abbrev  0x000000000000051a      0x103 Common/Det.o
 .debug_abbrev  0x000000000000061d      0x149 DIO_Module/Dio.o
 .debug_abbrev  0x0000000000000766      0x1b2 OSEK_VDX/Cortex_Mx_Porting.o
 .debug_abbrev  0x0000000000000918      0x20c OSEK_VDX/Event.o
 .debug_abbrev  0x0000000000000b24      0x1c2 OSEK_VDX/MY_RTOS_FIFO.o
 .debug_abbrev  0x0000000000000ce6      0x281 OSEK_VDX/Scheduler.o
 .debug_abbrev  0x0000000000000f67      0x234 OSEK_VDX/Task.o
 .debug_abbrev  0x000000000000119b      0x1cb PORT_Module/Port.o
 .debug_abbrev  0x0000000000001366       0xa5 PORT_Module/Port_PBcfg.o
 .debug_abbrev  0x000000000000140b      0x1bd PWM_Module/Pwm.o
 .debug_abbrev  0x00000000000015c8       0xcc PWM_Module/Pwm_PBcfg.o
 .debug_abbrev  0x0000000000001694      0x225 RTE/RTE_Task.o
 .debug_abbrev  0x00000000000018b9      0x1d5 RTE/Rte_BSW_SWC.o
 .debug_abbrev  0x0000000000001a8e      0x1d5 RTE/Rte_DNPW_SWC.o
 .debug_abbrev  0x0000000000001c63      0x1d5 RTE/Rte_EEBL_SWC.o
 .debug_abbrev  0x0000000000001e38      0x1d7 RTE/Rte_Empty_For_Test.o
 .debug_abbrev  0x000000000000200f      0x1d5 RTE/Rte_FCW_SWC.o
 .debug_abbrev  0x00000000000021e4      0x1d5 RTE/Rte_IMA_SWC.o
 .debug_abbrev  0x00000000000023b9      0x194 RTE/Rte_LCD_SWC.o
 .debug_abbrev  0x000000000000254d      0x194 RTE/Rte_LED_SWC.o
 .debug_abbrev  0x00000000000026e1      0x1e4 RTE/Rte_Main_SWC.o
 .debug_abbrev  0x00000000000028c5      0x194 RTE/Rte_Motor_SWC.o
 .debug_abbrev  0x0000000000002a59       0xfb SWCs/BSW_SWC.o
 .debug_abbrev  0x0000000000002b54       0xb5 SWCs/DNPW_SWC.o
 .debug_abbrev  0x0000000000002c09       0xb5 SWCs/EEBL_SWC.o
 .debug_abbrev  0x0000000000002cbe       0xb5 SWCs/FCW_SWC.o
 .debug_abbrev  0x0000000000002d73       0xb5 SWCs/IMA_SWC.o
 .debug_abbrev  0x0000000000002e28       0xa2 SWCs/LED_SWC.o
 .debug_abbrev  0x0000000000002eca      0x185 SWCs/Main_SWC.o
 .debug_abbrev  0x000000000000304f       0xd5 SWCs/Motor_SWC.o
 .debug_abbrev  0x0000000000003124      0x193 Src/main.o
 .debug_abbrev  0x00000000000032b7       0x12 Startup/startup_stm32f103c8tx.o

.debug_aranges  0x0000000000000000      0x788
 .debug_aranges
                0x0000000000000000       0xa0 Can_Module/Can.o
 .debug_aranges
                0x00000000000000a0       0x30 Can_Module/CanIf.o
 .debug_aranges
                0x00000000000000d0       0x18 Can_Module/Can_PBcfg.o
 .debug_aranges
                0x00000000000000e8       0x20 Can_Module/stm32_f103c6_CAN.o
 .debug_aranges
                0x0000000000000108       0x20 Common/Det.o
 .debug_aranges
                0x0000000000000128       0x40 DIO_Module/Dio.o
 .debug_aranges
                0x0000000000000168       0x68 OSEK_VDX/Cortex_Mx_Porting.o
 .debug_aranges
                0x00000000000001d0       0x38 OSEK_VDX/Event.o
 .debug_aranges
                0x0000000000000208       0x38 OSEK_VDX/MY_RTOS_FIFO.o
 .debug_aranges
                0x0000000000000240       0x50 OSEK_VDX/Scheduler.o
 .debug_aranges
                0x0000000000000290       0x40 OSEK_VDX/Task.o
 .debug_aranges
                0x00000000000002d0       0x50 PORT_Module/Port.o
 .debug_aranges
                0x0000000000000320       0x18 PORT_Module/Port_PBcfg.o
 .debug_aranges
                0x0000000000000338       0x68 PWM_Module/Pwm.o
 .debug_aranges
                0x00000000000003a0       0x20 PWM_Module/Pwm_PBcfg.o
 .debug_aranges
                0x00000000000003c0       0x40 RTE/RTE_Task.o
 .debug_aranges
                0x0000000000000400       0x48 RTE/Rte_BSW_SWC.o
 .debug_aranges
                0x0000000000000448       0x48 RTE/Rte_DNPW_SWC.o
 .debug_aranges
                0x0000000000000490       0x48 RTE/Rte_EEBL_SWC.o
 .debug_aranges
                0x00000000000004d8       0x28 RTE/Rte_Empty_For_Test.o
 .debug_aranges
                0x0000000000000500       0x48 RTE/Rte_FCW_SWC.o
 .debug_aranges
                0x0000000000000548       0x48 RTE/Rte_IMA_SWC.o
 .debug_aranges
                0x0000000000000590       0x20 RTE/Rte_LCD_SWC.o
 .debug_aranges
                0x00000000000005b0       0x20 RTE/Rte_LED_SWC.o
 .debug_aranges
                0x00000000000005d0       0x48 RTE/Rte_Main_SWC.o
 .debug_aranges
                0x0000000000000618       0x20 RTE/Rte_Motor_SWC.o
 .debug_aranges
                0x0000000000000638       0x20 SWCs/BSW_SWC.o
 .debug_aranges
                0x0000000000000658       0x20 SWCs/DNPW_SWC.o
 .debug_aranges
                0x0000000000000678       0x20 SWCs/EEBL_SWC.o
 .debug_aranges
                0x0000000000000698       0x20 SWCs/FCW_SWC.o
 .debug_aranges
                0x00000000000006b8       0x20 SWCs/IMA_SWC.o
 .debug_aranges
                0x00000000000006d8       0x20 SWCs/LED_SWC.o
 .debug_aranges
                0x00000000000006f8       0x20 SWCs/Main_SWC.o
 .debug_aranges
                0x0000000000000718       0x20 SWCs/Motor_SWC.o
 .debug_aranges
                0x0000000000000738       0x28 Src/main.o
 .debug_aranges
                0x0000000000000760       0x28 Startup/startup_stm32f103c8tx.o

.debug_ranges   0x0000000000000000      0x540
 .debug_ranges  0x0000000000000000       0x90 Can_Module/Can.o
 .debug_ranges  0x0000000000000090       0x20 Can_Module/CanIf.o
 .debug_ranges  0x00000000000000b0       0x10 Can_Module/stm32_f103c6_CAN.o
 .debug_ranges  0x00000000000000c0       0x10 Common/Det.o
 .debug_ranges  0x00000000000000d0       0x30 DIO_Module/Dio.o
 .debug_ranges  0x0000000000000100       0x58 OSEK_VDX/Cortex_Mx_Porting.o
 .debug_ranges  0x0000000000000158       0x28 OSEK_VDX/Event.o
 .debug_ranges  0x0000000000000180       0x28 OSEK_VDX/MY_RTOS_FIFO.o
 .debug_ranges  0x00000000000001a8       0x40 OSEK_VDX/Scheduler.o
 .debug_ranges  0x00000000000001e8       0x30 OSEK_VDX/Task.o
 .debug_ranges  0x0000000000000218       0x40 PORT_Module/Port.o
 .debug_ranges  0x0000000000000258       0x58 PWM_Module/Pwm.o
 .debug_ranges  0x00000000000002b0       0x10 PWM_Module/Pwm_PBcfg.o
 .debug_ranges  0x00000000000002c0       0x30 RTE/RTE_Task.o
 .debug_ranges  0x00000000000002f0       0x38 RTE/Rte_BSW_SWC.o
 .debug_ranges  0x0000000000000328       0x38 RTE/Rte_DNPW_SWC.o
 .debug_ranges  0x0000000000000360       0x38 RTE/Rte_EEBL_SWC.o
 .debug_ranges  0x0000000000000398       0x18 RTE/Rte_Empty_For_Test.o
 .debug_ranges  0x00000000000003b0       0x38 RTE/Rte_FCW_SWC.o
 .debug_ranges  0x00000000000003e8       0x38 RTE/Rte_IMA_SWC.o
 .debug_ranges  0x0000000000000420       0x10 RTE/Rte_LCD_SWC.o
 .debug_ranges  0x0000000000000430       0x10 RTE/Rte_LED_SWC.o
 .debug_ranges  0x0000000000000440       0x38 RTE/Rte_Main_SWC.o
 .debug_ranges  0x0000000000000478       0x10 RTE/Rte_Motor_SWC.o
 .debug_ranges  0x0000000000000488       0x10 SWCs/BSW_SWC.o
 .debug_ranges  0x0000000000000498       0x10 SWCs/DNPW_SWC.o
 .debug_ranges  0x00000000000004a8       0x10 SWCs/EEBL_SWC.o
 .debug_ranges  0x00000000000004b8       0x10 SWCs/FCW_SWC.o
 .debug_ranges  0x00000000000004c8       0x10 SWCs/IMA_SWC.o
 .debug_ranges  0x00000000000004d8       0x10 SWCs/LED_SWC.o
 .debug_ranges  0x00000000000004e8       0x10 SWCs/Main_SWC.o
 .debug_ranges  0x00000000000004f8       0x10 SWCs/Motor_SWC.o
 .debug_ranges  0x0000000000000508       0x18 Src/main.o
 .debug_ranges  0x0000000000000520       0x20 Startup/startup_stm32f103c8tx.o

.debug_macro    0x0000000000000000     0x6624
 .debug_macro   0x0000000000000000       0x9c Can_Module/Can.o
 .debug_macro   0x000000000000009c      0xa60 Can_Module/Can.o
 .debug_macro   0x0000000000000afc       0x3a Can_Module/Can.o
 .debug_macro   0x0000000000000b36       0x34 Can_Module/Can.o
 .debug_macro   0x0000000000000b6a       0x34 Can_Module/Can.o
 .debug_macro   0x0000000000000b9e       0x90 Can_Module/Can.o
 .debug_macro   0x0000000000000c2e       0x40 Can_Module/Can.o
 .debug_macro   0x0000000000000c6e       0x3a Can_Module/Can.o
 .debug_macro   0x0000000000000ca8       0x28 Can_Module/Can.o
 .debug_macro   0x0000000000000cd0       0x34 Can_Module/Can.o
 .debug_macro   0x0000000000000d04       0x76 Can_Module/Can.o
 .debug_macro   0x0000000000000d7a       0x83 Can_Module/Can.o
 .debug_macro   0x0000000000000dfd      0x2f9 Can_Module/Can.o
 .debug_macro   0x00000000000010f6       0x6d Can_Module/CanIf.o
 .debug_macro   0x0000000000001163       0x93 Can_Module/Can_PBcfg.o
 .debug_macro   0x00000000000011f6       0x46 Can_Module/stm32_f103c6_CAN.o
 .debug_macro   0x000000000000123c      0x2f3 Can_Module/stm32_f103c6_CAN.o
 .debug_macro   0x000000000000152f       0x7c Can_Module/stm32_f103c6_CAN.o
 .debug_macro   0x00000000000015ab       0x8d Common/Det.o
 .debug_macro   0x0000000000001638       0x55 DIO_Module/Dio.o
 .debug_macro   0x000000000000168d       0x3a DIO_Module/Dio.o
 .debug_macro   0x00000000000016c7      0x118 DIO_Module/Dio.o
 .debug_macro   0x00000000000017df       0x52 DIO_Module/Dio.o
 .debug_macro   0x0000000000001831       0xbd OSEK_VDX/Cortex_Mx_Porting.o
 .debug_macro   0x00000000000018ee       0x28 OSEK_VDX/Cortex_Mx_Porting.o
 .debug_macro   0x0000000000001916       0x22 OSEK_VDX/Cortex_Mx_Porting.o
 .debug_macro   0x0000000000001938       0x8e OSEK_VDX/Cortex_Mx_Porting.o
 .debug_macro   0x00000000000019c6       0x51 OSEK_VDX/Cortex_Mx_Porting.o
 .debug_macro   0x0000000000001a17       0xef OSEK_VDX/Cortex_Mx_Porting.o
 .debug_macro   0x0000000000001b06       0x6a OSEK_VDX/Cortex_Mx_Porting.o
 .debug_macro   0x0000000000001b70      0x1df OSEK_VDX/Cortex_Mx_Porting.o
 .debug_macro   0x0000000000001d4f       0x1c OSEK_VDX/Cortex_Mx_Porting.o
 .debug_macro   0x0000000000001d6b       0x22 OSEK_VDX/Cortex_Mx_Porting.o
 .debug_macro   0x0000000000001d8d       0xe5 OSEK_VDX/Cortex_Mx_Porting.o
 .debug_macro   0x0000000000001e72      0xe3c OSEK_VDX/Cortex_Mx_Porting.o
 .debug_macro   0x0000000000002cae       0x34 OSEK_VDX/Cortex_Mx_Porting.o
 .debug_macro   0x0000000000002ce2      0x28b OSEK_VDX/Event.o
 .debug_macro   0x0000000000002f6d       0x18 OSEK_VDX/Event.o
 .debug_macro   0x0000000000002f85       0x46 OSEK_VDX/Event.o
 .debug_macro   0x0000000000002fcb       0x3c OSEK_VDX/Event.o
 .debug_macro   0x0000000000003007       0x34 OSEK_VDX/Event.o
 .debug_macro   0x000000000000303b       0x16 OSEK_VDX/Event.o
 .debug_macro   0x0000000000003051      0x10e OSEK_VDX/Event.o
 .debug_macro   0x000000000000315f       0x8d OSEK_VDX/Event.o
 .debug_macro   0x00000000000031ec       0x52 OSEK_VDX/Event.o
 .debug_macro   0x000000000000323e       0x1f OSEK_VDX/Event.o
 .debug_macro   0x000000000000325d       0x43 OSEK_VDX/Event.o
 .debug_macro   0x00000000000032a0       0x20 OSEK_VDX/Event.o
 .debug_macro   0x00000000000032c0      0x1a3 OSEK_VDX/Event.o
 .debug_macro   0x0000000000003463      0x330 OSEK_VDX/Event.o
 .debug_macro   0x0000000000003793       0x16 OSEK_VDX/Event.o
 .debug_macro   0x00000000000037a9       0x29 OSEK_VDX/Event.o
 .debug_macro   0x00000000000037d2       0x1c OSEK_VDX/Event.o
 .debug_macro   0x00000000000037ee       0x35 OSEK_VDX/Event.o
 .debug_macro   0x0000000000003823       0x10 OSEK_VDX/Event.o
 .debug_macro   0x0000000000003833       0x10 OSEK_VDX/Event.o
 .debug_macro   0x0000000000003843       0x1c OSEK_VDX/Event.o
 .debug_macro   0x000000000000385f       0x52 OSEK_VDX/Event.o
 .debug_macro   0x00000000000038b1       0x40 OSEK_VDX/Event.o
 .debug_macro   0x00000000000038f1       0x10 OSEK_VDX/Event.o
 .debug_macro   0x0000000000003901       0x40 OSEK_VDX/Event.o
 .debug_macro   0x0000000000003941       0xd7 OSEK_VDX/Event.o
 .debug_macro   0x0000000000003a18       0x1c OSEK_VDX/Event.o
 .debug_macro   0x0000000000003a34       0x3d OSEK_VDX/Event.o
 .debug_macro   0x0000000000003a71       0x16 OSEK_VDX/Event.o
 .debug_macro   0x0000000000003a87      0x145 OSEK_VDX/Event.o
 .debug_macro   0x0000000000003bcc       0xdf OSEK_VDX/Event.o
 .debug_macro   0x0000000000003cab      0x281 OSEK_VDX/MY_RTOS_FIFO.o
 .debug_macro   0x0000000000003f2c       0x40 OSEK_VDX/MY_RTOS_FIFO.o
 .debug_macro   0x0000000000003f6c       0x94 OSEK_VDX/MY_RTOS_FIFO.o
 .debug_macro   0x0000000000004000       0x16 OSEK_VDX/MY_RTOS_FIFO.o
 .debug_macro   0x0000000000004016       0x57 OSEK_VDX/MY_RTOS_FIFO.o
 .debug_macro   0x000000000000406d       0x97 OSEK_VDX/MY_RTOS_FIFO.o
 .debug_macro   0x0000000000004104       0xfd OSEK_VDX/MY_RTOS_FIFO.o
 .debug_macro   0x0000000000004201      0x285 OSEK_VDX/Scheduler.o
 .debug_macro   0x0000000000004486      0x2aa OSEK_VDX/Task.o
 .debug_macro   0x0000000000004730       0x3a OSEK_VDX/Task.o
 .debug_macro   0x000000000000476a       0x85 PORT_Module/Port.o
 .debug_macro   0x00000000000047ef       0x3a PORT_Module/Port.o
 .debug_macro   0x0000000000004829      0x14e PORT_Module/Port.o
 .debug_macro   0x0000000000004977       0x58 PORT_Module/Port.o
 .debug_macro   0x00000000000049cf       0x7c PORT_Module/Port_PBcfg.o
 .debug_macro   0x0000000000004a4b       0x5a PWM_Module/Pwm.o
 .debug_macro   0x0000000000004aa5       0x3a PWM_Module/Pwm.o
 .debug_macro   0x0000000000004adf       0x3a PWM_Module/Pwm.o
 .debug_macro   0x0000000000004b19       0x6a PWM_Module/Pwm.o
 .debug_macro   0x0000000000004b83       0x94 PWM_Module/Pwm.o
 .debug_macro   0x0000000000004c17       0x51 PWM_Module/Pwm_PBcfg.o
 .debug_macro   0x0000000000004c68      0x1fe RTE/RTE_Task.o
 .debug_macro   0x0000000000004e66       0x10 RTE/RTE_Task.o
 .debug_macro   0x0000000000004e76       0x5e RTE/RTE_Task.o
 .debug_macro   0x0000000000004ed4      0x146 RTE/Rte_BSW_SWC.o
 .debug_macro   0x000000000000501a      0x174 RTE/Rte_BSW_SWC.o
 .debug_macro   0x000000000000518e       0x10 RTE/Rte_BSW_SWC.o
 .debug_macro   0x000000000000519e       0x20 RTE/Rte_BSW_SWC.o
 .debug_macro   0x00000000000051be       0x40 RTE/Rte_BSW_SWC.o
 .debug_macro   0x00000000000051fe       0x10 RTE/Rte_BSW_SWC.o
 .debug_macro   0x000000000000520e       0x34 RTE/Rte_BSW_SWC.o
 .debug_macro   0x0000000000005242      0x146 RTE/Rte_DNPW_SWC.o
 .debug_macro   0x0000000000005388       0x10 RTE/Rte_DNPW_SWC.o
 .debug_macro   0x0000000000005398       0x34 RTE/Rte_DNPW_SWC.o
 .debug_macro   0x00000000000053cc      0x146 RTE/Rte_EEBL_SWC.o
 .debug_macro   0x0000000000005512       0x10 RTE/Rte_EEBL_SWC.o
 .debug_macro   0x0000000000005522       0x34 RTE/Rte_EEBL_SWC.o
 .debug_macro   0x0000000000005556      0x1c3 RTE/Rte_Empty_For_Test.o
 .debug_macro   0x0000000000005719       0x10 RTE/Rte_Empty_For_Test.o
 .debug_macro   0x0000000000005729      0x146 RTE/Rte_FCW_SWC.o
 .debug_macro   0x000000000000586f       0x10 RTE/Rte_FCW_SWC.o
 .debug_macro   0x000000000000587f       0x34 RTE/Rte_FCW_SWC.o
 .debug_macro   0x00000000000058b3      0x146 RTE/Rte_IMA_SWC.o
 .debug_macro   0x00000000000059f9       0x10 RTE/Rte_IMA_SWC.o
 .debug_macro   0x0000000000005a09       0x34 RTE/Rte_IMA_SWC.o
 .debug_macro   0x0000000000005a3d      0x147 RTE/Rte_LCD_SWC.o
 .debug_macro   0x0000000000005b84       0x10 RTE/Rte_LCD_SWC.o
 .debug_macro   0x0000000000005b94      0x147 RTE/Rte_LED_SWC.o
 .debug_macro   0x0000000000005cdb       0x10 RTE/Rte_LED_SWC.o
 .debug_macro   0x0000000000005ceb      0x141 RTE/Rte_Main_SWC.o
 .debug_macro   0x0000000000005e2c       0x34 RTE/Rte_Main_SWC.o
 .debug_macro   0x0000000000005e60      0x147 RTE/Rte_Motor_SWC.o
 .debug_macro   0x0000000000005fa7       0x10 RTE/Rte_Motor_SWC.o
 .debug_macro   0x0000000000005fb7       0x77 SWCs/BSW_SWC.o
 .debug_macro   0x000000000000602e       0x5f SWCs/DNPW_SWC.o
 .debug_macro   0x000000000000608d       0x5f SWCs/EEBL_SWC.o
 .debug_macro   0x00000000000060ec       0x5f SWCs/FCW_SWC.o
 .debug_macro   0x000000000000614b       0x5f SWCs/IMA_SWC.o
 .debug_macro   0x00000000000061aa       0x90 SWCs/LED_SWC.o
 .debug_macro   0x000000000000623a      0x184 SWCs/Main_SWC.o
 .debug_macro   0x00000000000063be       0x84 SWCs/Motor_SWC.o
 .debug_macro   0x0000000000006442       0xa0 SWCs/Motor_SWC.o
 .debug_macro   0x00000000000064e2       0xc0 Src/main.o
 .debug_macro   0x00000000000065a2       0x82 Src/main.o

.debug_line     0x0000000000000000     0x868c
 .debug_line    0x0000000000000000      0x442 Can_Module/Can.o
 .debug_line    0x0000000000000442      0x133 Can_Module/CanIf.o
 .debug_line    0x0000000000000575       0xd6 Can_Module/Can_PBcfg.o
 .debug_line    0x000000000000064b      0x111 Can_Module/stm32_f103c6_CAN.o
 .debug_line    0x000000000000075c      0x114 Common/Det.o
 .debug_line    0x0000000000000870      0x1fa DIO_Module/Dio.o
 .debug_line    0x0000000000000a6a      0x542 OSEK_VDX/Cortex_Mx_Porting.o
 .debug_line    0x0000000000000fac      0x797 OSEK_VDX/Event.o
 .debug_line    0x0000000000001743      0x78d OSEK_VDX/MY_RTOS_FIFO.o
 .debug_line    0x0000000000001ed0      0x833 OSEK_VDX/Scheduler.o
 .debug_line    0x0000000000002703      0x804 OSEK_VDX/Task.o
 .debug_line    0x0000000000002f07      0x22c PORT_Module/Port.o
 .debug_line    0x0000000000003133       0xb0 PORT_Module/Port_PBcfg.o
 .debug_line    0x00000000000031e3      0x270 PWM_Module/Pwm.o
 .debug_line    0x0000000000003453       0xbd PWM_Module/Pwm_PBcfg.o
 .debug_line    0x0000000000003510      0x79a RTE/RTE_Task.o
 .debug_line    0x0000000000003caa      0x5a4 RTE/Rte_BSW_SWC.o
 .debug_line    0x000000000000424e      0x5a7 RTE/Rte_DNPW_SWC.o
 .debug_line    0x00000000000047f5      0x5a7 RTE/Rte_EEBL_SWC.o
 .debug_line    0x0000000000004d9c      0x633 RTE/Rte_Empty_For_Test.o
 .debug_line    0x00000000000053cf      0x5a4 RTE/Rte_FCW_SWC.o
 .debug_line    0x0000000000005973      0x5a4 RTE/Rte_IMA_SWC.o
 .debug_line    0x0000000000005f17      0x54f RTE/Rte_LCD_SWC.o
 .debug_line    0x0000000000006466      0x54f RTE/Rte_LED_SWC.o
 .debug_line    0x00000000000069b5      0x5bd RTE/Rte_Main_SWC.o
 .debug_line    0x0000000000006f72      0x555 RTE/Rte_Motor_SWC.o
 .debug_line    0x00000000000074c7      0x133 SWCs/BSW_SWC.o
 .debug_line    0x00000000000075fa      0x11e SWCs/DNPW_SWC.o
 .debug_line    0x0000000000007718      0x11e SWCs/EEBL_SWC.o
 .debug_line    0x0000000000007836      0x11b SWCs/FCW_SWC.o
 .debug_line    0x0000000000007951      0x11b SWCs/IMA_SWC.o
 .debug_line    0x0000000000007a6c      0x17f SWCs/LED_SWC.o
 .debug_line    0x0000000000007beb      0x60e SWCs/Main_SWC.o
 .debug_line    0x00000000000081f9      0x180 SWCs/Motor_SWC.o
 .debug_line    0x0000000000008379      0x28f Src/main.o
 .debug_line    0x0000000000008608       0x84 Startup/startup_stm32f103c8tx.o

.debug_str      0x0000000000000000    0x15a40
 .debug_str     0x0000000000000000     0x5565 Can_Module/Can.o
                                       0x5675 (size before relaxing)
 .debug_str     0x0000000000005565      0x121 Can_Module/CanIf.o
                                       0x3eea (size before relaxing)
 .debug_str     0x0000000000005686       0xf8 Can_Module/Can_PBcfg.o
                                       0x3e39 (size before relaxing)
 .debug_str     0x000000000000577e      0x373 Can_Module/stm32_f103c6_CAN.o
                                       0x4864 (size before relaxing)
 .debug_str     0x0000000000005af1       0x42 Common/Det.o
                                       0x3d92 (size before relaxing)
 .debug_str     0x0000000000005b33      0x8b2 DIO_Module/Dio.o
                                       0x4f11 (size before relaxing)
 .debug_str     0x00000000000063e5     0x6b7e OSEK_VDX/Cortex_Mx_Porting.o
                                       0x99c9 (size before relaxing)
 .debug_str     0x000000000000cf63     0x47e9 OSEK_VDX/Event.o
                                       0xe3ce (size before relaxing)
 .debug_str     0x000000000001174c       0xa4 OSEK_VDX/MY_RTOS_FIFO.o
                                       0xe273 (size before relaxing)
 .debug_str     0x00000000000117f0       0xfa OSEK_VDX/Scheduler.o
                                       0xe460 (size before relaxing)
 .debug_str     0x00000000000118ea      0x2b3 OSEK_VDX/Task.o
                                       0xe641 (size before relaxing)
 .debug_str     0x0000000000011b9d      0xb3a PORT_Module/Port.o
                                       0x51c5 (size before relaxing)
 .debug_str     0x00000000000126d7      0x100 PORT_Module/Port_PBcfg.o
                                       0x3d29 (size before relaxing)
 .debug_str     0x00000000000127d7      0x961 PWM_Module/Pwm.o
                                       0x4f85 (size before relaxing)
 .debug_str     0x0000000000013138       0x1a PWM_Module/Pwm_PBcfg.o
                                       0x39c0 (size before relaxing)
 .debug_str     0x0000000000013152       0x72 RTE/RTE_Task.o
                                       0xdf4d (size before relaxing)
 .debug_str     0x00000000000131c4      0x6c7 RTE/Rte_BSW_SWC.o
                                       0x6ec2 (size before relaxing)
 .debug_str     0x000000000001388b      0x4fd RTE/Rte_DNPW_SWC.o
                                       0x6ee9 (size before relaxing)
 .debug_str     0x0000000000013d88      0x4fd RTE/Rte_EEBL_SWC.o
                                       0x6ee9 (size before relaxing)
 .debug_str     0x0000000000014285      0x217 RTE/Rte_Empty_For_Test.o
                                       0x7ad7 (size before relaxing)
 .debug_str     0x000000000001449c      0x4d9 RTE/Rte_FCW_SWC.o
                                       0x6ec2 (size before relaxing)
 .debug_str     0x0000000000014975      0x4d9 RTE/Rte_IMA_SWC.o
                                       0x6ec2 (size before relaxing)
 .debug_str     0x0000000000014e4e      0x124 RTE/Rte_LCD_SWC.o
                                       0x69ab (size before relaxing)
 .debug_str     0x0000000000014f72      0x124 RTE/Rte_LED_SWC.o
                                       0x69ab (size before relaxing)
 .debug_str     0x0000000000015096      0x719 RTE/Rte_Main_SWC.o
                                       0x7025 (size before relaxing)
 .debug_str     0x00000000000157af      0x13a RTE/Rte_Motor_SWC.o
                                       0x69c3 (size before relaxing)
 .debug_str     0x00000000000158e9       0x69 SWCs/BSW_SWC.o
                                       0x36e3 (size before relaxing)
 .debug_str     0x0000000000015952       0x13 SWCs/DNPW_SWC.o
                                       0x36cc (size before relaxing)
 .debug_str     0x0000000000015965       0x13 SWCs/EEBL_SWC.o
                                       0x36cc (size before relaxing)
 .debug_str     0x0000000000015978       0x12 SWCs/FCW_SWC.o
                                       0x36b1 (size before relaxing)
 .debug_str     0x000000000001598a       0x12 SWCs/IMA_SWC.o
                                       0x36b1 (size before relaxing)
 .debug_str     0x000000000001599c       0x1d SWCs/LED_SWC.o
                                       0x3c33 (size before relaxing)
 .debug_str     0x00000000000159b9       0x13 SWCs/Main_SWC.o
                                       0x7759 (size before relaxing)
 .debug_str     0x00000000000159cc       0x1e SWCs/Motor_SWC.o
                                       0x3bf7 (size before relaxing)
 .debug_str     0x00000000000159ea       0x25 Src/main.o
                                       0x6ec7 (size before relaxing)
 .debug_str     0x0000000000015a0f       0x31 Startup/startup_stm32f103c8tx.o
                                         0x60 (size before relaxing)

.comment        0x0000000000000000       0x7b
 .comment       0x0000000000000000       0x7b Can_Module/Can.o
                                         0x7c (size before relaxing)
 .comment       0x000000000000007b       0x7c Can_Module/CanIf.o
 .comment       0x000000000000007b       0x7c Can_Module/Can_PBcfg.o
 .comment       0x000000000000007b       0x7c Can_Module/stm32_f103c6_CAN.o
 .comment       0x000000000000007b       0x7c Common/Det.o
 .comment       0x000000000000007b       0x7c DIO_Module/Dio.o
 .comment       0x000000000000007b       0x7c OSEK_VDX/Cortex_Mx_Porting.o
 .comment       0x000000000000007b       0x7c OSEK_VDX/Event.o
 .comment       0x000000000000007b       0x7c OSEK_VDX/MY_RTOS_FIFO.o
 .comment       0x000000000000007b       0x7c OSEK_VDX/Scheduler.o
 .comment       0x000000000000007b       0x7c OSEK_VDX/Task.o
 .comment       0x000000000000007b       0x7c PORT_Module/Port.o
 .comment       0x000000000000007b       0x7c PORT_Module/Port_PBcfg.o
 .comment       0x000000000000007b       0x7c PWM_Module/Pwm.o
 .comment       0x000000000000007b       0x7c PWM_Module/Pwm_PBcfg.o
 .comment       0x000000000000007b       0x7c RTE/RTE_Task.o
 .comment       0x000000000000007b       0x7c RTE/Rte_BSW_SWC.o
 .comment       0x000000000000007b       0x7c RTE/Rte_DNPW_SWC.o
 .comment       0x000000000000007b       0x7c RTE/Rte_EEBL_SWC.o
 .comment       0x000000000000007b       0x7c RTE/Rte_Empty_For_Test.o
 .comment       0x000000000000007b       0x7c RTE/Rte_FCW_SWC.o
 .comment       0x000000000000007b       0x7c RTE/Rte_IMA_SWC.o
 .comment       0x000000000000007b       0x7c RTE/Rte_LCD_SWC.o
 .comment       0x000000000000007b       0x7c RTE/Rte_LED_SWC.o
 .comment       0x000000000000007b       0x7c RTE/Rte_Main_SWC.o
 .comment       0x000000000000007b       0x7c RTE/Rte_Motor_SWC.o
 .comment       0x000000000000007b       0x7c SWCs/BSW_SWC.o
 .comment       0x000000000000007b       0x7c SWCs/DNPW_SWC.o
 .comment       0x000000000000007b       0x7c SWCs/EEBL_SWC.o
 .comment       0x000000000000007b       0x7c SWCs/FCW_SWC.o
 .comment       0x000000000000007b       0x7c SWCs/IMA_SWC.o
 .comment       0x000000000000007b       0x7c SWCs/LED_SWC.o
 .comment       0x000000000000007b       0x7c SWCs/Main_SWC.o
 .comment       0x000000000000007b       0x7c SWCs/Motor_SWC.o
 .comment       0x000000000000007b       0x7c Src/main.o

.debug_frame    0x0000000000000000     0x160c
 .debug_frame   0x0000000000000000      0x26c Can_Module/Can.o
 .debug_frame   0x000000000000026c       0x84 Can_Module/CanIf.o
 .debug_frame   0x00000000000002f0       0x38 Can_Module/stm32_f103c6_CAN.o
 .debug_frame   0x0000000000000328       0x30 Common/Det.o
 .debug_frame   0x0000000000000358       0xcc DIO_Module/Dio.o
 .debug_frame   0x0000000000000424      0x13c OSEK_VDX/Cortex_Mx_Porting.o
 .debug_frame   0x0000000000000560       0xa8 OSEK_VDX/Event.o
 .debug_frame   0x0000000000000608       0xb0 OSEK_VDX/MY_RTOS_FIFO.o
 .debug_frame   0x00000000000006b8       0xe4 OSEK_VDX/Scheduler.o
 .debug_frame   0x000000000000079c       0xcc OSEK_VDX/Task.o
 .debug_frame   0x0000000000000868      0x118 PORT_Module/Port.o
 .debug_frame   0x0000000000000980      0x1a4 PWM_Module/Pwm.o
 .debug_frame   0x0000000000000b24       0x38 PWM_Module/Pwm_PBcfg.o
 .debug_frame   0x0000000000000b5c       0xa0 RTE/RTE_Task.o
 .debug_frame   0x0000000000000bfc       0xe8 RTE/Rte_BSW_SWC.o
 .debug_frame   0x0000000000000ce4       0xe8 RTE/Rte_DNPW_SWC.o
 .debug_frame   0x0000000000000dcc       0xe8 RTE/Rte_EEBL_SWC.o
 .debug_frame   0x0000000000000eb4       0x54 RTE/Rte_Empty_For_Test.o
 .debug_frame   0x0000000000000f08       0xe8 RTE/Rte_FCW_SWC.o
 .debug_frame   0x0000000000000ff0       0xe8 RTE/Rte_IMA_SWC.o
 .debug_frame   0x00000000000010d8       0x30 RTE/Rte_LCD_SWC.o
 .debug_frame   0x0000000000001108       0x30 RTE/Rte_LED_SWC.o
 .debug_frame   0x0000000000001138       0xe4 RTE/Rte_Main_SWC.o
 .debug_frame   0x000000000000121c       0x30 RTE/Rte_Motor_SWC.o
 .debug_frame   0x000000000000124c       0x34 SWCs/BSW_SWC.o
 .debug_frame   0x0000000000001280       0x34 SWCs/DNPW_SWC.o
 .debug_frame   0x00000000000012b4       0x34 SWCs/EEBL_SWC.o
 .debug_frame   0x00000000000012e8       0x34 SWCs/FCW_SWC.o
 .debug_frame   0x000000000000131c       0x34 SWCs/IMA_SWC.o
 .debug_frame   0x0000000000001350       0x34 SWCs/LED_SWC.o
 .debug_frame   0x0000000000001384       0x2c SWCs/Main_SWC.o
 .debug_frame   0x00000000000013b0       0x34 SWCs/Motor_SWC.o
 .debug_frame   0x00000000000013e4       0x58 Src/main.o
 .debug_frame   0x000000000000143c       0x2c c:/st/stm32cubeide_1.4.0/stm32cubeide/plugins/com.st.stm32cube.ide.mcu.externaltools.gnu-tools-for-stm32.7-2018-q2-update.win32_1.4.0.202007081208/tools/bin/../lib/gcc/arm-none-eabi/7.3.1/../../../../arm-none-eabi/lib/thumb/v7-m\libc_nano.a(lib_a-init.o)
 .debug_frame   0x0000000000001468       0x28 c:/st/stm32cubeide_1.4.0/stm32cubeide/plugins/com.st.stm32cube.ide.mcu.externaltools.gnu-tools-for-stm32.7-2018-q2-update.win32_1.4.0.202007081208/tools/bin/../lib/gcc/arm-none-eabi/7.3.1/../../../../arm-none-eabi/lib/thumb/v7-m\libc_nano.a(lib_a-memcpy-stub.o)
 .debug_frame   0x0000000000001490       0xac c:/st/stm32cubeide_1.4.0/stm32cubeide/plugins/com.st.stm32cube.ide.mcu.externaltools.gnu-tools-for-stm32.7-2018-q2-update.win32_1.4.0.202007081208/tools/bin/../lib/gcc/arm-none-eabi/7.3.1/thumb/v7-m\libgcc.a(_arm_addsubdf3.o)
 .debug_frame   0x000000000000153c       0x50 c:/st/stm32cubeide_1.4.0/stm32cubeide/plugins/com.st.stm32cube.ide.mcu.externaltools.gnu-tools-for-stm32.7-2018-q2-update.win32_1.4.0.202007081208/tools/bin/../lib/gcc/arm-none-eabi/7.3.1/thumb/v7-m\libgcc.a(_arm_muldivdf3.o)
 .debug_frame   0x000000000000158c       0x24 c:/st/stm32cubeide_1.4.0/stm32cubeide/plugins/com.st.stm32cube.ide.mcu.externaltools.gnu-tools-for-stm32.7-2018-q2-update.win32_1.4.0.202007081208/tools/bin/../lib/gcc/arm-none-eabi/7.3.1/thumb/v7-m\libgcc.a(_arm_fixunsdfsi.o)
 .debug_frame   0x00000000000015b0       0x38 c:/st/stm32cubeide_1.4.0/stm32cubeide/plugins/com.st.stm32cube.ide.mcu.externaltools.gnu-tools-for-stm32.7-2018-q2-update.win32_1.4.0.202007081208/tools/bin/../lib/gcc/arm-none-eabi/7.3.1/thumb/v7-m\libgcc.a(_arm_muldivsf3.o)
 .debug_frame   0x00000000000015e8       0x24 c:/st/stm32cubeide_1.4.0/stm32cubeide/plugins/com.st.stm32cube.ide.mcu.externaltools.gnu-tools-for-stm32.7-2018-q2-update.win32_1.4.0.202007081208/tools/bin/../lib/gcc/arm-none-eabi/7.3.1/thumb/v7-m\libgcc.a(_arm_fixunssfsi.o)
