Archive member included to satisfy reference by file (symbol)

c:/st/stm32cubeide_1.4.0/stm32cubeide/plugins/com.st.stm32cube.ide.mcu.externaltools.gnu-tools-for-stm32.7-2018-q2-update.win32_1.4.0.202007081208/tools/bin/../lib/gcc/arm-none-eabi/7.3.1/../../../../arm-none-eabi/lib/thumb/v7-m\libc_nano.a(lib_a-errno.o)
                              Src/syscalls.o (__errno)
c:/st/stm32cubeide_1.4.0/stm32cubeide/plugins/com.st.stm32cube.ide.mcu.externaltools.gnu-tools-for-stm32.7-2018-q2-update.win32_1.4.0.202007081208/tools/bin/../lib/gcc/arm-none-eabi/7.3.1/../../../../arm-none-eabi/lib/thumb/v7-m\libc_nano.a(lib_a-exit.o)
                              c:/st/stm32cubeide_1.4.0/stm32cubeide/plugins/com.st.stm32cube.ide.mcu.externaltools.gnu-tools-for-stm32.7-2018-q2-update.win32_1.4.0.202007081208/tools/bin/../lib/gcc/arm-none-eabi/7.3.1/../../../../arm-none-eabi/lib/thumb/v7-m/crt0.o (exit)
c:/st/stm32cubeide_1.4.0/stm32cubeide/plugins/com.st.stm32cube.ide.mcu.externaltools.gnu-tools-for-stm32.7-2018-q2-update.win32_1.4.0.202007081208/tools/bin/../lib/gcc/arm-none-eabi/7.3.1/../../../../arm-none-eabi/lib/thumb/v7-m\libc_nano.a(lib_a-impure.o)
                              c:/st/stm32cubeide_1.4.0/stm32cubeide/plugins/com.st.stm32cube.ide.mcu.externaltools.gnu-tools-for-stm32.7-2018-q2-update.win32_1.4.0.202007081208/tools/bin/../lib/gcc/arm-none-eabi/7.3.1/../../../../arm-none-eabi/lib/thumb/v7-m\libc_nano.a(lib_a-exit.o) (_global_impure_ptr)
c:/st/stm32cubeide_1.4.0/stm32cubeide/plugins/com.st.stm32cube.ide.mcu.externaltools.gnu-tools-for-stm32.7-2018-q2-update.win32_1.4.0.202007081208/tools/bin/../lib/gcc/arm-none-eabi/7.3.1/../../../../arm-none-eabi/lib/thumb/v7-m\libc_nano.a(lib_a-init.o)
                              c:/st/stm32cubeide_1.4.0/stm32cubeide/plugins/com.st.stm32cube.ide.mcu.externaltools.gnu-tools-for-stm32.7-2018-q2-update.win32_1.4.0.202007081208/tools/bin/../lib/gcc/arm-none-eabi/7.3.1/../../../../arm-none-eabi/lib/thumb/v7-m/crt0.o (__libc_init_array)
c:/st/stm32cubeide_1.4.0/stm32cubeide/plugins/com.st.stm32cube.ide.mcu.externaltools.gnu-tools-for-stm32.7-2018-q2-update.win32_1.4.0.202007081208/tools/bin/../lib/gcc/arm-none-eabi/7.3.1/../../../../arm-none-eabi/lib/thumb/v7-m\libc_nano.a(lib_a-memcpy-stub.o)
                              Can_Module/Can.o (memcpy)
c:/st/stm32cubeide_1.4.0/stm32cubeide/plugins/com.st.stm32cube.ide.mcu.externaltools.gnu-tools-for-stm32.7-2018-q2-update.win32_1.4.0.202007081208/tools/bin/../lib/gcc/arm-none-eabi/7.3.1/../../../../arm-none-eabi/lib/thumb/v7-m\libc_nano.a(lib_a-memset.o)
                              c:/st/stm32cubeide_1.4.0/stm32cubeide/plugins/com.st.stm32cube.ide.mcu.externaltools.gnu-tools-for-stm32.7-2018-q2-update.win32_1.4.0.202007081208/tools/bin/../lib/gcc/arm-none-eabi/7.3.1/../../../../arm-none-eabi/lib/thumb/v7-m/crt0.o (memset)
c:/st/stm32cubeide_1.4.0/stm32cubeide/plugins/com.st.stm32cube.ide.mcu.externaltools.gnu-tools-for-stm32.7-2018-q2-update.win32_1.4.0.202007081208/tools/bin/../lib/gcc/arm-none-eabi/7.3.1/thumb/v7-m\libgcc.a(_arm_addsubdf3.o)
                              PWM_Module/Pwm.o (__aeabi_ui2d)
c:/st/stm32cubeide_1.4.0/stm32cubeide/plugins/com.st.stm32cube.ide.mcu.externaltools.gnu-tools-for-stm32.7-2018-q2-update.win32_1.4.0.202007081208/tools/bin/../lib/gcc/arm-none-eabi/7.3.1/thumb/v7-m\libgcc.a(_arm_muldivdf3.o)
                              PWM_Module/Pwm.o (__aeabi_dmul)
c:/st/stm32cubeide_1.4.0/stm32cubeide/plugins/com.st.stm32cube.ide.mcu.externaltools.gnu-tools-for-stm32.7-2018-q2-update.win32_1.4.0.202007081208/tools/bin/../lib/gcc/arm-none-eabi/7.3.1/thumb/v7-m\libgcc.a(_arm_fixunsdfsi.o)
                              PWM_Module/Pwm.o (__aeabi_d2uiz)
c:/st/stm32cubeide_1.4.0/stm32cubeide/plugins/com.st.stm32cube.ide.mcu.externaltools.gnu-tools-for-stm32.7-2018-q2-update.win32_1.4.0.202007081208/tools/bin/../lib/gcc/arm-none-eabi/7.3.1/thumb/v7-m\libgcc.a(_arm_muldivsf3.o)
                              PWM_Module/Pwm.o (__aeabi_fmul)
c:/st/stm32cubeide_1.4.0/stm32cubeide/plugins/com.st.stm32cube.ide.mcu.externaltools.gnu-tools-for-stm32.7-2018-q2-update.win32_1.4.0.202007081208/tools/bin/../lib/gcc/arm-none-eabi/7.3.1/thumb/v7-m\libgcc.a(_arm_fixunssfsi.o)
                              Can_Module/Can.o (__aeabi_f2uiz)

Allocating common symbols
Common symbol       size              file

CAT2_CAN_Task       0x48              RTE/RTE_Task.o
Task4               0x48              RTE/RTE_Task.o
Pwm_Config          0x50              PWM_Module/Pwm.o
SysTickLED          0x1               OSEK_VDX/Cortex_Mx_Porting.o
Hardware_Object_Type
                    0x1               Can_Module/Can.o
Controller_Index    0x1               Can_Module/Can.o
OS_Control          0x1ac             OSEK_VDX/Scheduler.o
PduInfo             0xc               Src/main.o
Task1               0x48              RTE/RTE_Task.o
Ready_QUEUE         0x14              OSEK_VDX/Task.o
Message_ObjectStatus
[...]
Memory Configuration

Name             Origin             Length             Attributes
RAM              0x0000000020000000 0x0000000000005000 xrw
ROM              0x0000000008000000 0x0000000000010000 xr
*default*        0x0000000000000000 0xffffffffffffffff

Linker script and memory map

LOAD c:/st/stm32cubeide_1.4.0/stm32cubeide/plugins/com.st.stm32cube.ide.mcu.externaltools.gnu-tools-for-stm32.7-2018-q2-update.win32_1.4.0.202007081208/tools/bin/../lib/gcc/arm-none-eabi/7.3.1/thumb/v7-m/crti.o
LOAD c:/st/stm32cubeide_1.4.0/stm32cubeide/plugins/com.st.stm32cube.ide.mcu.externaltools.gnu-tools-for-stm32.7-2018-q2-update.win32_1.4.0.202007081208/tools/bin/../lib/gcc/arm-none-eabi/7.3.1/thumb/v7-m/crtbegin.o
LOAD c:/st/stm32cubeide_1.4.0/stm32cubeide/plugins/com.st.stm32cube.ide.mcu.externaltools.gnu-tools-for-stm32.7-2018-q2-update.win32_1.4.0.202007081208/tools/bin/../lib/gcc/arm-none-eabi/7.3.1/../../../../arm-none-eabi/lib/thumb/v7-m/crt0.o
LOAD Can_Module/Can.o
LOAD Can_Module/CanIf.o
LOAD Can_Module/Can_PBcfg.o
LOAD Can_Module/stm32_f103c6_CAN.o
LOAD Common/Det.o
LOAD Complex_Drivers/Cortex_M3_NVIC.o
LOAD DIO_Module/Dio.o
LOAD OSEK_VDX/Cortex_Mx_Porting.o
LOAD OSEK_VDX/Event.o
LOAD OSEK_VDX/MY_RTOS_FIFO.o
LOAD OSEK_VDX/Scheduler.o
LOAD OSEK_VDX/Task.o
LOAD OSEK_VDX/Task_Config.o
LOAD PORT_Module/Port.o
LOAD PORT_Module/Port_PBcfg.o
LOAD PWM_Module/Pwm.o
LOAD PWM_Module/Pwm_PBcfg.o
LOAD RTE/RTE_Task.o
LOAD RTE/Rte_BSW_SWC.o
LOAD RTE/Rte_DNPW_SWC.o
LOAD RTE/Rte_EEBL_SWC.o
LOAD RTE/Rte_Empty_For_Test.o
LOAD RTE/Rte_FCW_SWC.o
LOAD RTE/Rte_IMA_SWC.o
LOAD RTE/Rte_LCD_SWC.o
LOAD RTE/Rte_LED_SWC.o
LOAD RTE/Rte_Main_SWC.o
LOAD RTE/Rte_Motor_SWC.o
LOAD SWCs/BSW_SWC.o
LOAD SWCs/DNPW_SWC.o
LOAD SWCs/EEBL_SWC.o
LOAD SWCs/FCW_SWC.o
LOAD SWCs/IMA_SWC.o
LOAD SWCs/LED_SWC.o
LOAD SWCs/Main_SWC.o
LOAD SWCs/Motor_SWC.o
LOAD Src/main.o
LOAD Src/syscalls.o
LOAD Src/sysmem.o
LOAD Startup/startup_stm32f103c8tx.o
START GROUP
LOAD c:/st/stm32cubeide_1.4.0/stm32cubeide/plugins/com.st.stm32cube.ide.mcu.externaltools.gnu-tools-for-stm32.7-2018-q2-update.win32_1.4.0.202007081208/tools/bin/../lib/gcc/arm-none-eabi/7.3.1/../../../../arm-none-eabi/lib/thumb/v7-m\libc_nano.a
LOAD c:/st/stm32cubeide_1.4.0/stm32cubeide/plugins/com.st.stm32cube.ide.mcu.externaltools.gnu-tools-for-stm32.7-2018-q2-update.win32_1.4.0.202007081208/tools/bin/../lib/gcc/arm-none-eabi/7.3.1/../../../../arm-none-eabi/lib/thumb/v7-m\libm.a
END GROUP
START GROUP
LOAD c:/st/stm32cubeide_1.4.0/stm32cubeide/plugins/com.st.stm32cube.ide.mcu.externaltools.gnu-tools-for-stm32.7-2018-q2-update.win32_1.4.0.202007081208/tools/bin/../lib/gcc/arm-none-eabi/7.3.1/thumb/v7-m\libgcc.a
LOAD c:/st/stm32cubeide_1.4.0/stm32cubeide/plugins/com.st.stm32cube.ide.mcu.externaltools.gnu-tools-for-stm32.7-2018-q2-update.win32_1.4.0.202007081208/tools/bin/../lib/gcc/arm-none-eabi/7.3.1/../../../../arm-none-eabi/lib/thumb/v7-m\libc_nano.a
END GROUP
START GROUP
LOAD c:/st/stm32cubeide_1.4.0/stm32cubeide/plugins/com.st.stm32cube.ide.mcu.externaltools.gnu-tools-for-stm32.7-2018-q2-update.win32_1.4.0.202007081208/tools/bin/../lib/gcc/arm-none-eabi/7.3.1/thumb/v7-m\libgcc.a
LOAD c:/st/stm32cubeide_1.4.0/stm32cubeide/plugins/com.st.stm32cube.ide.mcu.externaltools.gnu-tools-for-stm32.7-2018-q2-update.win32_1.4.0.202007081208/tools/bin/../lib/gcc/arm-none-eabi/7.3.1/../../../../arm-none-eabi/lib/thumb/v7-m\libc_nano.a
LOAD c:/st/stm32cubeide_1.4.0/stm32cubeide/plugins/com.st.stm32cube.ide.mcu.externaltools.gnu-tools-for-stm32.7-2018-q2-update.win32_1.4.0.202007081208/tools/bin/../lib/gcc/arm-none-eabi/7.3.1/../../../../arm-none-eabi/lib/thumb/v7-m\libnosys.a
END GROUP
START GROUP
LOAD c:/st/stm32cubeide_1.4.0/stm32cubeide/plugins/com.st.stm32cube.ide.mcu.externaltools.gnu-tools-for-stm32.7-2018-q2-update.win32_1.4.0.202007081208/tools/bin/../lib/gcc/arm-none-eabi/7.3.1/thumb/v7-m\libgcc.a
LOAD c:/st/stm32cubeide_1.4.0/stm32cubeide/plugins/com.st.stm32cube.ide.mcu.externaltools.gnu-tools-for-stm32.7-2018-q2-update.win32_1.4.0.202007081208/tools/bin/../lib/gcc/arm-none-eabi/7.3.1/../../../../arm-none-eabi/lib/thumb/v7-m\libc_nano.a
LOAD c:/st/stm32cubeide_1.4.0/stm32cubeide/plugins/com.st.stm32cube.ide.mcu.externaltools.gnu-tools-for-stm32.7-2018-q2-update.win32_1.4.0.202007081208/tools/bin/../lib/gcc/arm-none-eabi/7.3.1/../../../../arm-none-eabi/lib/thumb/v7-m\libnosys.a
END GROUP
LOAD c:/st/stm32cubeide_1.4.0/stm32cubeide/plugins/com.st.stm32cube.ide.mcu.externaltools.gnu-tools-for-stm32.7-2018-q2-update.win32_1.4.0.202007081208/tools/bin/../lib/gcc/arm-none-eabi/7.3.1/thumb/v7-m/crtend.o
LOAD c:/st/stm32cubeide_1.4.0/stm32cubeide/plugins/com.st.stm32cube.ide.mcu.externaltools.gnu-tools-for-stm32.7-2018-q2-update.win32_1.4.0.202007081208/tools/bin/../lib/gcc/arm-none-eabi/7.3.1/thumb/v7-m/crtn.o
                0x0000000020005000                _estack = (ORIGIN (RAM) + LENGTH (RAM))
                0x0000000000000200                _Min_Heap_Size = 0x200
                0x0000000000000400                _Min_Stack_Size = 0x400

.isr_vector     0x0000000008000000      0x130
                0x0000000008000000                . = ALIGN (0x4)
 *(.isr_vector)
 .isr_vector    0x0000000008000000      0x130 Startup/startup_stm32f103c8tx.o
                0x0000000008000000                g_pfnVectors
                0x0000000008000130                . = ALIGN (0x4)

.text           0x0000000008000130     0x1358
                0x0000000008000130                . = ALIGN (0x4)
 *(.text)
 .text          0x0000000008000130       0x40 c:/st/stm32cubeide_1.4.0/stm32cubeide/plugins/com.st.stm32cube.ide.mcu.externaltools.gnu-tools-for-stm32.7-2018-q2-update.win32_1.4.0.202007081208/tools/bin/../lib/gcc/arm-none-eabi/7.3.1/thumb/v7-m/crtbegin.o
 .text          0x0000000008000170       0x40 c:/st/stm32cubeide_1.4.0/stm32cubeide/plugins/com.st.stm32cube.ide.mcu.externaltools.gnu-tools-for-stm32.7-2018-q2-update.win32_1.4.0.202007081208/tools/bin/../lib/gcc/arm-none-eabi/7.3.1/thumb/v7-m\libgcc.a(_arm_fixunssfsi.o)
                0x0000000008000170                __fixunssfsi
                0x0000000008000170                __aeabi_f2uiz
 *(.text*)
 .text.Can_Init
                0x00000000080001b0      0x1f0 Can_Module/Can.o
                0x00000000080001b0                Can_Init
 .text.Can_SetControllerMode
                0x00000000080003a0      0x168 Can_Module/Can.o
                0x00000000080003a0                Can_SetControllerMode
 .text.Can_DisableControllerInterrupts
                0x0000000008000508       0xd4 Can_Module/Can.o
                0x0000000008000508                Can_DisableControllerInterrupts
 .text.Can_EnableControllerInterrupts
                0x00000000080005dc       0xd4 Can_Module/Can.o
                0x00000000080005dc                Can_EnableControllerInterrupts
 .text.USB_HP_CAN_TX_IRQHandler
                0x00000000080006b0       0x98 Can_Module/Can.o
                0x00000000080006b0                USB_HP_CAN_TX_IRQHandler
 .text.USB_LP_CAN_RX0_IRQHandler
                0x0000000008000748      0x170 Can_Module/Can.o
                0x0000000008000748                USB_LP_CAN_RX0_IRQHandler
 .text.CanIf_TxConfirmation
                0x00000000080008b8       0x14 Can_Module/CanIf.o
                0x00000000080008b8                CanIf_TxConfirmation
 .text.CanIf_ControllerModeIndication
                0x00000000080008cc       0x1a Can_Module/CanIf.o
                0x00000000080008cc                CanIf_ControllerModeIndication
 *fill*         0x00000000080008e6        0x2 
 .text.MCAL_CAN_Config_Filter
                0x00000000080008e8      0x238 Can_Module/stm32_f103c6_CAN.o
                0x00000000080008e8                MCAL_CAN_Config_Filter
 .text.Det_ReportError
                0x0000000008000b20       0x20 Common/Det.o
                0x0000000008000b20                Det_ReportError
 .text.HardFault_Handler
                0x0000000008000b40        0x6 OSEK_VDX/Cortex_Mx_Porting.o
                0x0000000008000b40                HardFault_Handler
 .text.MemManage_Handler
                0x0000000008000b46        0x6 OSEK_VDX/Cortex_Mx_Porting.o
                0x0000000008000b46                MemManage_Handler
 .text.UsageFault_Handler
                0x0000000008000b4c        0x6 OSEK_VDX/Cortex_Mx_Porting.o
                0x0000000008000b4c                UsageFault_Handler
 *fill*         0x0000000008000b52        0x2 
 .text.SysTick_Handler
                0x0000000008000b54       0x20 OSEK_VDX/Cortex_Mx_Porting.o
                0x0000000008000b54                SysTick_Handler
 .text.PendSV_Handler
                0x0000000008000b74      0x270 OSEK_VDX/Scheduler.o
                0x0000000008000b74                PendSV_Handler
 .text.get_position
                0x0000000008000de4       0x6c PORT_Module/Port.o
                0x0000000008000de4                get_position
 .text.Port_Init
                0x0000000008000e50      0x490 PORT_Module/Port.o
                0x0000000008000e50                Port_Init
 .text.CanIf_RxIndication
                0x00000000080012e0       0x40 Src/main.o
                0x00000000080012e0                CanIf_RxIndication
 .text.main     0x0000000008001320       0x9c Src/main.o
                0x0000000008001320                main
 .text.Reset_Handler
                0x00000000080013bc       0x50 Startup/startup_stm32f103c8tx.o
                0x00000000080013bc                Reset_Handler
 .text.Default_Handler
                0x000000000800140c        0x2 Startup/startup_stm32f103c8tx.o
                0x000000000800140c                EXTI2_IRQHandler
                0x000000000800140c                TIM8_TRG_COM_IRQHandler
                0x000000000800140c                TIM8_CC_IRQHandler
                0x000000000800140c                DebugMon_Handler
                0x000000000800140c                TIM1_CC_IRQHandler
                0x000000000800140c                TIM6_IRQHandler
                0x000000000800140c                PVD_IRQHandler
                0x000000000800140c                SDIO_IRQHandler
                0x000000000800140c                NMI_Handler
                0x000000000800140c                EXTI3_IRQHandler
                0x000000000800140c                EXTI0_IRQHandler
                0x000000000800140c                I2C2_EV_IRQHandler
                0x000000000800140c                ADC1_2_IRQHandler
                0x000000000800140c                SPI1_IRQHandler
                0x000000000800140c                CAN_SCE_IRQHandler
                0x000000000800140c                TAMPER_IRQHandler
                0x000000000800140c                TIM8_UP_IRQHandler
                0x000000000800140c                DMA2_Channel2_IRQHandler
                0x000000000800140c                DMA1_Channel4_IRQHandler
                0x000000000800140c                USART3_IRQHandler
                0x000000000800140c                RTC_IRQHandler
                0x000000000800140c                DMA1_Channel7_IRQHandler
                0x000000000800140c                UART5_IRQHandler
                0x000000000800140c                ADC3_IRQHandler
                0x000000000800140c                TIM4_IRQHandler
                0x000000000800140c                CAN_RX1_IRQHandler
                0x000000000800140c                DMA2_Channel1_IRQHandler
                0x000000000800140c                I2C1_EV_IRQHandler
                0x000000000800140c                DMA1_Channel6_IRQHandler
                0x000000000800140c                UART4_IRQHandler
                0x000000000800140c                TIM3_IRQHandler
                0x000000000800140c                RCC_IRQHandler
                0x000000000800140c                TIM1_TRG_COM_IRQHandler
                0x000000000800140c                DMA1_Channel1_IRQHandler
                0x000000000800140c                Default_Handler
                0x000000000800140c                EXTI15_10_IRQHandler
                0x000000000800140c                TIM7_IRQHandler
                0x000000000800140c                TIM5_IRQHandler
                0x000000000800140c                EXTI9_5_IRQHandler
                0x000000000800140c                SPI2_IRQHandler
                0x000000000800140c                SVC_Handler
                0x000000000800140c                DMA1_Channel5_IRQHandler
                0x000000000800140c                EXTI4_IRQHandler
                0x000000000800140c                DMA1_Channel3_IRQHandler
                0x000000000800140c                FSMC_IRQHandler
                0x000000000800140c                TIM1_UP_IRQHandler
                0x000000000800140c                WWDG_IRQHandler
                0x000000000800140c                TIM2_IRQHandler
                0x000000000800140c                TIM1_BRK_IRQHandler
                0x000000000800140c                EXTI1_IRQHandler
                0x000000000800140c                RTCAlarm_IRQHandler
                0x000000000800140c                DMA2_Channel4_5_IRQHandler
                0x000000000800140c                USART2_IRQHandler
                0x000000000800140c                I2C2_ER_IRQHandler
                0x000000000800140c                DMA1_Channel2_IRQHandler
                0x000000000800140c                TIM8_BRK_IRQHandler
                0x000000000800140c                FLASH_IRQHandler
                0x000000000800140c                BusFault_Handler
                0x000000000800140c                USART1_IRQHandler
                0x000000000800140c                SPI3_IRQHandler
                0x000000000800140c                I2C1_ER_IRQHandler
                0x000000000800140c                DMA2_Channel3_IRQHandler
 *fill*         0x000000000800140e        0x2 
 .text.__libc_init_array
                0x0000000008001410       0x48 c:/st/stm32cubeide_1.4.0/stm32cubeide/plugins/com.st.stm32cube.ide.mcu.externaltools.gnu-tools-for-stm32.7-2018-q2-update.win32_1.4.0.202007081208/tools/bin/../lib/gcc/arm-none-eabi/7.3.1/../../../../arm-none-eabi/lib/thumb/v7-m\libc_nano.a(lib_a-init.o)
                0x0000000008001410                __libc_init_array
 .text.memcpy   0x0000000008001458       0x16 c:/st/stm32cubeide_1.4.0/stm32cubeide/plugins/com.st.stm32cube.ide.mcu.externaltools.gnu-tools-for-stm32.7-2018-q2-update.win32_1.4.0.202007081208/tools/bin/../lib/gcc/arm-none-eabi/7.3.1/../../../../arm-none-eabi/lib/thumb/v7-m\libc_nano.a(lib_a-memcpy-stub.o)
                0x0000000008001458                memcpy
 *(.glue_7)
 .glue_7        0x000000000800146e        0x0 linker stubs
 *(.glue_7t)
 .glue_7t       0x000000000800146e        0x0 linker stubs
 *(.eh_frame)
 *fill*         0x000000000800146e        0x2 
 .eh_frame      0x0000000008001470        0x0 c:/st/stm32cubeide_1.4.0/stm32cubeide/plugins/com.st.stm32cube.ide.mcu.externaltools.gnu-tools-for-stm32.7-2018-q2-update.win32_1.4.0.202007081208/tools/bin/../lib/gcc/arm-none-eabi/7.3.1/thumb/v7-m/crtbegin.o
 *(.init)
 .init          0x0000000008001470        0x4 c:/st/stm32cubeide_1.4.0/stm32cubeide/plugins/com.st.stm32cube.ide.mcu.externaltools.gnu-tools-for-stm32.7-2018-q2-update.win32_1.4.0.202007081208/tools/bin/../lib/gcc/arm-none-eabi/7.3.1/thumb/v7-m/crti.o
                0x0000000008001470                _init
 .init          0x0000000008001474        0x8 c:/st/stm32cubeide_1.4.0/stm32cubeide/plugins/com.st.stm32cube.ide.mcu.externaltools.gnu-tools-for-stm32.7-2018-q2-update.win32_1.4.0.202007081208/tools/bin/../lib/gcc/arm-none-eabi/7.3.1/thumb/v7-m/crtn.o
 *(.fini)
 .fini          0x000000000800147c        0x4 c:/st/stm32cubeide_1.4.0/stm32cubeide/plugins/com.st.stm32cube.ide.mcu.externaltools.gnu-tools-for-stm32.7-2018-q2-update.win32_1.4.0.202007081208/tools/bin/../lib/gcc/arm-none-eabi/7.3.1/thumb/v7-m/crti.o
                0x000000000800147c                _fini
 .fini          0x0000000008001480        0x8 c:/st/stm32cubeide_1.4.0/stm32cubeide/plugins/com.st.stm32cube.ide.mcu.externaltools.gnu-tools-for-stm32.7-2018-q2-update.win32_1.4.0.202007081208/tools/bin/../lib/gcc/arm-none-eabi/7.3.1/thumb/v7-m/crtn.o
                0x0000000008001488                . = ALIGN (0x4)
                0x0000000008001488                _etext = .

.vfp11_veneer   0x0000000008001488        0x0
 .vfp11_veneer  0x0000000008001488        0x0 linker stubs

.v4_bx          0x0000000008001488        0x0
 .v4_bx         0x0000000008001488        0x0 linker stubs

.iplt           0x0000000008001488        0x0
 .iplt          0x0000000008001488        0x0 c:/st/stm32cubeide_1.4.0/stm32cubeide/plugins/com.st.stm32cube.ide.mcu.externaltools.gnu-tools-for-stm32.7-2018-q2-update.win32_1.4.0.202007081208/tools/bin/../lib/gcc/arm-none-eabi/7.3.1/thumb/v7-m/crtbegin.o

.rodata         0x0000000008001488      0x140
                0x0000000008001488                . = ALIGN (0x4)
 *(.rodata)
 *(.rodata*)
 .rodata.Port   0x0000000008001488      0x140 PORT_Module/Port_PBcfg.o
                0x0000000008001488                Port
                0x00000000080015c8                . = ALIGN (0x4)

.rel.dyn        0x00000000080015c8        0x0
 .rel.iplt      0x00000000080015c8        0x0 c:/st/stm32cubeide_1.4.0/stm32cubeide/plugins/com.st.stm32cube.ide.mcu.externaltools.gnu-tools-for-stm32.7-2018-q2-update.win32_1.4.0.202007081208/tools/bin/../lib/gcc/arm-none-eabi/7.3.1/thumb/v7-m/crtbegin.o

.ARM.extab      0x00000000080015c8        0x0
                0x00000000080015c8                . = ALIGN (0x4)
 *(.ARM.extab* .gnu.linkonce.armextab.*)
                0x00000000080015c8                . = ALIGN (0x4)

.ARM            0x00000000080015c8        0x0
                0x00000000080015c8                . = ALIGN (0x4)
                0x00000000080015c8                __exidx_start = .
 *(.ARM.exidx*)
                0x00000000080015c8                __exidx_end = .
                0x00000000080015c8                . = ALIGN (0x4)

.preinit_array  0x00000000080015c8        0x0
                0x00000000080015c8                . = ALIGN (0x4)
                0x00000000080015c8                PROVIDE (__preinit_array_start = .)
 *(.preinit_array*)
                0x00000000080015c8                PROVIDE (__preinit_array_end = .)
                0x00000000080015c8                . = ALIGN (0x4)

.init_array     0x00000000080015c8        0x4
                0x00000000080015c8                . = ALIGN (0x4)
                0x00000000080015c8                PROVIDE (__init_array_start = .)
 *(SORT_BY_NAME(.init_array.*))
 *(.init_array*)
 .init_array    0x00000000080015c8        0x4 c:/st/stm32cubeide_1.4.0/stm32cubeide/plugins/com.st.stm32cube.ide.mcu.externaltools.gnu-tools-for-stm32.7-2018-q2-update.win32_1.4.0.202007081208/tools/bin/../lib/gcc/arm-none-eabi/7.3.1/thumb/v7-m/crtbegin.o
                0x00000000080015cc                PROVIDE (__init_array_end = .)
                0x00000000080015cc                . = ALIGN (0x4)

.fini_array     0x00000000080015cc        0x4
                0x00000000080015cc                . = ALIGN (0x4)
                [!provide]                        PROVIDE (__fini_array_start = .)
 *(SORT_BY_NAME(.fini_array.*))
 *(.fini_array*)
 .fini_array    0x00000000080015cc        0x4 c:/st/stm32cubeide_1.4.0/stm32cubeide/plugins/com.st.stm32cube.ide.mcu.externaltools.gnu-tools-for-stm32.7-2018-q2-update.win32_1.4.0.202007081208/tools/bin/../lib/gcc/arm-none-eabi/7.3.1/thumb/v7-m/crtbegin.o
                [!provide]                        PROVIDE (__fini_array_end = .)
                0x00000000080015d0                . = ALIGN (0x4)
                0x00000000080015d0                _sidata = LOADADDR (.data)

.data           0x0000000020000000       0x84 load address 0x00000000080015d0
                0x0000000020000000                . = ALIGN (0x4)
                0x0000000020000000                _sdata = .
 *(.data)
 *(.data*)
 .data.Can      0x0000000020000000       0x7c Can_Module/Can_PBcfg.o
                0x0000000020000000                Can
 .data.Data     0x000000002000007c        0x8 Src/main.o
                0x000000002000007c                Data
                0x0000000020000084                . = ALIGN (0x4)
                0x0000000020000084                _edata = .

.igot.plt       0x0000000020000084        0x0 load address 0x0000000008001654
 .igot.plt      0x0000000020000084        0x0 c:/st/stm32cubeide_1.4.0/stm32cubeide/plugins/com.st.stm32cube.ide.mcu.externaltools.gnu-tools-for-stm32.7-2018-q2-update.win32_1.4.0.202007081208/tools/bin/../lib/gcc/arm-none-eabi/7.3.1/thumb/v7-m/crtbegin.o
                0x0000000020000084                . = ALIGN (0x4)

.bss            0x0000000020000084      0x310 load address 0x0000000008001654
                0x0000000020000084                _sbss = .
                0x0000000020000084                __bss_start__ = _sbss
 *(.bss)
 .bss           0x0000000020000084       0x1c c:/st/stm32cubeide_1.4.0/stm32cubeide/plugins/com.st.stm32cube.ide.mcu.externaltools.gnu-tools-for-stm32.7-2018-q2-update.win32_1.4.0.202007081208/tools/bin/../lib/gcc/arm-none-eabi/7.3.1/thumb/v7-m/crtbegin.o
 *(.bss*)
 .bss.CanDriverState
                0x00000000200000a0        0x1 Can_Module/Can.o
                0x00000000200000a0                CanDriverState
 .bss.Can_Controller_State
                0x00000000200000a1        0x1 Can_Module/Can.o
                0x00000000200000a1                Can_Controller_State
 .bss.Interrupt_Enable_Counter
                0x00000000200000a2        0x1 Can_Module/Can.o
                0x00000000200000a2                Interrupt_Enable_Counter
 .bss.Interrupt_Disable_Counter
                0x00000000200000a3        0x1 Can_Module/Can.o
                0x00000000200000a3                Interrupt_Disable_Counter
 .bss.Port_Status
                0x00000000200000a4        0x1 PORT_Module/Port.o
                0x00000000200000a4                Port_Status
 *fill*         0x00000000200000a5        0x3 
 .bss.Port_Config
                0x00000000200000a8        0x4 PORT_Module/Port.o
                0x00000000200000a8                Port_Config
 .bss.Data_RX1  0x00000000200000ac        0x8 Src/main.o
                0x00000000200000ac                Data_RX1
 *(COMMON)
 COMMON         0x00000000200000b4       0xd8 Can_Module/Can.o
                0x00000000200000b4                Hardware_Object_Type
                0x00000000200000b5                Controller_Index
                0x00000000200000b8                Message_ObjectStatus
                0x00000000200000c8                RX_Message
                0x00000000200000d0                Message_Object
                0x0000000020000110                CAN_HW_Unit_settings
 COMMON         0x000000002000018c        0x1 OSEK_VDX/Cortex_Mx_Porting.o
                0x000000002000018c                SysTickLED
 *fill*         0x000000002000018d        0x3 
 COMMON         0x0000000020000190      0x1f5 OSEK_VDX/Scheduler.o
                0x0000000020000190                OS_Control
                0x000000002000033c                MYRTOS_idleTask
                0x0000000020000384                IdleTaskLED
 *fill*         0x0000000020000385        0x3 
 COMMON         0x0000000020000388        0xc Src/main.o
                0x0000000020000388                PduInfo
                0x0000000020000394                . = ALIGN (0x4)
                0x0000000020000394                _ebss = .
                0x0000000020000394                __bss_end__ = _ebss

._user_heap_stack
                0x0000000020000394      0x604 load address 0x0000000008001654
                0x0000000020000398                . = ALIGN (0x8)
 *fill*         0x0000000020000394        0x4 
                [!provide]                        PROVIDE (end = .)
                0x0000000020000398                PROVIDE (_end = .)
                0x0000000020000598                . = (. + _Min_Heap_Size)
 *fill*         0x0000000020000398      0x200 
                0x0000000020000998                . = (. + _Min_Stack_Size)
 *fill*         0x0000000020000598      0x400 
                0x0000000020000998                . = ALIGN (0x8)
                0x0000000020000998                _eheap = .

/DISCARD/
 libc.a(*)
 libm.a(*)
 libgcc.a(*)

.ARM.attributes
                0x0000000000000000       0x29
 *(.ARM.attributes)
 .ARM.attributes
                0x0000000000000000       0x1d c:/st/stm32cubeide_1.4.0/stm32cubeide/plugins/com.st.stm32cube.ide.mcu.externaltools.gnu-tools-for-stm32.7-2018-q2-update.win32_1.4.0.202007081208/tools/bin/../lib/gcc/arm-none-eabi/7.3.1/thumb/v7-m/crti.o
 .ARM.attributes
                0x000000000000001d       0x2d c:/st/stm32cubeide_1.4.0/stm32cubeide/plugins/com.st.stm32cube.ide.mcu.externaltools.gnu-tools-for-stm32.7-2018-q2-update.win32_1.4.0.202007081208/tools/bin/../lib/gcc/arm-none-eabi/7.3.1/thumb/v7-m/crtbegin.o
 .ARM.attributes
                0x000000000000004a       0x33 Can_Module/Can.o
 .ARM.attributes
                0x000000000000007d       0x33 Can_Module/CanIf.o
 .ARM.attributes
                0x00000000000000b0       0x33 Can_Module/Can_PBcfg.o
 .ARM.attributes
                0x00000000000000e3       0x33 Can_Module/stm32_f103c6_CAN.o
 .ARM.attributes
                0x0000000000000116       0x33 Common/Det.o
 .ARM.attributes
                0x0000000000000149       0x33 OSEK_VDX/Cortex_Mx_Porting.o
 .ARM.attributes
                0x000000000000017c       0x33 OSEK_VDX/Scheduler.o
 .ARM.attributes
                0x00000000000001af       0x33 PORT_Module/Port.o
 .ARM.attributes
                0x00000000000001e2       0x33 PORT_Module/Port_PBcfg.o
 .ARM.attributes
                0x0000000000000215       0x33 Src/main.o
 .ARM.attributes
                0x0000000000000248       0x21 Startup/startup_stm32f103c8tx.o
 .ARM.attributes
                0x0000000000000269       0x2d c:/st/stm32cubeide_1.4.0/stm32cubeide/plugins/com.st.stm32cube.ide.mcu.externaltools.gnu-tools-for-stm32.7-2018-q2-update.win32_1.4.0.202007081208/tools/bin/../lib/gcc/arm-none-eabi/7.3.1/../../../../arm-none-eabi/lib/thumb/v7-m\libc_nano.a(lib_a-init.o)
 .ARM.attributes
                0x0000000000000296       0x2d c:/st/stm32cubeide_1.4.0/stm32cubeide/plugins/com.st.stm32cube.ide.mcu.externaltools.gnu-tools-for-stm32.7-2018-q2-update.win32_1.4.0.202007081208/tools/bin/../lib/gcc/arm-none-eabi/7.3.1/../../../../arm-none-eabi/lib/thumb/v7-m\libc_nano.a(lib_a-memcpy-stub.o)
 .ARM.attributes
                0x00000000000002c3       0x1d c:/st/stm32cubeide_1.4.0/stm32cubeide/plugins/com.st.stm32cube.ide.mcu.externaltools.gnu-tools-for-stm32.7-2018-q2-update.win32_1.4.0.202007081208/tools/bin/../lib/gcc/arm-none-eabi/7.3.1/thumb/v7-m\libgcc.a(_arm_fixunssfsi.o)
 .ARM.attributes
                0x00000000000002e0       0x1d c:/st/stm32cubeide_1.4.0/stm32cubeide/plugins/com.st.stm32cube.ide.mcu.externaltools.gnu-tools-for-stm32.7-2018-q2-update.win32_1.4.0.202007081208/tools/bin/../lib/gcc/arm-none-eabi/7.3.1/thumb/v7-m/crtn.o
OUTPUT(Graduation_Project_V0.axf elf32-littlearm)

.debug_info     0x0000000000000000     0x3d5b
 .debug_info    0x0000000000000000      0xc06 Can_Module/Can.o
 .debug_info    0x0000000000000c06      0x4dc Can_Module/CanIf.o
 .debug_info    0x00000000000010e2      0x3a1 Can_Module/Can_PBcfg.o
 .debug_info    0x0000000000001483      0x151 Can_Module/stm32_f103c6_CAN.o
 .debug_info    0x00000000000015d4      0x3f5 Common/Det.o
 .debug_info    0x00000000000019c9      0x58e OSEK_VDX/Cortex_Mx_Porting.o
 .debug_info    0x0000000000001f57      0xe64 OSEK_VDX/Scheduler.o
 .debug_info    0x0000000000002dbb      0x4f2 PORT_Module/Port.o
 .debug_info    0x00000000000032ad      0x1c0 PORT_Module/Port_PBcfg.o
 .debug_info    0x000000000000346d      0x8cc Src/main.o
 .debug_info    0x0000000000003d39       0x22 Startup/startup_stm32f103c8tx.o

.debug_abbrev   0x0000000000000000      0xe32
 .debug_abbrev  0x0000000000000000      0x234 Can_Module/Can.o
 .debug_abbrev  0x0000000000000234      0x12c Can_Module/CanIf.o
 .debug_abbrev  0x0000000000000360       0xe3 Can_Module/Can_PBcfg.o
 .debug_abbrev  0x0000000000000443       0x93 Can_Module/stm32_f103c6_CAN.o
 .debug_abbrev  0x00000000000004d6      0x103 Common/Det.o
 .debug_abbrev  0x00000000000005d9      0x1b2 OSEK_VDX/Cortex_Mx_Porting.o
 .debug_abbrev  0x000000000000078b      0x281 OSEK_VDX/Scheduler.o
 .debug_abbrev  0x0000000000000a0c      0x1cb PORT_Module/Port.o
 .debug_abbrev  0x0000000000000bd7       0xa5 PORT_Module/Port_PBcfg.o
 .debug_abbrev  0x0000000000000c7c      0x1a4 Src/main.o
 .debug_abbrev  0x0000000000000e20       0x12 Startup/startup_stm32f103c8tx.o

.debug_aranges  0x0000000000000000      0x298
 .debug_aranges
                0x0000000000000000       0xa0 Can_Module/Can.o
 .debug_aranges
                0x00000000000000a0       0x28 Can_Module/CanIf.o
 .debug_aranges
                0x00000000000000c8       0x18 Can_Module/Can_PBcfg.o
 .debug_aranges
                0x00000000000000e0       0x20 Can_Module/stm32_f103c6_CAN.o
 .debug_aranges
                0x0000000000000100       0x20 Common/Det.o
 .debug_aranges
                0x0000000000000120       0x68 OSEK_VDX/Cortex_Mx_Porting.o
 .debug_aranges
                0x0000000000000188       0x50 OSEK_VDX/Scheduler.o
 .debug_aranges
                0x00000000000001d8       0x50 PORT_Module/Port.o
 .debug_aranges
                0x0000000000000228       0x18 PORT_Module/Port_PBcfg.o
 .debug_aranges
                0x0000000000000240       0x30 Src/main.o
 .debug_aranges
                0x0000000000000270       0x28 Startup/startup_stm32f103c8tx.o

.debug_ranges   0x0000000000000000      0x1e0
 .debug_ranges  0x0000000000000000       0x90 Can_Module/Can.o
 .debug_ranges  0x0000000000000090       0x18 Can_Module/CanIf.o
 .debug_ranges  0x00000000000000a8       0x10 Can_Module/stm32_f103c6_CAN.o
 .debug_ranges  0x00000000000000b8       0x10 Common/Det.o
 .debug_ranges  0x00000000000000c8       0x58 OSEK_VDX/Cortex_Mx_Porting.o
 .debug_ranges  0x0000000000000120       0x40 OSEK_VDX/Scheduler.o
 .debug_ranges  0x0000000000000160       0x40 PORT_Module/Port.o
 .debug_ranges  0x00000000000001a0       0x20 Src/main.o
 .debug_ranges  0x00000000000001c0       0x20 Startup/startup_stm32f103c8tx.o

.debug_macro    0x0000000000000000     0x3191
 .debug_macro   0x0000000000000000       0x9c Can_Module/Can.o
 .debug_macro   0x000000000000009c      0xa60 Can_Module/Can.o
 .debug_macro   0x0000000000000afc       0x3a Can_Module/Can.o
 .debug_macro   0x0000000000000b36       0x34 Can_Module/Can.o
 .debug_macro   0x0000000000000b6a       0x34 Can_Module/Can.o
 .debug_macro   0x0000000000000b9e       0x90 Can_Module/Can.o
 .debug_macro   0x0000000000000c2e       0x40 Can_Module/Can.o
 .debug_macro   0x0000000000000c6e       0x3a Can_Module/Can.o
 .debug_macro   0x0000000000000ca8       0x28 Can_Module/Can.o
 .debug_macro   0x0000000000000cd0       0x34 Can_Module/Can.o
 .debug_macro   0x0000000000000d04       0x76 Can_Module/Can.o
 .debug_macro   0x0000000000000d7a       0x83 Can_Module/Can.o
 .debug_macro   0x0000000000000dfd      0x2f9 Can_Module/Can.o
 .debug_macro   0x00000000000010f6       0x6d Can_Module/CanIf.o
 .debug_macro   0x0000000000001163       0x93 Can_Module/Can_PBcfg.o
 .debug_macro   0x00000000000011f6       0x46 Can_Module/stm32_f103c6_CAN.o
 .debug_macro   0x000000000000123c      0x2f3 Can_Module/stm32_f103c6_CAN.o
 .debug_macro   0x000000000000152f       0x7c Can_Module/stm32_f103c6_CAN.o
 .debug_macro   0x00000000000015ab       0x8d Common/Det.o
 .debug_macro   0x0000000000001638       0xbd OSEK_VDX/Cortex_Mx_Porting.o
 .debug_macro   0x00000000000016f5       0x28 OSEK_VDX/Cortex_Mx_Porting.o
 .debug_macro   0x000000000000171d       0x22 OSEK_VDX/Cortex_Mx_Porting.o
 .debug_macro   0x000000000000173f       0x8e OSEK_VDX/Cortex_Mx_Porting.o
 .debug_macro   0x00000000000017cd       0x51 OSEK_VDX/Cortex_Mx_Porting.o
 .debug_macro   0x000000000000181e       0xef OSEK_VDX/Cortex_Mx_Porting.o
 .debug_macro   0x000000000000190d       0x6a OSEK_VDX/Cortex_Mx_Porting.o
 .debug_macro   0x0000000000001977      0x1df OSEK_VDX/Cortex_Mx_Porting.o
 .debug_macro   0x0000000000001b56       0x1c OSEK_VDX/Cortex_Mx_Porting.o
 .debug_macro   0x0000000000001b72       0x22 OSEK_VDX/Cortex_Mx_Porting.o
 .debug_macro   0x0000000000001b94       0xe5 OSEK_VDX/Cortex_Mx_Porting.o
 .debug_macro   0x0000000000001c79      0xe3c OSEK_VDX/Cortex_Mx_Porting.o
 .debug_macro   0x0000000000002ab5       0x34 OSEK_VDX/Cortex_Mx_Porting.o
 .debug_macro   0x0000000000002ae9      0x285 OSEK_VDX/Scheduler.o
 .debug_macro   0x0000000000002d6e       0x85 PORT_Module/Port.o
 .debug_macro   0x0000000000002df3       0x3a PORT_Module/Port.o
 .debug_macro   0x0000000000002e2d      0x14e PORT_Module/Port.o
 .debug_macro   0x0000000000002f7b       0x58 PORT_Module/Port.o
 .debug_macro   0x0000000000002fd3       0x7c PORT_Module/Port_PBcfg.o
 .debug_macro   0x000000000000304f       0xc0 Src/main.o
 .debug_macro   0x000000000000310f       0x82 Src/main.o

.debug_line     0x0000000000000000     0x1ce6
 .debug_line    0x0000000000000000      0x457 Can_Module/Can.o
 .debug_line    0x0000000000000457      0x116 Can_Module/CanIf.o
 .debug_line    0x000000000000056d       0xeb Can_Module/Can_PBcfg.o
 .debug_line    0x0000000000000658      0x126 Can_Module/stm32_f103c6_CAN.o
 .debug_line    0x000000000000077e      0x13e Common/Det.o
 .debug_line    0x00000000000008bc      0x56c OSEK_VDX/Cortex_Mx_Porting.o
 .debug_line    0x0000000000000e28      0x851 OSEK_VDX/Scheduler.o
 .debug_line    0x0000000000001679      0x241 PORT_Module/Port.o
 .debug_line    0x00000000000018ba       0xc5 PORT_Module/Port_PBcfg.o
 .debug_line    0x000000000000197f      0x2e3 Src/main.o
 .debug_line    0x0000000000001c62       0x84 Startup/startup_stm32f103c8tx.o

.debug_str      0x0000000000000000    0x12b18
 .debug_str     0x0000000000000000     0x5587 Can_Module/Can.o
                                       0x568a (size before relaxing)
 .debug_str     0x0000000000005587       0x8b Can_Module/CanIf.o
                                       0x3e85 (size before relaxing)
 .debug_str     0x0000000000005612       0xf8 Can_Module/Can_PBcfg.o
                                       0x3e4e (size before relaxing)
 .debug_str     0x000000000000570a      0x373 Can_Module/stm32_f103c6_CAN.o
                                       0x4879 (size before relaxing)
 .debug_str     0x0000000000005a7d       0x42 Common/Det.o
                                       0x3da7 (size before relaxing)
 .debug_str     0x0000000000005abf     0x6b7e OSEK_VDX/Cortex_Mx_Porting.o
                                       0x99de (size before relaxing)
 .debug_str     0x000000000000c63d     0x4897 OSEK_VDX/Scheduler.o
                                       0xe46a (size before relaxing)
 .debug_str     0x0000000000010ed4      0xb5c PORT_Module/Port.o
                                       0x51da (size before relaxing)
 .debug_str     0x0000000000011a30      0x100 PORT_Module/Port_PBcfg.o
                                       0x3d3e (size before relaxing)
 .debug_str     0x0000000000011b30      0xfb7 Src/main.o
                                       0x6f2f (size before relaxing)
 .debug_str     0x0000000000012ae7       0x31 Startup/startup_stm32f103c8tx.o
                                         0x75 (size before relaxing)

.comment        0x0000000000000000       0x7b
 .comment       0x0000000000000000       0x7b Can_Module/Can.o
                                         0x7c (size before relaxing)
 .comment       0x000000000000007b       0x7c Can_Module/CanIf.o
 .comment       0x000000000000007b       0x7c Can_Module/Can_PBcfg.o
 .comment       0x000000000000007b       0x7c Can_Module/stm32_f103c6_CAN.o
 .comment       0x000000000000007b       0x7c Common/Det.o
 .comment       0x000000000000007b       0x7c OSEK_VDX/Cortex_Mx_Porting.o
 .comment       0x000000000000007b       0x7c OSEK_VDX/Scheduler.o
 .comment       0x000000000000007b       0x7c PORT_Module/Port.o
 .comment       0x000000000000007b       0x7c PORT_Module/Port_PBcfg.o
 .comment       0x000000000000007b       0x7c Src/main.o

.debug_frame    0x0000000000000000      0x764
 .debug_frame   0x0000000000000000      0x26c Can_Module/Can.o
 .debug_frame   0x000000000000026c       0x60 Can_Module/CanIf.o
 .debug_frame   0x00000000000002cc       0x38 Can_Module/stm32_f103c6_CAN.o
 .debug_frame   0x0000000000000304       0x30 Common/Det.o
 .debug_frame   0x0000000000000334      0x13c OSEK_VDX/Cortex_Mx_Porting.o
 .debug_frame   0x0000000000000470       0xe4 OSEK_VDX/Scheduler.o
 .debug_frame   0x0000000000000554      0x118 PORT_Module/Port.o
 .debug_frame   0x000000000000066c       0x80 Src/main.o
 .debug_frame   0x00000000000006ec       0x2c c:/st/stm32cubeide_1.4.0/stm32cubeide/plugins/com.st.stm32cube.ide.mcu.externaltools.gnu-tools-for-stm32.7-2018-q2-update.win32_1.4.0.202007081208/tools/bin/../lib/gcc/arm-none-eabi/7.3.1/../../../../arm-none-eabi/lib/thumb/v7-m\libc_nano.a(lib_a-init.o)
 .debug_frame   0x0000000000000718       0x28 c:/st/stm32cubeide_1.4.0/stm32cubeide/plugins/com.st.stm32cube.ide.mcu.externaltools.gnu-tools-for-stm32.7-2018-q2-update.win32_1.4.0.202007081208/tools/bin/../lib/gcc/arm-none-eabi/7.3.1/../../../../arm-none-eabi/lib/thumb/v7-m\libc_nano.a(lib_a-memcpy-stub.o)
 .debug_frame   0x0000000000000740       0x24 c:/st/stm32cubeide_1.4.0/stm32cubeide/plugins/com.st.stm32cube.ide.mcu.externaltools.gnu-tools-for-stm32.7-2018-q2-update.win32_1.4.0.202007081208/tools/bin/../lib/gcc/arm-none-eabi/7.3.1/thumb/v7-m\libgcc.a(_arm_fixunssfsi.o)
