Archive member included to satisfy reference by file (symbol)

c:/st/stm32cubeide_1.4.0/stm32cubeide/plugins/com.st.stm32cube.ide.mcu.externaltools.gnu-tools-for-stm32.7-2018-q2-update.win32_1.4.0.202007081208/tools/bin/../lib/gcc/arm-none-eabi/7.3.1/../../../../arm-none-eabi/lib/thumb/v7-m\libc_nano.a(lib_a-errno.o)
                              Src/syscalls.o (__errno)
c:/st/stm32cubeide_1.4.0/stm32cubeide/plugins/com.st.stm32cube.ide.mcu.externaltools.gnu-tools-for-stm32.7-2018-q2-update.win32_1.4.0.202007081208/tools/bin/../lib/gcc/arm-none-eabi/7.3.1/../../../../arm-none-eabi/lib/thumb/v7-m\libc_nano.a(lib_a-exit.o)
                              c:/st/stm32cubeide_1.4.0/stm32cubeide/plugins/com.st.stm32cube.ide.mcu.externaltools.gnu-tools-for-stm32.7-2018-q2-update.win32_1.4.0.202007081208/tools/bin/../lib/gcc/arm-none-eabi/7.3.1/../../../../arm-none-eabi/lib/thumb/v7-m/crt0.o (exit)
c:/st/stm32cubeide_1.4.0/stm32cubeide/plugins/com.st.stm32cube.ide.mcu.externaltools.gnu-tools-for-stm32.7-2018-q2-update.win32_1.4.0.202007081208/tools/bin/../lib/gcc/arm-none-eabi/7.3.1/../../../../arm-none-eabi/lib/thumb/v7-m\libc_nano.a(lib_a-impure.o)
                              c:/st/stm32cubeide_1.4.0/stm32cubeide/plugins/com.st.stm32cube.ide.mcu.externaltools.gnu-tools-for-stm32.7-2018-q2-update.win32_1.4.0.202007081208/tools/bin/../lib/gcc/arm-none-eabi/7.3.1/../../../../arm-none-eabi/lib/thumb/v7-m\libc_nano.a(lib_a-exit.o) (_global_impure_ptr)
c:/st/stm32cubeide_1.4.0/stm32cubeide/plugins/com.st.stm32cube.ide.mcu.externaltools.gnu-tools-for-stm32.7-2018-q2-update.win32_1.4.0.202007081208/tools/bin/../lib/gcc/arm-none-eabi/7.3.1/../../../../arm-none-eabi/lib/thumb/v7-m\libc_nano.a(lib_a-init.o)
                              c:/st/stm32cubeide_1.4.0/stm32cubeide/plugins/com.st.stm32cube.ide.mcu.externaltools.gnu-tools-for-stm32.7-2018-q2-update.win32_1.4.0.202007081208/tools/bin/../lib/gcc/arm-none-eabi/7.3.1/../../../../arm-none-eabi/lib/thumb/v7-m/crt0.o (__libc_init_array)
c:/st/stm32cubeide_1.4.0/stm32cubeide/plugins/com.st.stm32cube.ide.mcu.externaltools.gnu-tools-for-stm32.7-2018-q2-update.win32_1.4.0.202007081208/tools/bin/../lib/gcc/arm-none-eabi/7.3.1/../../../../arm-none-eabi/lib/thumb/v7-m\libc_nano.a(lib_a-memcpy-stub.o)
                              Can_Module/Can.o (memcpy)
c:/st/stm32cubeide_1.4.0/stm32cubeide/plugins/com.st.stm32cube.ide.mcu.externaltools.gnu-tools-for-stm32.7-2018-q2-update.win32_1.4.0.202007081208/tools/bin/../lib/gcc/arm-none-eabi/7.3.1/../../../../arm-none-eabi/lib/thumb/v7-m\libc_nano.a(lib_a-memset.o)
                              c:/st/stm32cubeide_1.4.0/stm32cubeide/plugins/com.st.stm32cube.ide.mcu.externaltools.gnu-tools-for-stm32.7-2018-q2-update.win32_1.4.0.202007081208/tools/bin/../lib/gcc/arm-none-eabi/7.3.1/../../../../arm-none-eabi/lib/thumb/v7-m/crt0.o (memset)
c:/st/stm32cubeide_1.4.0/stm32cubeide/plugins/com.st.stm32cube.ide.mcu.externaltools.gnu-tools-for-stm32.7-2018-q2-update.win32_1.4.0.202007081208/tools/bin/../lib/gcc/arm-none-eabi/7.3.1/thumb/v7-m\libgcc.a(_arm_addsubdf3.o)
                              PWM_Module/Pwm.o (__aeabi_ui2d)
c:/st/stm32cubeide_1.4.0/stm32cubeide/plugins/com.st.stm32cube.ide.mcu.externaltools.gnu-tools-for-stm32.7-2018-q2-update.win32_1.4.0.202007081208/tools/bin/../lib/gcc/arm-none-eabi/7.3.1/thumb/v7-m\libgcc.a(_arm_muldivdf3.o)
                              PWM_Module/Pwm.o (__aeabi_dmul)
c:/st/stm32cubeide_1.4.0/stm32cubeide/plugins/com.st.stm32cube.ide.mcu.externaltools.gnu-tools-for-stm32.7-2018-q2-update.win32_1.4.0.202007081208/tools/bin/../lib/gcc/arm-none-eabi/7.3.1/thumb/v7-m\libgcc.a(_arm_fixunsdfsi.o)
                              PWM_Module/Pwm.o (__aeabi_d2uiz)
c:/st/stm32cubeide_1.4.0/stm32cubeide/plugins/com.st.stm32cube.ide.mcu.externaltools.gnu-tools-for-stm32.7-2018-q2-update.win32_1.4.0.202007081208/tools/bin/../lib/gcc/arm-none-eabi/7.3.1/thumb/v7-m\libgcc.a(_arm_muldivsf3.o)
                              PWM_Module/Pwm.o (__aeabi_fmul)
c:/st/stm32cubeide_1.4.0/stm32cubeide/plugins/com.st.stm32cube.ide.mcu.externaltools.gnu-tools-for-stm32.7-2018-q2-update.win32_1.4.0.202007081208/tools/bin/../lib/gcc/arm-none-eabi/7.3.1/thumb/v7-m\libgcc.a(_arm_fixunssfsi.o)
                              Can_Module/Can.o (__aeabi_f2uiz)

Allocating common symbols
Common symbol       size              file

Alarm_0             0x1c              Src/main.o
Isr_Flag            0x1               ICU_Module/Icu.o
DATA                0x1               Complex_Drivers/Bluetooth_SWC.o
Task1_Led_ON        0x48              OSEK_VDX/Task_Config.o
Task4               0x48              OSEK_VDX/Task_Config.o
Alarm_1             0x1c              Src/main.o
Read_High           0x2               ICU_Module/Icu.o
Counters            0xa0              OSEK_VDX/Counter.o
Icu_config          0x4               ICU_Module/Icu.o
Read_Period         0x2               ICU_Module/Icu.o
l                   0x2               ICU_Module/Icu.o
[...]
Memory Configuration

Name             Origin             Length             Attributes
RAM              0x0000000020000000 0x0000000000005000 xrw
ROM              0x0000000008000000 0x0000000000010000 xr
*default*        0x0000000000000000 0xffffffffffffffff

Linker script and memory map

LOAD c:/st/stm32cubeide_1.4.0/stm32cubeide/plugins/com.st.stm32cube.ide.mcu.externaltools.gnu-tools-for-stm32.7-2018-q2-update.win32_1.4.0.202007081208/tools/bin/../lib/gcc/arm-none-eabi/7.3.1/thumb/v7-m/crti.o
LOAD c:/st/stm32cubeide_1.4.0/stm32cubeide/plugins/com.st.stm32cube.ide.mcu.externaltools.gnu-tools-for-stm32.7-2018-q2-update.win32_1.4.0.202007081208/tools/bin/../lib/gcc/arm-none-eabi/7.3.1/thumb/v7-m/crtbegin.o
LOAD c:/st/stm32cubeide_1.4.0/stm32cubeide/plugins/com.st.stm32cube.ide.mcu.externaltools.gnu-tools-for-stm32.7-2018-q2-update.win32_1.4.0.202007081208/tools/bin/../lib/gcc/arm-none-eabi/7.3.1/../../../../arm-none-eabi/lib/thumb/v7-m/crt0.o
LOAD CanIf_Module/CanIf.o
LOAD Can_Module/Can.o
LOAD Can_Module/Can_PBcfg.o
LOAD Can_Module/stm32_f103c6_CAN.o
LOAD Common/Det.o
LOAD Complex_Drivers/Bluetooth_SWC.o
LOAD Complex_Drivers/Cortex_M3_NVIC.o
LOAD Complex_Drivers/RC_Car.o
LOAD Complex_Drivers/delay.o
LOAD Complex_Drivers/stm32_f103c6_RCC.o
LOAD Complex_Drivers/stm32_f103c6_USART.o
LOAD DIO_Module/Dio.o
LOAD ICU_Module/Icu.o
LOAD ICU_Module/Icu_PBcfg.o
LOAD OSEK_VDX/Alarm.o
LOAD OSEK_VDX/Cortex_Mx_Porting.o
LOAD OSEK_VDX/Counter.o
LOAD OSEK_VDX/Event.o
LOAD OSEK_VDX/MY_RTOS_FIFO.o
LOAD OSEK_VDX/Scheduler.o
LOAD OSEK_VDX/Task.o
LOAD OSEK_VDX/Task_Config.o
LOAD PORT_Module/Port.o
LOAD PORT_Module/Port_PBcfg.o
LOAD PWM_Module/Pwm.o
LOAD PWM_Module/Pwm_PBcfg.o
LOAD RTE/RTE_Task.o
LOAD RTE/Rte_BSW_SWC.o
LOAD RTE/Rte_DNPW_SWC.o
LOAD RTE/Rte_EEBL_SWC.o
LOAD RTE/Rte_Empty_For_Test.o
LOAD RTE/Rte_FCW_SWC.o
LOAD RTE/Rte_IMA_SWC.o
LOAD RTE/Rte_LCD_SWC.o
LOAD RTE/Rte_LED_SWC.o
LOAD RTE/Rte_Main_SWC.o
LOAD RTE/Rte_Motor_SWC.o
LOAD RTE/Rte_Ultrasonic_SWC.o
LOAD SWCs/BSW_SWC.o
LOAD SWCs/DNPW_SWC.o
LOAD SWCs/EEBL_SWC.o
LOAD SWCs/FCW_SWC.o
LOAD SWCs/IMA_SWC.o
LOAD SWCs/LED_SWC.o
LOAD SWCs/Main_SWC.o
LOAD SWCs/Motor_SWC.o
LOAD SWCs/Ultrasonic_SWC.o
LOAD Src/Ecum.o
LOAD Src/main.o
LOAD Src/syscalls.o
LOAD Src/sysmem.o
LOAD Startup/startup_stm32f103c8tx.o
START GROUP
LOAD c:/st/stm32cubeide_1.4.0/stm32cubeide/plugins/com.st.stm32cube.ide.mcu.externaltools.gnu-tools-for-stm32.7-2018-q2-update.win32_1.4.0.202007081208/tools/bin/../lib/gcc/arm-none-eabi/7.3.1/../../../../arm-none-eabi/lib/thumb/v7-m\libc_nano.a
LOAD c:/st/stm32cubeide_1.4.0/stm32cubeide/plugins/com.st.stm32cube.ide.mcu.externaltools.gnu-tools-for-stm32.7-2018-q2-update.win32_1.4.0.202007081208/tools/bin/../lib/gcc/arm-none-eabi/7.3.1/../../../../arm-none-eabi/lib/thumb/v7-m\libm.a
END GROUP
START GROUP
LOAD c:/st/stm32cubeide_1.4.0/stm32cubeide/plugins/com.st.stm32cube.ide.mcu.externaltools.gnu-tools-for-stm32.7-2018-q2-update.win32_1.4.0.202007081208/tools/bin/../lib/gcc/arm-none-eabi/7.3.1/thumb/v7-m\libgcc.a
LOAD c:/st/stm32cubeide_1.4.0/stm32cubeide/plugins/com.st.stm32cube.ide.mcu.externaltools.gnu-tools-for-stm32.7-2018-q2-update.win32_1.4.0.202007081208/tools/bin/../lib/gcc/arm-none-eabi/7.3.1/../../../../arm-none-eabi/lib/thumb/v7-m\libc_nano.a
END GROUP
START GROUP
LOAD c:/st/stm32cubeide_1.4.0/stm32cubeide/plugins/com.st.stm32cube.ide.mcu.externaltools.gnu-tools-for-stm32.7-2018-q2-update.win32_1.4.0.202007081208/tools/bin/../lib/gcc/arm-none-eabi/7.3.1/thumb/v7-m\libgcc.a
LOAD c:/st/stm32cubeide_1.4.0/stm32cubeide/plugins/com.st.stm32cube.ide.mcu.externaltools.gnu-tools-for-stm32.7-2018-q2-update.win32_1.4.0.202007081208/tools/bin/../lib/gcc/arm-none-eabi/7.3.1/../../../../arm-none-eabi/lib/thumb/v7-m\libc_nano.a
LOAD c:/st/stm32cubeide_1.4.0/stm32cubeide/plugins/com.st.stm32cube.ide.mcu.externaltools.gnu-tools-for-stm32.7-2018-q2-update.win32_1.4.0.202007081208/tools/bin/../lib/gcc/arm-none-eabi/7.3.1/../../../../arm-none-eabi/lib/thumb/v7-m\libnosys.a
END GROUP
START GROUP
LOAD c:/st/stm32cubeide_1.4.0/stm32cubeide/plugins/com.st.stm32cube.ide.mcu.externaltools.gnu-tools-for-stm32.7-2018-q2-update.win32_1.4.0.202007081208/tools/bin/../lib/gcc/arm-none-eabi/7.3.1/thumb/v7-m\libgcc.a
LOAD c:/st/stm32cubeide_1.4.0/stm32cubeide/plugins/com.st.stm32cube.ide.mcu.externaltools.gnu-tools-for-stm32.7-2018-q2-update.win32_1.4.0.202007081208/tools/bin/../lib/gcc/arm-none-eabi/7.3.1/../../../../arm-none-eabi/lib/thumb/v7-m\libc_nano.a
LOAD c:/st/stm32cubeide_1.4.0/stm32cubeide/plugins/com.st.stm32cube.ide.mcu.externaltools.gnu-tools-for-stm32.7-2018-q2-update.win32_1.4.0.202007081208/tools/bin/../lib/gcc/arm-none-eabi/7.3.1/../../../../arm-none-eabi/lib/thumb/v7-m\libnosys.a
END GROUP
LOAD c:/st/stm32cubeide_1.4.0/stm32cubeide/plugins/com.st.stm32cube.ide.mcu.externaltools.gnu-tools-for-stm32.7-2018-q2-update.win32_1.4.0.202007081208/tools/bin/../lib/gcc/arm-none-eabi/7.3.1/thumb/v7-m/crtend.o
LOAD c:/st/stm32cubeide_1.4.0/stm32cubeide/plugins/com.st.stm32cube.ide.mcu.externaltools.gnu-tools-for-stm32.7-2018-q2-update.win32_1.4.0.202007081208/tools/bin/../lib/gcc/arm-none-eabi/7.3.1/thumb/v7-m/crtn.o
                0x0000000020005000                _estack = (ORIGIN (RAM) + LENGTH (RAM))
                0x0000000000000200                _Min_Heap_Size = 0x200
                0x0000000000000400                _Min_Stack_Size = 0x400

.isr_vector     0x0000000008000000      0x130
                0x0000000008000000                . = ALIGN (0x4)
 *(.isr_vector)
 .isr_vector    0x0000000008000000      0x130 Startup/startup_stm32f103c8tx.o
                0x0000000008000000                g_pfnVectors
                0x0000000008000130                . = ALIGN (0x4)

.text           0x0000000008000130     0x46f4
                0x0000000008000130                . = ALIGN (0x4)
 *(.text)
 .text          0x0000000008000130       0x40 c:/st/stm32cubeide_1.4.0/stm32cubeide/plugins/com.st.stm32cube.ide.mcu.externaltools.gnu-tools-for-stm32.7-2018-q2-update.win32_1.4.0.202007081208/tools/bin/../lib/gcc/arm-none-eabi/7.3.1/thumb/v7-m/crtbegin.o
 .text          0x0000000008000170      0x378 c:/st/stm32cubeide_1.4.0/stm32cubeide/plugins/com.st.stm32cube.ide.mcu.externaltools.gnu-tools-for-stm32.7-2018-q2-update.win32_1.4.0.202007081208/tools/bin/../lib/gcc/arm-none-eabi/7.3.1/thumb/v7-m\libgcc.a(_arm_addsubdf3.o)
                0x0000000008000170                __aeabi_drsub
                0x0000000008000178                __aeabi_dsub
                0x0000000008000178                __subdf3
                0x000000000800017c                __aeabi_dadd
                0x000000000800017c                __adddf3
                0x00000000080003f4                __floatunsidf
                0x00000000080003f4                __aeabi_ui2d
                0x0000000008000414                __floatsidf
                0x0000000008000414                __aeabi_i2d
                0x0000000008000438                __aeabi_f2d
                0x0000000008000438                __extendsfdf2
                0x000000000800047c                __floatundidf
                0x000000000800047c                __aeabi_ul2d
                0x000000000800048c                __floatdidf
                0x000000000800048c                __aeabi_l2d
 .text          0x00000000080004e8      0x424 c:/st/stm32cubeide_1.4.0/stm32cubeide/plugins/com.st.stm32cube.ide.mcu.externaltools.gnu-tools-for-stm32.7-2018-q2-update.win32_1.4.0.202007081208/tools/bin/../lib/gcc/arm-none-eabi/7.3.1/thumb/v7-m\libgcc.a(_arm_muldivdf3.o)
                0x00000000080004e8                __aeabi_dmul
                0x00000000080004e8                __muldf3
                0x000000000800073c                __divdf3
                0x000000000800073c                __aeabi_ddiv
 .text          0x000000000800090c       0x40 c:/st/stm32cubeide_1.4.0/stm32cubeide/plugins/com.st.stm32cube.ide.mcu.externaltools.gnu-tools-for-stm32.7-2018-q2-update.win32_1.4.0.202007081208/tools/bin/../lib/gcc/arm-none-eabi/7.3.1/thumb/v7-m\libgcc.a(_arm_fixunsdfsi.o)
                0x000000000800090c                __aeabi_d2uiz
                0x000000000800090c                __fixunsdfsi
 .text          0x000000000800094c      0x2a0 c:/st/stm32cubeide_1.4.0/stm32cubeide/plugins/com.st.stm32cube.ide.mcu.externaltools.gnu-tools-for-stm32.7-2018-q2-update.win32_1.4.0.202007081208/tools/bin/../lib/gcc/arm-none-eabi/7.3.1/thumb/v7-m\libgcc.a(_arm_muldivsf3.o)
                0x000000000800094c                __mulsf3
                0x000000000800094c                __aeabi_fmul
                0x0000000008000ab4                __aeabi_fdiv
                0x0000000008000ab4                __divsf3
 .text          0x0000000008000bec       0x40 c:/st/stm32cubeide_1.4.0/stm32cubeide/plugins/com.st.stm32cube.ide.mcu.externaltools.gnu-tools-for-stm32.7-2018-q2-update.win32_1.4.0.202007081208/tools/bin/../lib/gcc/arm-none-eabi/7.3.1/thumb/v7-m\libgcc.a(_arm_fixunssfsi.o)
                0x0000000008000bec                __fixunssfsi
                0x0000000008000bec                __aeabi_f2uiz
 *(.text*)
 .text.CanIf_RxIndication
                0x0000000008000c2c       0x80 CanIf_Module/CanIf.o
                0x0000000008000c2c                CanIf_RxIndication
 .text.CanIf_TxConfirmation
                0x0000000008000cac       0x14 CanIf_Module/CanIf.o
                0x0000000008000cac                CanIf_TxConfirmation
 .text.CanIf_ControllerModeIndication
                0x0000000008000cc0       0x1a CanIf_Module/CanIf.o
                0x0000000008000cc0                CanIf_ControllerModeIndication
 *fill*         0x0000000008000cda        0x2 
 .text.Can_Init
                0x0000000008000cdc      0x1f0 Can_Module/Can.o
                0x0000000008000cdc                Can_Init
 .text.Can_SetControllerMode
                0x0000000008000ecc      0x168 Can_Module/Can.o
                0x0000000008000ecc                Can_SetControllerMode
 .text.Can_DisableControllerInterrupts
                0x0000000008001034       0xd4 Can_Module/Can.o
                0x0000000008001034                Can_DisableControllerInterrupts
 .text.Can_EnableControllerInterrupts
                0x0000000008001108       0xd4 Can_Module/Can.o
                0x0000000008001108                Can_EnableControllerInterrupts
 .text.USB_HP_CAN_TX_IRQHandler
                0x00000000080011dc       0x98 Can_Module/Can.o
                0x00000000080011dc                USB_HP_CAN_TX_IRQHandler
 .text.USB_LP_CAN_RX0_IRQHandler
                0x0000000008001274      0x170 Can_Module/Can.o
                0x0000000008001274                USB_LP_CAN_RX0_IRQHandler
 .text.MCAL_CAN_Config_Filter
                0x00000000080013e4      0x238 Can_Module/stm32_f103c6_CAN.o
                0x00000000080013e4                MCAL_CAN_Config_Filter
 .text.Det_ReportError
                0x000000000800161c       0x20 Common/Det.o
                0x000000000800161c                Det_ReportError
 .text.Bluetooth_Init
                0x000000000800163c       0x50 Complex_Drivers/Bluetooth_SWC.o
                0x000000000800163c                Bluetooth_Init
 .text.MCAL_GPIO_TogglePin
                0x000000000800168c       0x3c Complex_Drivers/Bluetooth_SWC.o
                0x000000000800168c                MCAL_GPIO_TogglePin
 .text.Bluetooth_RX_Byte
                0x00000000080016c8       0x20 Complex_Drivers/Bluetooth_SWC.o
                0x00000000080016c8                Bluetooth_RX_Byte
 .text.USART1_IRQ_Call
                0x00000000080016e8       0xe8 Complex_Drivers/Bluetooth_SWC.o
                0x00000000080016e8                USART1_IRQ_Call
 .text.Set_Speed
                0x00000000080017d0       0x70 Complex_Drivers/RC_Car.o
                0x00000000080017d0                Set_Speed
 .text.Forward_Dir
                0x0000000008001840       0x28 Complex_Drivers/RC_Car.o
                0x0000000008001840                Forward_Dir
 .text.Back_Dir
                0x0000000008001868       0x28 Complex_Drivers/RC_Car.o
                0x0000000008001868                Back_Dir
 .text.Right_Dir
                0x0000000008001890       0x28 Complex_Drivers/RC_Car.o
                0x0000000008001890                Right_Dir
 .text.Left_Dir
                0x00000000080018b8       0x28 Complex_Drivers/RC_Car.o
                0x00000000080018b8                Left_Dir
 .text.Stop_Car
                0x00000000080018e0       0x28 Complex_Drivers/RC_Car.o
                0x00000000080018e0                Stop_Car
 .text.delay_ms
                0x0000000008001908       0x54 Complex_Drivers/delay.o
                0x0000000008001908                delay_ms
 .text.MCAL_Get_SYSCLC_FREQ
                0x000000000800195c       0x34 Complex_Drivers/stm32_f103c6_RCC.o
                0x000000000800195c                MCAL_Get_SYSCLC_FREQ
 .text.MCAL_Get_PCLC1_FREQ
                0x0000000008001990       0x28 Complex_Drivers/stm32_f103c6_RCC.o
                0x0000000008001990                MCAL_Get_PCLC1_FREQ
 .text.MCAL_Get_PCLC2_FREQ
                0x00000000080019b8       0x28 Complex_Drivers/stm32_f103c6_RCC.o
                0x00000000080019b8                MCAL_Get_PCLC2_FREQ
 .text.MCAL_USART_Init
                0x00000000080019e0      0x188 Complex_Drivers/stm32_f103c6_USART.o
                0x00000000080019e0                MCAL_USART_Init
 .text.MCAL_USART_ReceiveData
                0x0000000008001b68       0xd4 Complex_Drivers/stm32_f103c6_USART.o
                0x0000000008001b68                MCAL_USART_ReceiveData
 .text.USART1_IRQHandler
                0x0000000008001c3c       0x14 Complex_Drivers/stm32_f103c6_USART.o
                0x0000000008001c3c                USART1_IRQHandler
 .text.USART2_IRQHandler
                0x0000000008001c50       0x14 Complex_Drivers/stm32_f103c6_USART.o
                0x0000000008001c50                USART2_IRQHandler
 .text.USART3_IRQHandler
                0x0000000008001c64       0x14 Complex_Drivers/stm32_f103c6_USART.o
                0x0000000008001c64                USART3_IRQHandler
 .text.Dio_WriteChannel
                0x0000000008001c78      0x1fc DIO_Module/Dio.o
                0x0000000008001c78                Dio_WriteChannel
 .text.Icu_Init
                0x0000000008001e74      0x188 ICU_Module/Icu.o
                0x0000000008001e74                Icu_Init
 .text.Icu_DisableNotification
                0x0000000008001ffc       0x78 ICU_Module/Icu.o
                0x0000000008001ffc                Icu_DisableNotification
 .text.Icu_StartSignalMeasurement
                0x0000000008002074       0x64 ICU_Module/Icu.o
                0x0000000008002074                Icu_StartSignalMeasurement
 .text.Icu_StopSignalMeasurement
                0x00000000080020d8       0x5c ICU_Module/Icu.o
                0x00000000080020d8                Icu_StopSignalMeasurement
 .text.Icu_GetTimeElapsed
                0x0000000008002134       0x98 ICU_Module/Icu.o
                0x0000000008002134                Icu_GetTimeElapsed
 .text.TIM3_IRQHandler
                0x00000000080021cc      0x250 ICU_Module/Icu.o
                0x00000000080021cc                TIM3_IRQHandler
 .text.Icu_SignalNotification_Channel_0
                0x000000000800241c        0xc ICU_Module/Icu_PBcfg.o
                0x000000000800241c                Icu_SignalNotification_Channel_0
 .text.__NVIC_SetPriority
                0x0000000008002428       0x54 OSEK_VDX/Cortex_Mx_Porting.o
 .text.SysTick_Config
                0x000000000800247c       0x44 OSEK_VDX/Cortex_Mx_Porting.o
 .text.HardFault_Handler
                0x00000000080024c0        0x6 OSEK_VDX/Cortex_Mx_Porting.o
                0x00000000080024c0                HardFault_Handler
 .text.MemManage_Handler
                0x00000000080024c6        0x6 OSEK_VDX/Cortex_Mx_Porting.o
                0x00000000080024c6                MemManage_Handler
 .text.UsageFault_Handler
                0x00000000080024cc        0x6 OSEK_VDX/Cortex_Mx_Porting.o
                0x00000000080024cc                UsageFault_Handler
 .text.HW_init  0x00000000080024d2       0x12 OSEK_VDX/Cortex_Mx_Porting.o
                0x00000000080024d2                HW_init
 .text.trigger_OS_PendSV
                0x00000000080024e4       0x2c OSEK_VDX/Cortex_Mx_Porting.o
                0x00000000080024e4                trigger_OS_PendSV
 .text.Start_Ticker
                0x0000000008002510       0x10 OSEK_VDX/Cortex_Mx_Porting.o
                0x0000000008002510                Start_Ticker
 .text.SysTick_Handler
                0x0000000008002520      0x148 OSEK_VDX/Cortex_Mx_Porting.o
                0x0000000008002520                SysTick_Handler
 .text.SetEvent
                0x0000000008002668       0xb8 OSEK_VDX/Event.o
                0x0000000008002668                SetEvent
 .text.ClearEvent
                0x0000000008002720       0x98 OSEK_VDX/Event.o
                0x0000000008002720                ClearEvent
 .text.WaitEvent
                0x00000000080027b8       0xa0 OSEK_VDX/Event.o
                0x00000000080027b8                WaitEvent
 .text.FIFO_init
                0x0000000008002858       0x44 OSEK_VDX/MY_RTOS_FIFO.o
                0x0000000008002858                FIFO_init
 .text.FIFO_enqueue
                0x000000000800289c       0x84 OSEK_VDX/MY_RTOS_FIFO.o
                0x000000000800289c                FIFO_enqueue
 .text.FIFO_is_full
                0x0000000008002920       0x4c OSEK_VDX/MY_RTOS_FIFO.o
                0x0000000008002920                FIFO_is_full
 .text.MYRTOS_IdleTask
                0x000000000800296c       0x38 OSEK_VDX/Scheduler.o
                0x000000000800296c                MYRTOS_IdleTask
 .text.PendSV_Handler
                0x00000000080029a4      0x270 OSEK_VDX/Scheduler.o
                0x00000000080029a4                PendSV_Handler
 .text.MYRTOS_Create_MainStack
                0x0000000008002c14       0x3c OSEK_VDX/Scheduler.o
                0x0000000008002c14                MYRTOS_Create_MainStack
 .text.MYRTOS_Init
                0x0000000008002c50       0x7c OSEK_VDX/Scheduler.o
                0x0000000008002c50                MYRTOS_Init
 .text.MyRTOS_Create_TaskStack
                0x0000000008002ccc       0x7c OSEK_VDX/Scheduler.o
                0x0000000008002ccc                MyRTOS_Create_TaskStack
 .text.MYRTOS_CreateTask
                0x0000000008002d48       0x88 OSEK_VDX/Scheduler.o
                0x0000000008002d48                MYRTOS_CreateTask
 .text.MYRTOS_STARTOS
                0x0000000008002dd0       0x88 OSEK_VDX/Scheduler.o
                0x0000000008002dd0                MYRTOS_STARTOS
 .text.ActivateTask
                0x0000000008002e58       0xc8 OSEK_VDX/Task.o
                0x0000000008002e58                ActivateTask
 .text.Schedule
                0x0000000008002f20      0x104 OSEK_VDX/Task.o
                0x0000000008002f20                Schedule
 .text.Os_Init  0x0000000008003024      0x120 OSEK_VDX/Task_Config.o
                0x0000000008003024                Os_Init
 .text.get_position
                0x0000000008003144       0x6c PORT_Module/Port.o
                0x0000000008003144                get_position
 .text.Port_Init
                0x00000000080031b0      0x490 PORT_Module/Port.o
                0x00000000080031b0                Port_Init
 .text.Pwm_Init
                0x0000000008003640      0x4fc PWM_Module/Pwm.o
                0x0000000008003640                Pwm_Init
 .text.Pwm_SetDutyCycle
                0x0000000008003b3c       0xfc PWM_Module/Pwm.o
                0x0000000008003b3c                Pwm_SetDutyCycle
 .text.Task1_Entry
                0x0000000008003c38       0x16 RTE/RTE_Task.o
                0x0000000008003c38                Task1_Entry
 .text.Task3_Entry
                0x0000000008003c4e       0x16 RTE/RTE_Task.o
                0x0000000008003c4e                Task3_Entry
 .text.Task4_Entry
                0x0000000008003c64       0x16 RTE/RTE_Task.o
                0x0000000008003c64                Task4_Entry
 *fill*         0x0000000008003c7a        0x2 
 .text.Rte_IWrite_BSW_SWC_BSW_SWC_Runnable_PP_LED_Warning_LED_Warning
                0x0000000008003c7c       0x2c RTE/Rte_BSW_SWC.o
                0x0000000008003c7c                Rte_IWrite_BSW_SWC_BSW_SWC_Runnable_PP_LED_Warning_LED_Warning
 .text.Rte_IWrite_BSW_SWC_BSW_SWC_Runnable_PP_Motor_Speed_Motor_Speed
                0x0000000008003ca8       0x2c RTE/Rte_BSW_SWC.o
                0x0000000008003ca8                Rte_IWrite_BSW_SWC_BSW_SWC_Runnable_PP_Motor_Speed_Motor_Speed
 .text.Rte_IWrite_DNPW_SWC_DNPW_SWC_Runnable_PP_LED_Warning_LED_Warning
                0x0000000008003cd4       0x2c RTE/Rte_DNPW_SWC.o
                0x0000000008003cd4                Rte_IWrite_DNPW_SWC_DNPW_SWC_Runnable_PP_LED_Warning_LED_Warning
 .text.Rte_IWrite_DNPW_SWC_DNPW_SWC_Runnable_PP_Motor_Speed_Motor_Speed
                0x0000000008003d00       0x2c RTE/Rte_DNPW_SWC.o
                0x0000000008003d00                Rte_IWrite_DNPW_SWC_DNPW_SWC_Runnable_PP_Motor_Speed_Motor_Speed
 .text.Rte_IWrite_EEBL_SWC_EEBL_SWC_Runnable_PP_LED_Warning_LED_Warning
                0x0000000008003d2c       0x2c RTE/Rte_EEBL_SWC.o
                0x0000000008003d2c                Rte_IWrite_EEBL_SWC_EEBL_SWC_Runnable_PP_LED_Warning_LED_Warning
 .text.Rte_IWrite_EEBL_SWC_EEBL_SWC_Runnable_PP_Motor_Speed_Motor_Speed
                0x0000000008003d58       0x2c RTE/Rte_EEBL_SWC.o
                0x0000000008003d58                Rte_IWrite_EEBL_SWC_EEBL_SWC_Runnable_PP_Motor_Speed_Motor_Speed
 .text.Rte_Call_EEBL_SWC_RP_Get_Distance_Call_Ultrasonic
                0x0000000008003d84       0x40 RTE/Rte_EEBL_SWC.o
                0x0000000008003d84                Rte_Call_EEBL_SWC_RP_Get_Distance_Call_Ultrasonic
 .text.Rte_IWrite_Empty_For_Test_Empty_For_Test_Runnable_PP_CAN_Frame_CAN_Frame
                0x0000000008003dc4       0x30 RTE/Rte_Empty_For_Test.o
                0x0000000008003dc4                Rte_IWrite_Empty_For_Test_Empty_For_Test_Runnable_PP_CAN_Frame_CAN_Frame
 .text.Rte_IWrite_FCW_SWC_FCW_SWC_Runnable_PP_LED_Warning_LED_Warning
                0x0000000008003df4       0x2c RTE/Rte_FCW_SWC.o
                0x0000000008003df4                Rte_IWrite_FCW_SWC_FCW_SWC_Runnable_PP_LED_Warning_LED_Warning
 .text.Rte_IWrite_FCW_SWC_FCW_SWC_Runnable_PP_Motor_Speed_Motor_Speed
                0x0000000008003e20       0x2c RTE/Rte_FCW_SWC.o
                0x0000000008003e20                Rte_IWrite_FCW_SWC_FCW_SWC_Runnable_PP_Motor_Speed_Motor_Speed
 .text.Rte_Call_FCW_SWC_RP_Get_Distance_Call_Ultrasonic
                0x0000000008003e4c       0x40 RTE/Rte_FCW_SWC.o
                0x0000000008003e4c                Rte_Call_FCW_SWC_RP_Get_Distance_Call_Ultrasonic
 .text.Rte_IWrite_IMA_SWC_IMA_SWC_Runnable_PP_LED_Warning_LED_Warning
                0x0000000008003e8c       0x2c RTE/Rte_IMA_SWC.o
                0x0000000008003e8c                Rte_IWrite_IMA_SWC_IMA_SWC_Runnable_PP_LED_Warning_LED_Warning
 .text.Rte_IWrite_IMA_SWC_IMA_SWC_Runnable_PP_Motor_Speed_Motor_Speed
                0x0000000008003eb8       0x2c RTE/Rte_IMA_SWC.o
                0x0000000008003eb8                Rte_IWrite_IMA_SWC_IMA_SWC_Runnable_PP_Motor_Speed_Motor_Speed
 .text.Rte_IRead_LED_SWC_LED_SWC_Runnable_RP_LED_Warning_LED_Warning
                0x0000000008003ee4       0x18 RTE/Rte_LED_SWC.o
                0x0000000008003ee4                Rte_IRead_LED_SWC_LED_SWC_Runnable_RP_LED_Warning_LED_Warning
 .text.Rte_IRead_Main_SWC_Main_SWC_Runnable_RP_CAN_Frame_CAN_Frame
                0x0000000008003efc       0x14 RTE/Rte_Main_SWC.o
                0x0000000008003efc                Rte_IRead_Main_SWC_Main_SWC_Runnable_RP_CAN_Frame_CAN_Frame
 .text.Rte_Call_Main_SWC_RP_Call_BSW_Call_Subsystem
                0x0000000008003f10       0x40 RTE/Rte_Main_SWC.o
                0x0000000008003f10                Rte_Call_Main_SWC_RP_Call_BSW_Call_Subsystem
 .text.Rte_Call_Main_SWC_RP_Call_EEBL_Call_Subsystem
                0x0000000008003f50       0x40 RTE/Rte_Main_SWC.o
                0x0000000008003f50                Rte_Call_Main_SWC_RP_Call_EEBL_Call_Subsystem
 .text.Rte_Call_Main_SWC_RP_Call_DNPW_Call_Subsystem
                0x0000000008003f90       0x40 RTE/Rte_Main_SWC.o
                0x0000000008003f90                Rte_Call_Main_SWC_RP_Call_DNPW_Call_Subsystem
 .text.Rte_Call_Main_SWC_RP_Call_FCW_Call_Subsystem
                0x0000000008003fd0       0x40 RTE/Rte_Main_SWC.o
                0x0000000008003fd0                Rte_Call_Main_SWC_RP_Call_FCW_Call_Subsystem
 .text.Rte_Call_Main_SWC_RP_Call_IMA_Call_Subsystem
                0x0000000008004010       0x40 RTE/Rte_Main_SWC.o
                0x0000000008004010                Rte_Call_Main_SWC_RP_Call_IMA_Call_Subsystem
 .text.Rte_IRead_Motor_SWC_Motor_SWC_Runnable_RP_Motor_Speed_Motor_Speed
                0x0000000008004050       0x18 RTE/Rte_Motor_SWC.o
                0x0000000008004050                Rte_IRead_Motor_SWC_Motor_SWC_Runnable_RP_Motor_Speed_Motor_Speed
 .text.BSW_SWC  0x0000000008004068       0x6c SWCs/BSW_SWC.o
                0x0000000008004068                BSW_SWC
 .text.DNPW_SWC
                0x00000000080040d4       0x6a SWCs/DNPW_SWC.o
                0x00000000080040d4                DNPW_SWC
 .text.EEBL_SWC
                0x000000000800413e       0x6c SWCs/EEBL_SWC.o
                0x000000000800413e                EEBL_SWC
 *fill*         0x00000000080041aa        0x2 
 .text.FCW_SWC  0x00000000080041ac       0xc4 SWCs/FCW_SWC.o
                0x00000000080041ac                FCW_SWC
 .text.IMA_SWC  0x0000000008004270      0x138 SWCs/IMA_SWC.o
                0x0000000008004270                IMA_SWC
 .text.LED_SWC  0x00000000080043a8       0x36 SWCs/LED_SWC.o
                0x00000000080043a8                LED_SWC
 *fill*         0x00000000080043de        0x2 
 .text.Main_SWC
                0x00000000080043e0       0x7c SWCs/Main_SWC.o
                0x00000000080043e0                Main_SWC
 .text.Motor_SWC
                0x000000000800445c       0x58 SWCs/Motor_SWC.o
                0x000000000800445c                Motor_SWC
 .text.Ultrasonic_SWC
                0x00000000080044b4       0x60 SWCs/Ultrasonic_SWC.o
                0x00000000080044b4                Ultrasonic_SWC
 .text.EcuM_Init
                0x0000000008004514       0x94 Src/Ecum.o
                0x0000000008004514                EcuM_Init
 .text.Can_Filter
                0x00000000080045a8       0x38 Src/main.o
                0x00000000080045a8                Can_Filter
 .text.AlarmCallback_Alarm0
                0x00000000080045e0       0x14 Src/main.o
                0x00000000080045e0                AlarmCallback_Alarm0
 .text.AlarmCallback_Alarm1
                0x00000000080045f4       0x14 Src/main.o
                0x00000000080045f4                AlarmCallback_Alarm1
 .text.AlarmCallback_Alarm2
                0x0000000008004608       0x14 Src/main.o
                0x0000000008004608                AlarmCallback_Alarm2
 .text.main     0x000000000800461c      0x13c Src/main.o
                0x000000000800461c                main
 .text.Reset_Handler
                0x0000000008004758       0x50 Startup/startup_stm32f103c8tx.o
                0x0000000008004758                Reset_Handler
 .text.Default_Handler
                0x00000000080047a8        0x2 Startup/startup_stm32f103c8tx.o
                0x00000000080047a8                EXTI2_IRQHandler
                0x00000000080047a8                TIM8_TRG_COM_IRQHandler
                0x00000000080047a8                TIM8_CC_IRQHandler
                0x00000000080047a8                DebugMon_Handler
                0x00000000080047a8                TIM1_CC_IRQHandler
                0x00000000080047a8                TIM6_IRQHandler
                0x00000000080047a8                PVD_IRQHandler
                0x00000000080047a8                SDIO_IRQHandler
                0x00000000080047a8                NMI_Handler
                0x00000000080047a8                EXTI3_IRQHandler
                0x00000000080047a8                EXTI0_IRQHandler
                0x00000000080047a8                I2C2_EV_IRQHandler
                0x00000000080047a8                ADC1_2_IRQHandler
                0x00000000080047a8                SPI1_IRQHandler
                0x00000000080047a8                CAN_SCE_IRQHandler
                0x00000000080047a8                TAMPER_IRQHandler
                0x00000000080047a8                TIM8_UP_IRQHandler
                0x00000000080047a8                DMA2_Channel2_IRQHandler
                0x00000000080047a8                DMA1_Channel4_IRQHandler
                0x00000000080047a8                RTC_IRQHandler
                0x00000000080047a8                DMA1_Channel7_IRQHandler
                0x00000000080047a8                UART5_IRQHandler
                0x00000000080047a8                ADC3_IRQHandler
                0x00000000080047a8                TIM4_IRQHandler
                0x00000000080047a8                CAN_RX1_IRQHandler
                0x00000000080047a8                DMA2_Channel1_IRQHandler
                0x00000000080047a8                I2C1_EV_IRQHandler
                0x00000000080047a8                DMA1_Channel6_IRQHandler
                0x00000000080047a8                UART4_IRQHandler
                0x00000000080047a8                RCC_IRQHandler
                0x00000000080047a8                TIM1_TRG_COM_IRQHandler
                0x00000000080047a8                DMA1_Channel1_IRQHandler
                0x00000000080047a8                Default_Handler
                0x00000000080047a8                EXTI15_10_IRQHandler
                0x00000000080047a8                TIM7_IRQHandler
                0x00000000080047a8                TIM5_IRQHandler
                0x00000000080047a8                EXTI9_5_IRQHandler
                0x00000000080047a8                SPI2_IRQHandler
                0x00000000080047a8                SVC_Handler
                0x00000000080047a8                DMA1_Channel5_IRQHandler
                0x00000000080047a8                EXTI4_IRQHandler
                0x00000000080047a8                DMA1_Channel3_IRQHandler
                0x00000000080047a8                FSMC_IRQHandler
                0x00000000080047a8                TIM1_UP_IRQHandler
                0x00000000080047a8                WWDG_IRQHandler
                0x00000000080047a8                TIM2_IRQHandler
                0x00000000080047a8                TIM1_BRK_IRQHandler
                0x00000000080047a8                EXTI1_IRQHandler
                0x00000000080047a8                RTCAlarm_IRQHandler
                0x00000000080047a8                DMA2_Channel4_5_IRQHandler
                0x00000000080047a8                I2C2_ER_IRQHandler
                0x00000000080047a8                DMA1_Channel2_IRQHandler
                0x00000000080047a8                TIM8_BRK_IRQHandler
                0x00000000080047a8                FLASH_IRQHandler
                0x00000000080047a8                BusFault_Handler
                0x00000000080047a8                SPI3_IRQHandler
                0x00000000080047a8                I2C1_ER_IRQHandler
                0x00000000080047a8                DMA2_Channel3_IRQHandler
 *fill*         0x00000000080047aa        0x2 
 .text.__libc_init_array
                0x00000000080047ac       0x48 c:/st/stm32cubeide_1.4.0/stm32cubeide/plugins/com.st.stm32cube.ide.mcu.externaltools.gnu-tools-for-stm32.7-2018-q2-update.win32_1.4.0.202007081208/tools/bin/../lib/gcc/arm-none-eabi/7.3.1/../../../../arm-none-eabi/lib/thumb/v7-m\libc_nano.a(lib_a-init.o)
                0x00000000080047ac                __libc_init_array
 .text.memcpy   0x00000000080047f4       0x16 c:/st/stm32cubeide_1.4.0/stm32cubeide/plugins/com.st.stm32cube.ide.mcu.externaltools.gnu-tools-for-stm32.7-2018-q2-update.win32_1.4.0.202007081208/tools/bin/../lib/gcc/arm-none-eabi/7.3.1/../../../../arm-none-eabi/lib/thumb/v7-m\libc_nano.a(lib_a-memcpy-stub.o)
                0x00000000080047f4                memcpy
 *(.glue_7)
 .glue_7        0x000000000800480a        0x0 linker stubs
 *(.glue_7t)
 .glue_7t       0x000000000800480a        0x0 linker stubs
 *(.eh_frame)
 *fill*         0x000000000800480a        0x2 
 .eh_frame      0x000000000800480c        0x0 c:/st/stm32cubeide_1.4.0/stm32cubeide/plugins/com.st.stm32cube.ide.mcu.externaltools.gnu-tools-for-stm32.7-2018-q2-update.win32_1.4.0.202007081208/tools/bin/../lib/gcc/arm-none-eabi/7.3.1/thumb/v7-m/crtbegin.o
 *(.init)
 .init          0x000000000800480c        0x4 c:/st/stm32cubeide_1.4.0/stm32cubeide/plugins/com.st.stm32cube.ide.mcu.externaltools.gnu-tools-for-stm32.7-2018-q2-update.win32_1.4.0.202007081208/tools/bin/../lib/gcc/arm-none-eabi/7.3.1/thumb/v7-m/crti.o
                0x000000000800480c                _init
 .init          0x0000000008004810        0x8 c:/st/stm32cubeide_1.4.0/stm32cubeide/plugins/com.st.stm32cube.ide.mcu.externaltools.gnu-tools-for-stm32.7-2018-q2-update.win32_1.4.0.202007081208/tools/bin/../lib/gcc/arm-none-eabi/7.3.1/thumb/v7-m/crtn.o
 *(.fini)
 .fini          0x0000000008004818        0x4 c:/st/stm32cubeide_1.4.0/stm32cubeide/plugins/com.st.stm32cube.ide.mcu.externaltools.gnu-tools-for-stm32.7-2018-q2-update.win32_1.4.0.202007081208/tools/bin/../lib/gcc/arm-none-eabi/7.3.1/thumb/v7-m/crti.o
                0x0000000008004818                _fini
 .fini          0x000000000800481c        0x8 c:/st/stm32cubeide_1.4.0/stm32cubeide/plugins/com.st.stm32cube.ide.mcu.externaltools.gnu-tools-for-stm32.7-2018-q2-update.win32_1.4.0.202007081208/tools/bin/../lib/gcc/arm-none-eabi/7.3.1/thumb/v7-m/crtn.o
                0x0000000008004824                . = ALIGN (0x4)
                0x0000000008004824                _etext = .

.vfp11_veneer   0x0000000008004824        0x0
 .vfp11_veneer  0x0000000008004824        0x0 linker stubs

.v4_bx          0x0000000008004824        0x0
 .v4_bx         0x0000000008004824        0x0 linker stubs

.iplt           0x0000000008004824        0x0
 .iplt          0x0000000008004824        0x0 c:/st/stm32cubeide_1.4.0/stm32cubeide/plugins/com.st.stm32cube.ide.mcu.externaltools.gnu-tools-for-stm32.7-2018-q2-update.win32_1.4.0.202007081208/tools/bin/../lib/gcc/arm-none-eabi/7.3.1/thumb/v7-m/crtbegin.o

.rodata         0x0000000008004824      0x1b8
                0x0000000008004824                . = ALIGN (0x4)
 *(.rodata)
 .rodata        0x0000000008004824        0x9 OSEK_VDX/Scheduler.o
 *fill*         0x000000000800482d        0x3 
 .rodata        0x0000000008004830       0x16 OSEK_VDX/Task_Config.o
 *(.rodata*)
 *fill*         0x0000000008004846        0x2 
 .rodata.PPRE1_table
                0x0000000008004848        0x8 Complex_Drivers/stm32_f103c6_RCC.o
                0x0000000008004848                PPRE1_table
 .rodata.Port   0x0000000008004850      0x140 PORT_Module/Port_PBcfg.o
                0x0000000008004850                Port
 .rodata.Rte_Instance_BSW_SWC
                0x0000000008004990        0xc RTE/Rte_BSW_SWC.o
                0x0000000008004990                Rte_Instance_BSW_SWC
 .rodata.Rte_Instance_DNPW_SWC
                0x000000000800499c        0xc RTE/Rte_DNPW_SWC.o
                0x000000000800499c                Rte_Instance_DNPW_SWC
 .rodata.Rte_Instance_EEBL_SWC
                0x00000000080049a8        0xc RTE/Rte_EEBL_SWC.o
                0x00000000080049a8                Rte_Instance_EEBL_SWC
 .rodata.Rte_Instance_Empty_For_Test
                0x00000000080049b4        0x4 RTE/Rte_Empty_For_Test.o
                0x00000000080049b4                Rte_Instance_Empty_For_Test
 .rodata.Rte_Instance_FCW_SWC
                0x00000000080049b8        0xc RTE/Rte_FCW_SWC.o
                0x00000000080049b8                Rte_Instance_FCW_SWC
 .rodata.Rte_Instance_IMA_SWC
                0x00000000080049c4        0xc RTE/Rte_IMA_SWC.o
                0x00000000080049c4                Rte_Instance_IMA_SWC
 .rodata.Rte_Instance_LED_SWC
                0x00000000080049d0        0x4 RTE/Rte_LED_SWC.o
                0x00000000080049d0                Rte_Instance_LED_SWC
 .rodata.Rte_Instance_Main_SWC
                0x00000000080049d4        0x4 RTE/Rte_Main_SWC.o
                0x00000000080049d4                Rte_Instance_Main_SWC
 .rodata.Rte_Instance_Motor_SWC
                0x00000000080049d8        0x4 RTE/Rte_Motor_SWC.o
                0x00000000080049d8                Rte_Instance_Motor_SWC
                0x00000000080049dc                . = ALIGN (0x4)

.rel.dyn        0x00000000080049dc        0x0
 .rel.iplt      0x00000000080049dc        0x0 c:/st/stm32cubeide_1.4.0/stm32cubeide/plugins/com.st.stm32cube.ide.mcu.externaltools.gnu-tools-for-stm32.7-2018-q2-update.win32_1.4.0.202007081208/tools/bin/../lib/gcc/arm-none-eabi/7.3.1/thumb/v7-m/crtbegin.o

.ARM.extab      0x00000000080049dc        0x0
                0x00000000080049dc                . = ALIGN (0x4)
 *(.ARM.extab* .gnu.linkonce.armextab.*)
                0x00000000080049dc                . = ALIGN (0x4)

.ARM            0x00000000080049dc        0x0
                0x00000000080049dc                . = ALIGN (0x4)
                0x00000000080049dc                __exidx_start = .
 *(.ARM.exidx*)
                0x00000000080049dc                __exidx_end = .
                0x00000000080049dc                . = ALIGN (0x4)

.preinit_array  0x00000000080049dc        0x0
                0x00000000080049dc                . = ALIGN (0x4)
                0x00000000080049dc                PROVIDE (__preinit_array_start = .)
 *(.preinit_array*)
                0x00000000080049dc                PROVIDE (__preinit_array_end = .)
                0x00000000080049dc                . = ALIGN (0x4)

.init_array     0x00000000080049dc        0x4
                0x00000000080049dc                . = ALIGN (0x4)
                0x00000000080049dc                PROVIDE (__init_array_start = .)
 *(SORT_BY_NAME(.init_array.*))
 *(.init_array*)
 .init_array    0x00000000080049dc        0x4 c:/st/stm32cubeide_1.4.0/stm32cubeide/plugins/com.st.stm32cube.ide.mcu.externaltools.gnu-tools-for-stm32.7-2018-q2-update.win32_1.4.0.202007081208/tools/bin/../lib/gcc/arm-none-eabi/7.3.1/thumb/v7-m/crtbegin.o
                0x00000000080049e0                PROVIDE (__init_array_end = .)
                0x00000000080049e0                . = ALIGN (0x4)

.fini_array     0x00000000080049e0        0x4
                0x00000000080049e0                . = ALIGN (0x4)
                [!provide]                        PROVIDE (__fini_array_start = .)
 *(SORT_BY_NAME(.fini_array.*))
 *(.fini_array*)
 .fini_array    0x00000000080049e0        0x4 c:/st/stm32cubeide_1.4.0/stm32cubeide/plugins/com.st.stm32cube.ide.mcu.externaltools.gnu-tools-for-stm32.7-2018-q2-update.win32_1.4.0.202007081208/tools/bin/../lib/gcc/arm-none-eabi/7.3.1/thumb/v7-m/crtbegin.o
                [!provide]                        PROVIDE (__fini_array_end = .)
                0x00000000080049e4                . = ALIGN (0x4)
                0x00000000080049e4                _sidata = LOADADDR (.data)

.data           0x0000000020000000       0xec load address 0x00000000080049e4
                0x0000000020000000                . = ALIGN (0x4)
                0x0000000020000000                _sdata = .
 *(.data)
 *(.data*)
 .data.Can      0x0000000020000000       0x7c Can_Module/Can_PBcfg.o
                0x0000000020000000                Can
 .data.ICU_Config
                0x000000002000007c       0x15 ICU_Module/Icu_PBcfg.o
                0x000000002000007c                ICU_Config
 *fill*         0x0000000020000091        0x3 
 .data.PWM_Config
                0x0000000020000094       0x50 PWM_Module/Pwm_PBcfg.o
                0x0000000020000094                PWM_Config
 .data.Data     0x00000000200000e4        0x8 Src/main.o
                0x00000000200000e4                Data
                0x00000000200000ec                . = ALIGN (0x4)
                0x00000000200000ec                _edata = .

.igot.plt       0x00000000200000ec        0x0 load address 0x0000000008004ad0
 .igot.plt      0x00000000200000ec        0x0 c:/st/stm32cubeide_1.4.0/stm32cubeide/plugins/com.st.stm32cube.ide.mcu.externaltools.gnu-tools-for-stm32.7-2018-q2-update.win32_1.4.0.202007081208/tools/bin/../lib/gcc/arm-none-eabi/7.3.1/thumb/v7-m/crtbegin.o
                0x00000000200000ec                . = ALIGN (0x4)

.bss            0x00000000200000ec      0x78c load address 0x0000000008004ad0
                0x00000000200000ec                _sbss = .
                0x00000000200000ec                __bss_start__ = _sbss
 *(.bss)
 .bss           0x00000000200000ec       0x1c c:/st/stm32cubeide_1.4.0/stm32cubeide/plugins/com.st.stm32cube.ide.mcu.externaltools.gnu-tools-for-stm32.7-2018-q2-update.win32_1.4.0.202007081208/tools/bin/../lib/gcc/arm-none-eabi/7.3.1/thumb/v7-m/crtbegin.o
 *(.bss*)
 .bss.DLC_RX    0x0000000020000108        0x1 CanIf_Module/CanIf.o
                0x0000000020000108                DLC_RX
 *fill*         0x0000000020000109        0x3 
 .bss.ID        0x000000002000010c        0x4 CanIf_Module/CanIf.o
                0x000000002000010c                ID
 .bss.HrH       0x0000000020000110        0x1 CanIf_Module/CanIf.o
                0x0000000020000110                HrH
 .bss.CanDriverState
                0x0000000020000111        0x1 Can_Module/Can.o
                0x0000000020000111                CanDriverState
 .bss.Can_Controller_State
                0x0000000020000112        0x1 Can_Module/Can.o
                0x0000000020000112                Can_Controller_State
 .bss.Interrupt_Enable_Counter
                0x0000000020000113        0x1 Can_Module/Can.o
                0x0000000020000113                Interrupt_Enable_Counter
 .bss.Interrupt_Disable_Counter
                0x0000000020000114        0x1 Can_Module/Can.o
                0x0000000020000114                Interrupt_Disable_Counter
 *fill*         0x0000000020000115        0x3 
 .bss.Config.4525
                0x0000000020000118       0x10 Complex_Drivers/Bluetooth_SWC.o
 .bss.x.4530    0x0000000020000128        0x1 Complex_Drivers/Bluetooth_SWC.o
 *fill*         0x0000000020000129        0x3 
 .bss.g_USART_Config
                0x000000002000012c        0xc Complex_Drivers/stm32_f103c6_USART.o
                0x000000002000012c                g_USART_Config
 .bss.Icu_State
                0x0000000020000138        0x1 ICU_Module/Icu.o
                0x0000000020000138                Icu_State
 *fill*         0x0000000020000139        0x3 
 .bss.Alarms    0x000000002000013c       0x28 OSEK_VDX/Alarm.o
                0x000000002000013c                Alarms
 .bss.Alarms_Number
                0x0000000020000164        0x1 OSEK_VDX/Alarm.o
                0x0000000020000164                Alarms_Number
 *fill*         0x0000000020000165        0x3 
 .bss.count     0x0000000020000168        0x4 OSEK_VDX/Cortex_Mx_Porting.o
                0x0000000020000168                count
 .bss.newtime   0x000000002000016c       0x28 OSEK_VDX/Cortex_Mx_Porting.o
                0x000000002000016c                newtime
 .bss.Counters_Number
                0x0000000020000194        0x1 OSEK_VDX/Counter.o
                0x0000000020000194                Counters_Number
 .bss.Port_Status
                0x0000000020000195        0x1 PORT_Module/Port.o
                0x0000000020000195                Port_Status
 *fill*         0x0000000020000196        0x2 
 .bss.Port_Config
                0x0000000020000198        0x4 PORT_Module/Port.o
                0x0000000020000198                Port_Config
 .bss.PWM_State
                0x000000002000019c        0x1 PWM_Module/Pwm.o
                0x000000002000019c                PWM_State
 .bss.Flag_Notifications
                0x000000002000019d        0x1 PWM_Module/Pwm.o
                0x000000002000019d                Flag_Notifications
 *fill*         0x000000002000019e        0x2 
 .bss.Rte_Call_EEBL_SWC_RP_Get_Distance_Call_Ultrasonic_Delegate
                0x00000000200001a0        0x4 RTE/Rte_EEBL_SWC.o
                0x00000000200001a0                Rte_Call_EEBL_SWC_RP_Get_Distance_Call_Ultrasonic_Delegate
 .bss.EEBL_SWC_RP_Get_Distance_Call_Ultrasonic_Buffer_retcode
                0x00000000200001a4        0x1 RTE/Rte_EEBL_SWC.o
                0x00000000200001a4                EEBL_SWC_RP_Get_Distance_Call_Ultrasonic_Buffer_retcode
 .bss.FCW_SWC_RP_Get_Distance_Call_Ultrasonic_Buffer_retcode
                0x00000000200001a5        0x1 RTE/Rte_FCW_SWC.o
                0x00000000200001a5                FCW_SWC_RP_Get_Distance_Call_Ultrasonic_Buffer_retcode
 *fill*         0x00000000200001a6        0x2 
 .bss.Rte_Call_FCW_SWC_RP_Get_Distance_Call_Ultrasonic_Delegate
                0x00000000200001a8        0x4 RTE/Rte_FCW_SWC.o
                0x00000000200001a8                Rte_Call_FCW_SWC_RP_Get_Distance_Call_Ultrasonic_Delegate
 .bss.Main_SWC_RP_Call_BSW_Call_Subsystem_Buffer_retcode
                0x00000000200001ac        0x1 RTE/Rte_Main_SWC.o
                0x00000000200001ac                Main_SWC_RP_Call_BSW_Call_Subsystem_Buffer_retcode
 .bss.Main_SWC_RP_Call_EEBL_Call_Subsystem_Buffer_retcode
                0x00000000200001ad        0x1 RTE/Rte_Main_SWC.o
                0x00000000200001ad                Main_SWC_RP_Call_EEBL_Call_Subsystem_Buffer_retcode
 .bss.Main_SWC_RP_Call_DNPW_Call_Subsystem_Buffer_retcode
                0x00000000200001ae        0x1 RTE/Rte_Main_SWC.o
                0x00000000200001ae                Main_SWC_RP_Call_DNPW_Call_Subsystem_Buffer_retcode
 .bss.Main_SWC_RP_Call_FCW_Call_Subsystem_Buffer_retcode
                0x00000000200001af        0x1 RTE/Rte_Main_SWC.o
                0x00000000200001af                Main_SWC_RP_Call_FCW_Call_Subsystem_Buffer_retcode
 .bss.Main_SWC_RP_Call_IMA_Call_Subsystem_Buffer_retcode
                0x00000000200001b0        0x1 RTE/Rte_Main_SWC.o
                0x00000000200001b0                Main_SWC_RP_Call_IMA_Call_Subsystem_Buffer_retcode
 *fill*         0x00000000200001b1        0x3 
 .bss.Rte_Call_Main_SWC_RP_Call_BSW_Call_Subsystem_Delegate
                0x00000000200001b4        0x4 RTE/Rte_Main_SWC.o
                0x00000000200001b4                Rte_Call_Main_SWC_RP_Call_BSW_Call_Subsystem_Delegate
 .bss.Rte_Call_Main_SWC_RP_Call_EEBL_Call_Subsystem_Delegate
                0x00000000200001b8        0x4 RTE/Rte_Main_SWC.o
                0x00000000200001b8                Rte_Call_Main_SWC_RP_Call_EEBL_Call_Subsystem_Delegate
 .bss.Rte_Call_Main_SWC_RP_Call_DNPW_Call_Subsystem_Delegate
                0x00000000200001bc        0x4 RTE/Rte_Main_SWC.o
                0x00000000200001bc                Rte_Call_Main_SWC_RP_Call_DNPW_Call_Subsystem_Delegate
 .bss.Rte_Call_Main_SWC_RP_Call_FCW_Call_Subsystem_Delegate
                0x00000000200001c0        0x4 RTE/Rte_Main_SWC.o
                0x00000000200001c0                Rte_Call_Main_SWC_RP_Call_FCW_Call_Subsystem_Delegate
 .bss.Rte_Call_Main_SWC_RP_Call_IMA_Call_Subsystem_Delegate
                0x00000000200001c4        0x4 RTE/Rte_Main_SWC.o
                0x00000000200001c4                Rte_Call_Main_SWC_RP_Call_IMA_Call_Subsystem_Delegate
 .bss.FRAME     0x00000000200001c8        0x2 SWCs/BSW_SWC.o
                0x00000000200001c8                FRAME
 *fill*         0x00000000200001ca        0x2 
 .bss.Frame     0x00000000200001cc        0x4 SWCs/Main_SWC.o
                0x00000000200001cc                Frame
 *(COMMON)
 COMMON         0x00000000200001d0       0x18 CanIf_Module/CanIf.o
                0x00000000200001d0                RX_Message
                0x00000000200001d8                RX_Mailbox
                0x00000000200001e0                RX_PduInfoPtr
 COMMON         0x00000000200001e8       0xd0 Can_Module/Can.o
                0x00000000200001e8                Hardware_Object_Type
                0x00000000200001e9                Controller_Index
                0x00000000200001ec                Message_ObjectStatus
                0x00000000200001fc                Message_Object
                0x000000002000023c                CAN_HW_Unit_settings
 COMMON         0x00000000200002b8        0x1 Complex_Drivers/Bluetooth_SWC.o
                0x00000000200002b8                DATA
 *fill*         0x00000000200002b9        0x3 
 COMMON         0x00000000200002bc       0x2d ICU_Module/Icu.o
                0x00000000200002bc                Isr_Flag
                0x00000000200002be                Read_High
                0x00000000200002c0                Icu_config
                0x00000000200002c4                Read_Period
                0x00000000200002c6                l
                0x00000000200002c8                Channel_Activation
                0x00000000200002cc                Read_Low
                0x00000000200002ce                h
                0x00000000200002d0                Channel_Measurement
                0x00000000200002e0                Channel_config
                0x00000000200002e4                ICU_MODE
                0x00000000200002e8                Notification_Flag
 *fill*         0x00000000200002e9        0x3 
 COMMON         0x00000000200002ec       0xc8 OSEK_VDX/Counter.o
                0x00000000200002ec                Counters
                0x000000002000038c                Conters_Value
 COMMON         0x00000000200003b4      0x1f5 OSEK_VDX/Scheduler.o
                0x00000000200003b4                OS_Control
                0x0000000020000560                MYRTOS_idleTask
                0x00000000200005a8                IdleTaskLED
 *fill*         0x00000000200005a9        0x3 
 COMMON         0x00000000200005ac       0x3c OSEK_VDX/Task.o
                0x00000000200005ac                Ready_QUEUE
                0x00000000200005c0                Ready_QUEUE_FIFO
 COMMON         0x00000000200005e8      0x1b0 OSEK_VDX/Task_Config.o
                0x00000000200005e8                Task1_Led_ON
                0x0000000020000630                Task4
                0x0000000020000678                Task1
                0x00000000200006c0                Task2_Led_OFF
                0x0000000020000708                Task3
                0x0000000020000750                Task2
 COMMON         0x0000000020000798       0x50 PWM_Module/Pwm.o
                0x0000000020000798                Pwm_Config
 COMMON         0x00000000200007e8        0x1 RTE/Rte_LCD_SWC.o
                0x00000000200007e8                LCD_SWC_Runnable_RP_LCD_Warning_LCD_Warning
 *fill*         0x00000000200007e9        0x3 
 COMMON         0x00000000200007ec        0x1 RTE/Rte_LED_SWC.o
                0x00000000200007ec                LED_SWC_Runnable_RP_LED_Warning_LED_Warning
 *fill*         0x00000000200007ed        0x3 
 COMMON         0x00000000200007f0        0x8 RTE/Rte_Main_SWC.o
                0x00000000200007f0                Main_SWC_Runnable_RP_CAN_Frame_CAN_Frame
 COMMON         0x00000000200007f8        0x1 RTE/Rte_Motor_SWC.o
                0x00000000200007f8                Motor_SWC_Runnable_RP_Motor_Speed_Motor_Speed
 *fill*         0x00000000200007f9        0x3 
 COMMON         0x00000000200007fc       0x7c Src/main.o
                0x00000000200007fc                Alarm_0
                0x0000000020000818                Alarm_1
                0x0000000020000834                PduInfo
                0x0000000020000840                SoftwareCounter_0
                0x0000000020000850                Info_0
                0x000000002000085c                Alarm_2
                0x0000000020000878                . = ALIGN (0x4)
                0x0000000020000878                _ebss = .
                0x0000000020000878                __bss_end__ = _ebss

._user_heap_stack
                0x0000000020000878      0x600 load address 0x0000000008004ad0
                0x0000000020000878                . = ALIGN (0x8)
                [!provide]                        PROVIDE (end = .)
                0x0000000020000878                PROVIDE (_end = .)
                0x0000000020000a78                . = (. + _Min_Heap_Size)
 *fill*         0x0000000020000878      0x200 
                0x0000000020000e78                . = (. + _Min_Stack_Size)
 *fill*         0x0000000020000a78      0x400 
                0x0000000020000e78                . = ALIGN (0x8)
                0x0000000020000e78                _eheap = .

/DISCARD/
 libc.a(*)
 libm.a(*)
 libgcc.a(*)

.ARM.attributes
                0x0000000000000000       0x29
 *(.ARM.attributes)
 .ARM.attributes
                0x0000000000000000       0x1d c:/st/stm32cubeide_1.4.0/stm32cubeide/plugins/com.st.stm32cube.ide.mcu.externaltools.gnu-tools-for-stm32.7-2018-q2-update.win32_1.4.0.202007081208/tools/bin/../lib/gcc/arm-none-eabi/7.3.1/thumb/v7-m/crti.o
 .ARM.attributes
                0x000000000000001d       0x2d c:/st/stm32cubeide_1.4.0/stm32cubeide/plugins/com.st.stm32cube.ide.mcu.externaltools.gnu-tools-for-stm32.7-2018-q2-update.win32_1.4.0.202007081208/tools/bin/../lib/gcc/arm-none-eabi/7.3.1/thumb/v7-m/crtbegin.o
 .ARM.attributes
                0x000000000000004a       0x33 CanIf_Module/CanIf.o
 .ARM.attributes
                0x000000000000007d       0x33 Can_Module/Can.o
 .ARM.attributes
                0x00000000000000b0       0x33 Can_Module/Can_PBcfg.o
 .ARM.attributes
                0x00000000000000e3       0x33 Can_Module/stm32_f103c6_CAN.o
 .ARM.attributes
                0x0000000000000116       0x33 Common/Det.o
 .ARM.attributes
                0x0000000000000149       0x33 Complex_Drivers/Bluetooth_SWC.o
 .ARM.attributes
                0x000000000000017c       0x33 Complex_Drivers/RC_Car.o
 .ARM.attributes
                0x00000000000001af       0x33 Complex_Drivers/delay.o
 .ARM.attributes
                0x00000000000001e2       0x33 Complex_Drivers/stm32_f103c6_RCC.o
 .ARM.attributes
                0x0000000000000215       0x33 Complex_Drivers/stm32_f103c6_USART.o
 .ARM.attributes
                0x0000000000000248       0x33 DIO_Module/Dio.o
 .ARM.attributes
                0x000000000000027b       0x33 ICU_Module/Icu.o
 .ARM.attributes
                0x00000000000002ae       0x33 ICU_Module/Icu_PBcfg.o
 .ARM.attributes
                0x00000000000002e1       0x33 OSEK_VDX/Alarm.o
 .ARM.attributes
                0x0000000000000314       0x33 OSEK_VDX/Cortex_Mx_Porting.o
 .ARM.attributes
                0x0000000000000347       0x33 OSEK_VDX/Counter.o
 .ARM.attributes
                0x000000000000037a       0x33 OSEK_VDX/Event.o
 .ARM.attributes
                0x00000000000003ad       0x33 OSEK_VDX/MY_RTOS_FIFO.o
 .ARM.attributes
                0x00000000000003e0       0x33 OSEK_VDX/Scheduler.o
 .ARM.attributes
                0x0000000000000413       0x33 OSEK_VDX/Task.o
 .ARM.attributes
                0x0000000000000446       0x33 OSEK_VDX/Task_Config.o
 .ARM.attributes
                0x0000000000000479       0x33 PORT_Module/Port.o
 .ARM.attributes
                0x00000000000004ac       0x33 PORT_Module/Port_PBcfg.o
 .ARM.attributes
                0x00000000000004df       0x33 PWM_Module/Pwm.o
 .ARM.attributes
                0x0000000000000512       0x33 PWM_Module/Pwm_PBcfg.o
 .ARM.attributes
                0x0000000000000545       0x33 RTE/RTE_Task.o
 .ARM.attributes
                0x0000000000000578       0x33 RTE/Rte_BSW_SWC.o
 .ARM.attributes
                0x00000000000005ab       0x33 RTE/Rte_DNPW_SWC.o
 .ARM.attributes
                0x00000000000005de       0x33 RTE/Rte_EEBL_SWC.o
 .ARM.attributes
                0x0000000000000611       0x33 RTE/Rte_Empty_For_Test.o
 .ARM.attributes
                0x0000000000000644       0x33 RTE/Rte_FCW_SWC.o
 .ARM.attributes
                0x0000000000000677       0x33 RTE/Rte_IMA_SWC.o
 .ARM.attributes
                0x00000000000006aa       0x33 RTE/Rte_LCD_SWC.o
 .ARM.attributes
                0x00000000000006dd       0x33 RTE/Rte_LED_SWC.o
 .ARM.attributes
                0x0000000000000710       0x33 RTE/Rte_Main_SWC.o
 .ARM.attributes
                0x0000000000000743       0x33 RTE/Rte_Motor_SWC.o
 .ARM.attributes
                0x0000000000000776       0x33 SWCs/BSW_SWC.o
 .ARM.attributes
                0x00000000000007a9       0x33 SWCs/DNPW_SWC.o
 .ARM.attributes
                0x00000000000007dc       0x33 SWCs/EEBL_SWC.o
 .ARM.attributes
                0x000000000000080f       0x33 SWCs/FCW_SWC.o
 .ARM.attributes
                0x0000000000000842       0x33 SWCs/IMA_SWC.o
 .ARM.attributes
                0x0000000000000875       0x33 SWCs/LED_SWC.o
 .ARM.attributes
                0x00000000000008a8       0x33 SWCs/Main_SWC.o
 .ARM.attributes
                0x00000000000008db       0x33 SWCs/Motor_SWC.o
 .ARM.attributes
                0x000000000000090e       0x33 SWCs/Ultrasonic_SWC.o
 .ARM.attributes
                0x0000000000000941       0x33 Src/Ecum.o
 .ARM.attributes
                0x0000000000000974       0x33 Src/main.o
 .ARM.attributes
                0x00000000000009a7       0x21 Startup/startup_stm32f103c8tx.o
 .ARM.attributes
                0x00000000000009c8       0x2d c:/st/stm32cubeide_1.4.0/stm32cubeide/plugins/com.st.stm32cube.ide.mcu.externaltools.gnu-tools-for-stm32.7-2018-q2-update.win32_1.4.0.202007081208/tools/bin/../lib/gcc/arm-none-eabi/7.3.1/../../../../arm-none-eabi/lib/thumb/v7-m\libc_nano.a(lib_a-init.o)
 .ARM.attributes
                0x00000000000009f5       0x2d c:/st/stm32cubeide_1.4.0/stm32cubeide/plugins/com.st.stm32cube.ide.mcu.externaltools.gnu-tools-for-stm32.7-2018-q2-update.win32_1.4.0.202007081208/tools/bin/../lib/gcc/arm-none-eabi/7.3.1/../../../../arm-none-eabi/lib/thumb/v7-m\libc_nano.a(lib_a-memcpy-stub.o)
 .ARM.attributes
                0x0000000000000a22       0x1d c:/st/stm32cubeide_1.4.0/stm32cubeide/plugins/com.st.stm32cube.ide.mcu.externaltools.gnu-tools-for-stm32.7-2018-q2-update.win32_1.4.0.202007081208/tools/bin/../lib/gcc/arm-none-eabi/7.3.1/thumb/v7-m\libgcc.a(_arm_addsubdf3.o)
 .ARM.attributes
                0x0000000000000a3f       0x1d c:/st/stm32cubeide_1.4.0/stm32cubeide/plugins/com.st.stm32cube.ide.mcu.externaltools.gnu-tools-for-stm32.7-2018-q2-update.win32_1.4.0.202007081208/tools/bin/../lib/gcc/arm-none-eabi/7.3.1/thumb/v7-m\libgcc.a(_arm_muldivdf3.o)
 .ARM.attributes
                0x0000000000000a5c       0x1d c:/st/stm32cubeide_1.4.0/stm32cubeide/plugins/com.st.stm32cube.ide.mcu.externaltools.gnu-tools-for-stm32.7-2018-q2-update.win32_1.4.0.202007081208/tools/bin/../lib/gcc/arm-none-eabi/7.3.1/thumb/v7-m\libgcc.a(_arm_fixunsdfsi.o)
 .ARM.attributes
                0x0000000000000a79       0x1d c:/st/stm32cubeide_1.4.0/stm32cubeide/plugins/com.st.stm32cube.ide.mcu.externaltools.gnu-tools-for-stm32.7-2018-q2-update.win32_1.4.0.202007081208/tools/bin/../lib/gcc/arm-none-eabi/7.3.1/thumb/v7-m\libgcc.a(_arm_muldivsf3.o)
 .ARM.attributes
                0x0000000000000a96       0x1d c:/st/stm32cubeide_1.4.0/stm32cubeide/plugins/com.st.stm32cube.ide.mcu.externaltools.gnu-tools-for-stm32.7-2018-q2-update.win32_1.4.0.202007081208/tools/bin/../lib/gcc/arm-none-eabi/7.3.1/thumb/v7-m\libgcc.a(_arm_fixunssfsi.o)
 .ARM.attributes
                0x0000000000000ab3       0x1d c:/st/stm32cubeide_1.4.0/stm32cubeide/plugins/com.st.stm32cube.ide.mcu.externaltools.gnu-tools-for-stm32.7-2018-q2-update.win32_1.4.0.202007081208/tools/bin/../lib/gcc/arm-none-eabi/7.3.1/thumb/v7-m/crtn.o
OUTPUT(Graduation_Project_V0.axf elf32-littlearm)

.debug_info     0x0000000000000000    0x183d4
 .debug_info    0x0000000000000000      0x5cd CanIf_Module/CanIf.o
 .debug_info    0x00000000000005cd      0xc06 Can_Module/Can.o
 .debug_info    0x00000000000011d3      0x3a1 Can_Module/Can_PBcfg.o
 .debug_info    0x0000000000001574      0x151 Can_Module/stm32_f103c6_CAN.o
 .debug_info    0x00000000000016c5      0x3f5 Common/Det.o
 .debug_info    0x0000000000001aba      0x5ce Complex_Drivers/Bluetooth_SWC.o
 .debug_info    0x0000000000002088      0x250 Complex_Drivers/RC_Car.o
 .debug_info    0x00000000000022d8      0x1cc Complex_Drivers/delay.o
 .debug_info    0x00000000000024a4      0x1c2 Complex_Drivers/stm32_f103c6_RCC.o
 .debug_info    0x0000000000002666      0x432 Complex_Drivers/stm32_f103c6_USART.o
 .debug_info    0x0000000000002a98      0x2f9 DIO_Module/Dio.o
 .debug_info    0x0000000000002d91      0x77c ICU_Module/Icu.o
 .debug_info    0x000000000000350d      0x213 ICU_Module/Icu_PBcfg.o
 .debug_info    0x0000000000003720      0xad1 OSEK_VDX/Alarm.o
 .debug_info    0x00000000000041f1      0xf29 OSEK_VDX/Cortex_Mx_Porting.o
 .debug_info    0x000000000000511a      0x987 OSEK_VDX/Counter.o
 .debug_info    0x0000000000005aa1      0xe29 OSEK_VDX/Event.o
 .debug_info    0x00000000000068ca      0xc5c OSEK_VDX/MY_RTOS_FIFO.o
 .debug_info    0x0000000000007526      0xe64 OSEK_VDX/Scheduler.o
 .debug_info    0x000000000000838a      0xe99 OSEK_VDX/Task.o
 .debug_info    0x0000000000009223      0xbfb OSEK_VDX/Task_Config.o
 .debug_info    0x0000000000009e1e      0x4f2 PORT_Module/Port.o
 .debug_info    0x000000000000a310      0x1c0 PORT_Module/Port_PBcfg.o
 .debug_info    0x000000000000a4d0      0x5ff PWM_Module/Pwm.o
 .debug_info    0x000000000000aacf      0x1ed PWM_Module/Pwm_PBcfg.o
 .debug_info    0x000000000000acbc      0xf0f RTE/RTE_Task.o
 .debug_info    0x000000000000bbcb      0xd1a RTE/Rte_BSW_SWC.o
 .debug_info    0x000000000000c8e5      0xd1a RTE/Rte_DNPW_SWC.o
 .debug_info    0x000000000000d5ff      0xd1a RTE/Rte_EEBL_SWC.o
 .debug_info    0x000000000000e319      0xbf8 RTE/Rte_Empty_For_Test.o
 .debug_info    0x000000000000ef11      0xd1a RTE/Rte_FCW_SWC.o
 .debug_info    0x000000000000fc2b      0xd1a RTE/Rte_IMA_SWC.o
 .debug_info    0x0000000000010945      0x94b RTE/Rte_LCD_SWC.o
 .debug_info    0x0000000000011290      0x94b RTE/Rte_LED_SWC.o
 .debug_info    0x0000000000011bdb      0xbcc RTE/Rte_Main_SWC.o
 .debug_info    0x00000000000127a7      0x94b RTE/Rte_Motor_SWC.o
 .debug_info    0x00000000000130f2      0x1b0 SWCs/BSW_SWC.o
 .debug_info    0x00000000000132a2      0x172 SWCs/DNPW_SWC.o
 .debug_info    0x0000000000013414      0x9b6 SWCs/EEBL_SWC.o
 .debug_info    0x0000000000013dca      0x9b6 SWCs/FCW_SWC.o
 .debug_info    0x0000000000014780      0x9c1 SWCs/IMA_SWC.o
 .debug_info    0x0000000000015141      0x128 SWCs/LED_SWC.o
 .debug_info    0x0000000000015269      0x965 SWCs/Main_SWC.o
 .debug_info    0x0000000000015bce      0x260 SWCs/Motor_SWC.o
 .debug_info    0x0000000000015e2e      0x18d SWCs/Ultrasonic_SWC.o
 .debug_info    0x0000000000015fbb     0x1086 Src/Ecum.o
 .debug_info    0x0000000000017041     0x1371 Src/main.o
 .debug_info    0x00000000000183b2       0x22 Startup/startup_stm32f103c8tx.o

.debug_abbrev   0x0000000000000000     0x48e4
 .debug_abbrev  0x0000000000000000      0x187 CanIf_Module/CanIf.o
 .debug_abbrev  0x0000000000000187      0x234 Can_Module/Can.o
 .debug_abbrev  0x00000000000003bb       0xe3 Can_Module/Can_PBcfg.o
 .debug_abbrev  0x000000000000049e       0x93 Can_Module/stm32_f103c6_CAN.o
 .debug_abbrev  0x0000000000000531      0x103 Common/Det.o
 .debug_abbrev  0x0000000000000634      0x1a5 Complex_Drivers/Bluetooth_SWC.o
 .debug_abbrev  0x00000000000007d9       0xe6 Complex_Drivers/RC_Car.o
 .debug_abbrev  0x00000000000008bf       0xad Complex_Drivers/delay.o
 .debug_abbrev  0x000000000000096c       0xbf Complex_Drivers/stm32_f103c6_RCC.o
 .debug_abbrev  0x0000000000000a2b      0x16a Complex_Drivers/stm32_f103c6_USART.o
 .debug_abbrev  0x0000000000000b95      0x149 DIO_Module/Dio.o
 .debug_abbrev  0x0000000000000cde      0x18c ICU_Module/Icu.o
 .debug_abbrev  0x0000000000000e6a       0xa0 ICU_Module/Icu_PBcfg.o
 .debug_abbrev  0x0000000000000f0a      0x1ef OSEK_VDX/Alarm.o
 .debug_abbrev  0x00000000000010f9      0x2a2 OSEK_VDX/Cortex_Mx_Porting.o
 .debug_abbrev  0x000000000000139b      0x165 OSEK_VDX/Counter.o
 .debug_abbrev  0x0000000000001500      0x20c OSEK_VDX/Event.o
 .debug_abbrev  0x000000000000170c      0x1c2 OSEK_VDX/MY_RTOS_FIFO.o
 .debug_abbrev  0x00000000000018ce      0x281 OSEK_VDX/Scheduler.o
 .debug_abbrev  0x0000000000001b4f      0x234 OSEK_VDX/Task.o
 .debug_abbrev  0x0000000000001d83      0x1cd OSEK_VDX/Task_Config.o
 .debug_abbrev  0x0000000000001f50      0x1cb PORT_Module/Port.o
 .debug_abbrev  0x000000000000211b       0xa5 PORT_Module/Port_PBcfg.o
 .debug_abbrev  0x00000000000021c0      0x1bd PWM_Module/Pwm.o
 .debug_abbrev  0x000000000000237d       0xcc PWM_Module/Pwm_PBcfg.o
 .debug_abbrev  0x0000000000002449      0x20f RTE/RTE_Task.o
 .debug_abbrev  0x0000000000002658      0x251 RTE/Rte_BSW_SWC.o
 .debug_abbrev  0x00000000000028a9      0x251 RTE/Rte_DNPW_SWC.o
 .debug_abbrev  0x0000000000002afa      0x251 RTE/Rte_EEBL_SWC.o
 .debug_abbrev  0x0000000000002d4b      0x1de RTE/Rte_Empty_For_Test.o
 .debug_abbrev  0x0000000000002f29      0x251 RTE/Rte_FCW_SWC.o
 .debug_abbrev  0x000000000000317a      0x251 RTE/Rte_IMA_SWC.o
 .debug_abbrev  0x00000000000033cb      0x194 RTE/Rte_LCD_SWC.o
 .debug_abbrev  0x000000000000355f      0x194 RTE/Rte_LED_SWC.o
 .debug_abbrev  0x00000000000036f3      0x1e4 RTE/Rte_Main_SWC.o
 .debug_abbrev  0x00000000000038d7      0x194 RTE/Rte_Motor_SWC.o
 .debug_abbrev  0x0000000000003a6b      0x10c SWCs/BSW_SWC.o
 .debug_abbrev  0x0000000000003b77       0xb5 SWCs/DNPW_SWC.o
 .debug_abbrev  0x0000000000003c2c      0x196 SWCs/EEBL_SWC.o
 .debug_abbrev  0x0000000000003dc2      0x196 SWCs/FCW_SWC.o
 .debug_abbrev  0x0000000000003f58      0x196 SWCs/IMA_SWC.o
 .debug_abbrev  0x00000000000040ee       0xa2 SWCs/LED_SWC.o
 .debug_abbrev  0x0000000000004190      0x185 SWCs/Main_SWC.o
 .debug_abbrev  0x0000000000004315       0xd5 SWCs/Motor_SWC.o
 .debug_abbrev  0x00000000000043ea       0xf4 SWCs/Ultrasonic_SWC.o
 .debug_abbrev  0x00000000000044de      0x1d1 Src/Ecum.o
 .debug_abbrev  0x00000000000046af      0x223 Src/main.o
 .debug_abbrev  0x00000000000048d2       0x12 Startup/startup_stm32f103c8tx.o

.debug_aranges  0x0000000000000000      0xa50
 .debug_aranges
                0x0000000000000000       0x30 CanIf_Module/CanIf.o
 .debug_aranges
                0x0000000000000030       0xa0 Can_Module/Can.o
 .debug_aranges
                0x00000000000000d0       0x18 Can_Module/Can_PBcfg.o
 .debug_aranges
                0x00000000000000e8       0x20 Can_Module/stm32_f103c6_CAN.o
 .debug_aranges
                0x0000000000000108       0x20 Common/Det.o
 .debug_aranges
                0x0000000000000128       0x38 Complex_Drivers/Bluetooth_SWC.o
 .debug_aranges
                0x0000000000000160       0x48 Complex_Drivers/RC_Car.o
 .debug_aranges
                0x00000000000001a8       0x28 Complex_Drivers/delay.o
 .debug_aranges
                0x00000000000001d0       0x38 Complex_Drivers/stm32_f103c6_RCC.o
 .debug_aranges
                0x0000000000000208       0x68 Complex_Drivers/stm32_f103c6_USART.o
 .debug_aranges
                0x0000000000000270       0x40 DIO_Module/Dio.o
 .debug_aranges
                0x00000000000002b0       0x70 ICU_Module/Icu.o
 .debug_aranges
                0x0000000000000320       0x20 ICU_Module/Icu_PBcfg.o
 .debug_aranges
                0x0000000000000340       0x28 OSEK_VDX/Alarm.o
 .debug_aranges
                0x0000000000000368       0x68 OSEK_VDX/Cortex_Mx_Porting.o
 .debug_aranges
                0x00000000000003d0       0x18 OSEK_VDX/Counter.o
 .debug_aranges
                0x00000000000003e8       0x38 OSEK_VDX/Event.o
 .debug_aranges
                0x0000000000000420       0x38 OSEK_VDX/MY_RTOS_FIFO.o
 .debug_aranges
                0x0000000000000458       0x50 OSEK_VDX/Scheduler.o
 .debug_aranges
                0x00000000000004a8       0x40 OSEK_VDX/Task.o
 .debug_aranges
                0x00000000000004e8       0x20 OSEK_VDX/Task_Config.o
 .debug_aranges
                0x0000000000000508       0x50 PORT_Module/Port.o
 .debug_aranges
                0x0000000000000558       0x18 PORT_Module/Port_PBcfg.o
 .debug_aranges
                0x0000000000000570       0x68 PWM_Module/Pwm.o
 .debug_aranges
                0x00000000000005d8       0x20 PWM_Module/Pwm_PBcfg.o
 .debug_aranges
                0x00000000000005f8       0x48 RTE/RTE_Task.o
 .debug_aranges
                0x0000000000000640       0x50 RTE/Rte_BSW_SWC.o
 .debug_aranges
                0x0000000000000690       0x50 RTE/Rte_DNPW_SWC.o
 .debug_aranges
                0x00000000000006e0       0x50 RTE/Rte_EEBL_SWC.o
 .debug_aranges
                0x0000000000000730       0x28 RTE/Rte_Empty_For_Test.o
 .debug_aranges
                0x0000000000000758       0x50 RTE/Rte_FCW_SWC.o
 .debug_aranges
                0x00000000000007a8       0x50 RTE/Rte_IMA_SWC.o
 .debug_aranges
                0x00000000000007f8       0x20 RTE/Rte_LCD_SWC.o
 .debug_aranges
                0x0000000000000818       0x20 RTE/Rte_LED_SWC.o
 .debug_aranges
                0x0000000000000838       0x48 RTE/Rte_Main_SWC.o
 .debug_aranges
                0x0000000000000880       0x20 RTE/Rte_Motor_SWC.o
 .debug_aranges
                0x00000000000008a0       0x20 SWCs/BSW_SWC.o
 .debug_aranges
                0x00000000000008c0       0x20 SWCs/DNPW_SWC.o
 .debug_aranges
                0x00000000000008e0       0x20 SWCs/EEBL_SWC.o
 .debug_aranges
                0x0000000000000900       0x20 SWCs/FCW_SWC.o
 .debug_aranges
                0x0000000000000920       0x20 SWCs/IMA_SWC.o
 .debug_aranges
                0x0000000000000940       0x20 SWCs/LED_SWC.o
 .debug_aranges
                0x0000000000000960       0x20 SWCs/Main_SWC.o
 .debug_aranges
                0x0000000000000980       0x20 SWCs/Motor_SWC.o
 .debug_aranges
                0x00000000000009a0       0x28 SWCs/Ultrasonic_SWC.o
 .debug_aranges
                0x00000000000009c8       0x20 Src/Ecum.o
 .debug_aranges
                0x00000000000009e8       0x40 Src/main.o
 .debug_aranges
                0x0000000000000a28       0x28 Startup/startup_stm32f103c8tx.o

.debug_ranges   0x0000000000000000      0x740
 .debug_ranges  0x0000000000000000       0x20 CanIf_Module/CanIf.o
 .debug_ranges  0x0000000000000020       0x90 Can_Module/Can.o
 .debug_ranges  0x00000000000000b0       0x10 Can_Module/stm32_f103c6_CAN.o
 .debug_ranges  0x00000000000000c0       0x10 Common/Det.o
 .debug_ranges  0x00000000000000d0       0x28 Complex_Drivers/Bluetooth_SWC.o
 .debug_ranges  0x00000000000000f8       0x38 Complex_Drivers/RC_Car.o
 .debug_ranges  0x0000000000000130       0x18 Complex_Drivers/delay.o
 .debug_ranges  0x0000000000000148       0x28 Complex_Drivers/stm32_f103c6_RCC.o
 .debug_ranges  0x0000000000000170       0x58 Complex_Drivers/stm32_f103c6_USART.o
 .debug_ranges  0x00000000000001c8       0x30 DIO_Module/Dio.o
 .debug_ranges  0x00000000000001f8       0x60 ICU_Module/Icu.o
 .debug_ranges  0x0000000000000258       0x10 ICU_Module/Icu_PBcfg.o
 .debug_ranges  0x0000000000000268       0x18 OSEK_VDX/Alarm.o
 .debug_ranges  0x0000000000000280       0x58 OSEK_VDX/Cortex_Mx_Porting.o
 .debug_ranges  0x00000000000002d8       0x28 OSEK_VDX/Event.o
 .debug_ranges  0x0000000000000300       0x28 OSEK_VDX/MY_RTOS_FIFO.o
 .debug_ranges  0x0000000000000328       0x40 OSEK_VDX/Scheduler.o
 .debug_ranges  0x0000000000000368       0x30 OSEK_VDX/Task.o
 .debug_ranges  0x0000000000000398       0x10 OSEK_VDX/Task_Config.o
 .debug_ranges  0x00000000000003a8       0x40 PORT_Module/Port.o
 .debug_ranges  0x00000000000003e8       0x58 PWM_Module/Pwm.o
 .debug_ranges  0x0000000000000440       0x10 PWM_Module/Pwm_PBcfg.o
 .debug_ranges  0x0000000000000450       0x38 RTE/RTE_Task.o
 .debug_ranges  0x0000000000000488       0x40 RTE/Rte_BSW_SWC.o
 .debug_ranges  0x00000000000004c8       0x40 RTE/Rte_DNPW_SWC.o
 .debug_ranges  0x0000000000000508       0x40 RTE/Rte_EEBL_SWC.o
 .debug_ranges  0x0000000000000548       0x18 RTE/Rte_Empty_For_Test.o
 .debug_ranges  0x0000000000000560       0x40 RTE/Rte_FCW_SWC.o
 .debug_ranges  0x00000000000005a0       0x40 RTE/Rte_IMA_SWC.o
 .debug_ranges  0x00000000000005e0       0x10 RTE/Rte_LCD_SWC.o
 .debug_ranges  0x00000000000005f0       0x10 RTE/Rte_LED_SWC.o
 .debug_ranges  0x0000000000000600       0x38 RTE/Rte_Main_SWC.o
 .debug_ranges  0x0000000000000638       0x10 RTE/Rte_Motor_SWC.o
 .debug_ranges  0x0000000000000648       0x10 SWCs/BSW_SWC.o
 .debug_ranges  0x0000000000000658       0x10 SWCs/DNPW_SWC.o
 .debug_ranges  0x0000000000000668       0x10 SWCs/EEBL_SWC.o
 .debug_ranges  0x0000000000000678       0x10 SWCs/FCW_SWC.o
 .debug_ranges  0x0000000000000688       0x10 SWCs/IMA_SWC.o
 .debug_ranges  0x0000000000000698       0x10 SWCs/LED_SWC.o
 .debug_ranges  0x00000000000006a8       0x10 SWCs/Main_SWC.o
 .debug_ranges  0x00000000000006b8       0x10 SWCs/Motor_SWC.o
 .debug_ranges  0x00000000000006c8       0x18 SWCs/Ultrasonic_SWC.o
 .debug_ranges  0x00000000000006e0       0x10 Src/Ecum.o
 .debug_ranges  0x00000000000006f0       0x30 Src/main.o
 .debug_ranges  0x0000000000000720       0x20 Startup/startup_stm32f103c8tx.o

.debug_macro    0x0000000000000000     0x8500
 .debug_macro   0x0000000000000000       0x99 CanIf_Module/CanIf.o
 .debug_macro   0x0000000000000099      0xa60 CanIf_Module/CanIf.o
 .debug_macro   0x0000000000000af9       0x3a CanIf_Module/CanIf.o
 .debug_macro   0x0000000000000b33       0x34 CanIf_Module/CanIf.o
 .debug_macro   0x0000000000000b67       0x34 CanIf_Module/CanIf.o
 .debug_macro   0x0000000000000b9b       0x90 CanIf_Module/CanIf.o
 .debug_macro   0x0000000000000c2b       0x40 CanIf_Module/CanIf.o
 .debug_macro   0x0000000000000c6b       0x3a CanIf_Module/CanIf.o
 .debug_macro   0x0000000000000ca5       0x28 CanIf_Module/CanIf.o
 .debug_macro   0x0000000000000ccd       0x34 CanIf_Module/CanIf.o
 .debug_macro   0x0000000000000d01       0x76 CanIf_Module/CanIf.o
 .debug_macro   0x0000000000000d77       0x83 CanIf_Module/CanIf.o
 .debug_macro   0x0000000000000dfa       0x46 CanIf_Module/CanIf.o
 .debug_macro   0x0000000000000e40       0x10 CanIf_Module/CanIf.o
 .debug_macro   0x0000000000000e50       0x9c Can_Module/Can.o
 .debug_macro   0x0000000000000eec      0x3cd Can_Module/Can.o
 .debug_macro   0x00000000000012b9       0x93 Can_Module/Can_PBcfg.o
 .debug_macro   0x000000000000134c       0x46 Can_Module/stm32_f103c6_CAN.o
 .debug_macro   0x0000000000001392      0x3c7 Can_Module/stm32_f103c6_CAN.o
 .debug_macro   0x0000000000001759       0x7c Can_Module/stm32_f103c6_CAN.o
 .debug_macro   0x00000000000017d5       0x8d Common/Det.o
 .debug_macro   0x0000000000001862       0xb6 Complex_Drivers/Bluetooth_SWC.o
 .debug_macro   0x0000000000001918       0x16 Complex_Drivers/Bluetooth_SWC.o
 .debug_macro   0x000000000000192e       0xf2 Complex_Drivers/Bluetooth_SWC.o
 .debug_macro   0x0000000000001a20       0x3a Complex_Drivers/Bluetooth_SWC.o
 .debug_macro   0x0000000000001a5a      0x118 Complex_Drivers/Bluetooth_SWC.o
 .debug_macro   0x0000000000001b72       0x52 Complex_Drivers/Bluetooth_SWC.o
 .debug_macro   0x0000000000001bc4       0x5e Complex_Drivers/Bluetooth_SWC.o
 .debug_macro   0x0000000000001c22       0x6d Complex_Drivers/RC_Car.o
 .debug_macro   0x0000000000001c8f       0x3a Complex_Drivers/RC_Car.o
 .debug_macro   0x0000000000001cc9       0xa0 Complex_Drivers/RC_Car.o
 .debug_macro   0x0000000000001d69       0x94 Complex_Drivers/RC_Car.o
 .debug_macro   0x0000000000001dfd       0x41 Complex_Drivers/delay.o
 .debug_macro   0x0000000000001e3e       0x46 Complex_Drivers/stm32_f103c6_RCC.o
 .debug_macro   0x0000000000001e84       0x10 Complex_Drivers/stm32_f103c6_RCC.o
 .debug_macro   0x0000000000001e94       0x4f Complex_Drivers/stm32_f103c6_USART.o
 .debug_macro   0x0000000000001ee3       0x55 DIO_Module/Dio.o
 .debug_macro   0x0000000000001f38       0x86 ICU_Module/Icu.o
 .debug_macro   0x0000000000001fbe       0x82 ICU_Module/Icu.o
 .debug_macro   0x0000000000002040       0xac ICU_Module/Icu.o
 .debug_macro   0x00000000000020ec       0x4d ICU_Module/Icu_PBcfg.o
 .debug_macro   0x0000000000002139      0x126 OSEK_VDX/Alarm.o
 .debug_macro   0x000000000000225f       0x18 OSEK_VDX/Alarm.o
 .debug_macro   0x0000000000002277       0x22 OSEK_VDX/Alarm.o
 .debug_macro   0x0000000000002299       0x40 OSEK_VDX/Alarm.o
 .debug_macro   0x00000000000022d9       0x94 OSEK_VDX/Alarm.o
 .debug_macro   0x000000000000236d       0x3c OSEK_VDX/Alarm.o
 .debug_macro   0x00000000000023a9       0x34 OSEK_VDX/Alarm.o
 .debug_macro   0x00000000000023dd       0x16 OSEK_VDX/Alarm.o
 .debug_macro   0x00000000000023f3      0x10e OSEK_VDX/Alarm.o
 .debug_macro   0x0000000000002501       0x8d OSEK_VDX/Alarm.o
 .debug_macro   0x000000000000258e       0x57 OSEK_VDX/Alarm.o
 .debug_macro   0x00000000000025e5       0x52 OSEK_VDX/Alarm.o
 .debug_macro   0x0000000000002637       0x1f OSEK_VDX/Alarm.o
 .debug_macro   0x0000000000002656       0x43 OSEK_VDX/Alarm.o
 .debug_macro   0x0000000000002699       0x20 OSEK_VDX/Alarm.o
 .debug_macro   0x00000000000026b9      0x1a3 OSEK_VDX/Alarm.o
 .debug_macro   0x000000000000285c      0x330 OSEK_VDX/Alarm.o
 .debug_macro   0x0000000000002b8c       0x16 OSEK_VDX/Alarm.o
 .debug_macro   0x0000000000002ba2       0x29 OSEK_VDX/Alarm.o
 .debug_macro   0x0000000000002bcb       0x1c OSEK_VDX/Alarm.o
 .debug_macro   0x0000000000002be7      0x1d5 OSEK_VDX/Cortex_Mx_Porting.o
 .debug_macro   0x0000000000002dbc       0x28 OSEK_VDX/Cortex_Mx_Porting.o
 .debug_macro   0x0000000000002de4       0x8e OSEK_VDX/Cortex_Mx_Porting.o
 .debug_macro   0x0000000000002e72       0x51 OSEK_VDX/Cortex_Mx_Porting.o
 .debug_macro   0x0000000000002ec3       0xef OSEK_VDX/Cortex_Mx_Porting.o
 .debug_macro   0x0000000000002fb2       0x6a OSEK_VDX/Cortex_Mx_Porting.o
 .debug_macro   0x000000000000301c      0x1df OSEK_VDX/Cortex_Mx_Porting.o
 .debug_macro   0x00000000000031fb       0x1c OSEK_VDX/Cortex_Mx_Porting.o
 .debug_macro   0x0000000000003217       0x22 OSEK_VDX/Cortex_Mx_Porting.o
 .debug_macro   0x0000000000003239       0xe5 OSEK_VDX/Cortex_Mx_Porting.o
 .debug_macro   0x000000000000331e      0xe3c OSEK_VDX/Cortex_Mx_Porting.o
 .debug_macro   0x000000000000415a       0x34 OSEK_VDX/Cortex_Mx_Porting.o
 .debug_macro   0x000000000000418e       0x46 OSEK_VDX/Cortex_Mx_Porting.o
 .debug_macro   0x00000000000041d4      0x32a OSEK_VDX/Cortex_Mx_Porting.o
 .debug_macro   0x00000000000044fe      0x120 OSEK_VDX/Counter.o
 .debug_macro   0x000000000000461e       0x1c OSEK_VDX/Counter.o
 .debug_macro   0x000000000000463a      0x285 OSEK_VDX/Event.o
 .debug_macro   0x00000000000048bf       0x1c OSEK_VDX/Event.o
 .debug_macro   0x00000000000048db       0x35 OSEK_VDX/Event.o
 .debug_macro   0x0000000000004910       0x10 OSEK_VDX/Event.o
 .debug_macro   0x0000000000004920       0x10 OSEK_VDX/Event.o
 .debug_macro   0x0000000000004930       0x1c OSEK_VDX/Event.o
 .debug_macro   0x000000000000494c       0x52 OSEK_VDX/Event.o
 .debug_macro   0x000000000000499e       0x40 OSEK_VDX/Event.o
 .debug_macro   0x00000000000049de       0x10 OSEK_VDX/Event.o
 .debug_macro   0x00000000000049ee       0x40 OSEK_VDX/Event.o
 .debug_macro   0x0000000000004a2e       0xd7 OSEK_VDX/Event.o
 .debug_macro   0x0000000000004b05       0x1c OSEK_VDX/Event.o
 .debug_macro   0x0000000000004b21       0x3d OSEK_VDX/Event.o
 .debug_macro   0x0000000000004b5e       0x16 OSEK_VDX/Event.o
 .debug_macro   0x0000000000004b74      0x145 OSEK_VDX/Event.o
 .debug_macro   0x0000000000004cb9       0xdf OSEK_VDX/Event.o
 .debug_macro   0x0000000000004d98      0x281 OSEK_VDX/MY_RTOS_FIFO.o
 .debug_macro   0x0000000000005019       0x16 OSEK_VDX/MY_RTOS_FIFO.o
 .debug_macro   0x000000000000502f       0x97 OSEK_VDX/MY_RTOS_FIFO.o
 .debug_macro   0x00000000000050c6       0xfd OSEK_VDX/MY_RTOS_FIFO.o
 .debug_macro   0x00000000000051c3      0x27f OSEK_VDX/Scheduler.o
 .debug_macro   0x0000000000005442      0x2bc OSEK_VDX/Task.o
 .debug_macro   0x00000000000056fe       0x34 OSEK_VDX/Task.o
 .debug_macro   0x0000000000005732      0x1cc OSEK_VDX/Task_Config.o
 .debug_macro   0x00000000000058fe       0x10 OSEK_VDX/Task_Config.o
 .debug_macro   0x000000000000590e       0x85 PORT_Module/Port.o
 .debug_macro   0x0000000000005993       0x3a PORT_Module/Port.o
 .debug_macro   0x00000000000059cd      0x14e PORT_Module/Port.o
 .debug_macro   0x0000000000005b1b       0x58 PORT_Module/Port.o
 .debug_macro   0x0000000000005b73       0x7c PORT_Module/Port_PBcfg.o
 .debug_macro   0x0000000000005bef       0x5a PWM_Module/Pwm.o
 .debug_macro   0x0000000000005c49       0x3a PWM_Module/Pwm.o
 .debug_macro   0x0000000000005c83       0x6a PWM_Module/Pwm.o
 .debug_macro   0x0000000000005ced       0x51 PWM_Module/Pwm_PBcfg.o
 .debug_macro   0x0000000000005d3e      0x238 RTE/RTE_Task.o
 .debug_macro   0x0000000000005f76      0x23d RTE/Rte_BSW_SWC.o
 .debug_macro   0x00000000000061b3      0x174 RTE/Rte_BSW_SWC.o
 .debug_macro   0x0000000000006327       0x10 RTE/Rte_BSW_SWC.o
 .debug_macro   0x0000000000006337       0x20 RTE/Rte_BSW_SWC.o
 .debug_macro   0x0000000000006357       0x40 RTE/Rte_BSW_SWC.o
 .debug_macro   0x0000000000006397       0x10 RTE/Rte_BSW_SWC.o
 .debug_macro   0x00000000000063a7       0x46 RTE/Rte_BSW_SWC.o
 .debug_macro   0x00000000000063ed      0x23d RTE/Rte_DNPW_SWC.o
 .debug_macro   0x000000000000662a       0x10 RTE/Rte_DNPW_SWC.o
 .debug_macro   0x000000000000663a       0x40 RTE/Rte_DNPW_SWC.o
 .debug_macro   0x000000000000667a      0x23d RTE/Rte_EEBL_SWC.o
 .debug_macro   0x00000000000068b7       0x1c RTE/Rte_EEBL_SWC.o
 .debug_macro   0x00000000000068d3       0x46 RTE/Rte_EEBL_SWC.o
 .debug_macro   0x0000000000006919      0x238 RTE/Rte_Empty_For_Test.o
 .debug_macro   0x0000000000006b51      0x23d RTE/Rte_FCW_SWC.o
 .debug_macro   0x0000000000006d8e       0x1c RTE/Rte_FCW_SWC.o
 .debug_macro   0x0000000000006daa       0x46 RTE/Rte_FCW_SWC.o
 .debug_macro   0x0000000000006df0      0x23d RTE/Rte_IMA_SWC.o
 .debug_macro   0x000000000000702d       0x1c RTE/Rte_IMA_SWC.o
 .debug_macro   0x0000000000007049       0x46 RTE/Rte_IMA_SWC.o
 .debug_macro   0x000000000000708f      0x147 RTE/Rte_LCD_SWC.o
 .debug_macro   0x00000000000071d6       0x10 RTE/Rte_LCD_SWC.o
 .debug_macro   0x00000000000071e6      0x147 RTE/Rte_LED_SWC.o
 .debug_macro   0x000000000000732d       0x10 RTE/Rte_LED_SWC.o
 .debug_macro   0x000000000000733d      0x141 RTE/Rte_Main_SWC.o
 .debug_macro   0x000000000000747e       0x34 RTE/Rte_Main_SWC.o
 .debug_macro   0x00000000000074b2      0x147 RTE/Rte_Motor_SWC.o
 .debug_macro   0x00000000000075f9       0x10 RTE/Rte_Motor_SWC.o
 .debug_macro   0x0000000000007609       0xa7 SWCs/BSW_SWC.o
 .debug_macro   0x00000000000076b0       0x8f SWCs/DNPW_SWC.o
 .debug_macro   0x000000000000773f      0x17c SWCs/EEBL_SWC.o
 .debug_macro   0x00000000000078bb      0x17c SWCs/FCW_SWC.o
 .debug_macro   0x0000000000007a37      0x1a0 SWCs/IMA_SWC.o
 .debug_macro   0x0000000000007bd7       0x90 SWCs/LED_SWC.o
 .debug_macro   0x0000000000007c67      0x153 SWCs/Main_SWC.o
 .debug_macro   0x0000000000007dba       0x9c SWCs/Motor_SWC.o
 .debug_macro   0x0000000000007e56       0xae SWCs/Ultrasonic_SWC.o
 .debug_macro   0x0000000000007f04      0x27d Src/Ecum.o
 .debug_macro   0x0000000000008181      0x2db Src/main.o
 .debug_macro   0x000000000000845c       0x82 Src/main.o
 .debug_macro   0x00000000000084de       0x22 Src/main.o

.debug_line     0x0000000000000000     0xccdc
 .debug_line    0x0000000000000000      0x1ec CanIf_Module/CanIf.o
 .debug_line    0x00000000000001ec      0x43e Can_Module/Can.o
 .debug_line    0x000000000000062a       0xd2 Can_Module/Can_PBcfg.o
 .debug_line    0x00000000000006fc      0x10d Can_Module/stm32_f103c6_CAN.o
 .debug_line    0x0000000000000809      0x10c Common/Det.o
 .debug_line    0x0000000000000915      0x24c Complex_Drivers/Bluetooth_SWC.o
 .debug_line    0x0000000000000b61      0x1e3 Complex_Drivers/RC_Car.o
 .debug_line    0x0000000000000d44      0x11a Complex_Drivers/delay.o
 .debug_line    0x0000000000000e5e      0x13d Complex_Drivers/stm32_f103c6_RCC.o
 .debug_line    0x0000000000000f9b      0x246 Complex_Drivers/stm32_f103c6_USART.o
 .debug_line    0x00000000000011e1      0x1f6 DIO_Module/Dio.o
 .debug_line    0x00000000000013d7      0x29d ICU_Module/Icu.o
 .debug_line    0x0000000000001674       0xb8 ICU_Module/Icu_PBcfg.o
 .debug_line    0x000000000000172c      0x590 OSEK_VDX/Alarm.o
 .debug_line    0x0000000000001cbc      0x780 OSEK_VDX/Cortex_Mx_Porting.o
 .debug_line    0x000000000000243c      0x52d OSEK_VDX/Counter.o
 .debug_line    0x0000000000002969      0x76d OSEK_VDX/Event.o
 .debug_line    0x00000000000030d6      0x760 OSEK_VDX/MY_RTOS_FIFO.o
 .debug_line    0x0000000000003836      0x806 OSEK_VDX/Scheduler.o
 .debug_line    0x000000000000403c      0x7e7 OSEK_VDX/Task.o
 .debug_line    0x0000000000004823      0x66b OSEK_VDX/Task_Config.o
 .debug_line    0x0000000000004e8e      0x228 PORT_Module/Port.o
 .debug_line    0x00000000000050b6       0xac PORT_Module/Port_PBcfg.o
 .debug_line    0x0000000000005162      0x26c PWM_Module/Pwm.o
 .debug_line    0x00000000000053ce       0xb9 PWM_Module/Pwm_PBcfg.o
 .debug_line    0x0000000000005487      0x81d RTE/RTE_Task.o
 .debug_line    0x0000000000005ca4      0x724 RTE/Rte_BSW_SWC.o
 .debug_line    0x00000000000063c8      0x727 RTE/Rte_DNPW_SWC.o
 .debug_line    0x0000000000006aef      0x727 RTE/Rte_EEBL_SWC.o
 .debug_line    0x0000000000007216      0x6df RTE/Rte_Empty_For_Test.o
 .debug_line    0x00000000000078f5      0x724 RTE/Rte_FCW_SWC.o
 .debug_line    0x0000000000008019      0x724 RTE/Rte_IMA_SWC.o
 .debug_line    0x000000000000873d      0x540 RTE/Rte_LCD_SWC.o
 .debug_line    0x0000000000008c7d      0x540 RTE/Rte_LED_SWC.o
 .debug_line    0x00000000000091bd      0x5ae RTE/Rte_Main_SWC.o
 .debug_line    0x000000000000976b      0x546 RTE/Rte_Motor_SWC.o
 .debug_line    0x0000000000009cb1      0x165 SWCs/BSW_SWC.o
 .debug_line    0x0000000000009e16      0x118 SWCs/DNPW_SWC.o
 .debug_line    0x0000000000009f2e      0x5b3 SWCs/EEBL_SWC.o
 .debug_line    0x000000000000a4e1      0x5b4 SWCs/FCW_SWC.o
 .debug_line    0x000000000000aa95      0x5c0 SWCs/IMA_SWC.o
 .debug_line    0x000000000000b055      0x152 SWCs/LED_SWC.o
 .debug_line    0x000000000000b1a7      0x5af SWCs/Main_SWC.o
 .debug_line    0x000000000000b756      0x153 SWCs/Motor_SWC.o
 .debug_line    0x000000000000b8a9      0x22d SWCs/Ultrasonic_SWC.o
 .debug_line    0x000000000000bad6      0x838 Src/Ecum.o
 .debug_line    0x000000000000c30e      0x94a Src/main.o
 .debug_line    0x000000000000cc58       0x84 Startup/startup_stm32f103c8tx.o

.debug_str      0x0000000000000000    0x18290
 .debug_str     0x0000000000000000     0x3ffd CanIf_Module/CanIf.o
                                       0x413c (size before relaxing)
 .debug_str     0x0000000000003ffd     0x1d82 Can_Module/Can.o
                                       0x5b96 (size before relaxing)
 .debug_str     0x0000000000005d7f       0xf8 Can_Module/Can_PBcfg.o
                                       0x3e35 (size before relaxing)
 .debug_str     0x0000000000005e77      0x373 Can_Module/stm32_f103c6_CAN.o
                                       0x4d85 (size before relaxing)
 .debug_str     0x00000000000061ea       0x42 Common/Det.o
                                       0x3d8e (size before relaxing)
 .debug_str     0x000000000000622c      0xf67 Complex_Drivers/Bluetooth_SWC.o
                                       0x6609 (size before relaxing)
 .debug_str     0x0000000000007193      0x804 Complex_Drivers/RC_Car.o
                                       0x41f0 (size before relaxing)
 .debug_str     0x0000000000007997       0x90 Complex_Drivers/delay.o
                                       0x4a9c (size before relaxing)
 .debug_str     0x0000000000007a27       0x8d Complex_Drivers/stm32_f103c6_RCC.o
                                       0x4b4f (size before relaxing)
 .debug_str     0x0000000000007ab4      0x11f Complex_Drivers/stm32_f103c6_USART.o
                                       0x5295 (size before relaxing)
 .debug_str     0x0000000000007bd3       0xd9 DIO_Module/Dio.o
                                       0x5432 (size before relaxing)
 .debug_str     0x0000000000007cac      0xae4 ICU_Module/Icu.o
                                       0x566d (size before relaxing)
 .debug_str     0x0000000000008790       0x46 ICU_Module/Icu_PBcfg.o
                                       0x39a8 (size before relaxing)
 .debug_str     0x00000000000087d6     0x391b OSEK_VDX/Alarm.o
                                       0x6b4a (size before relaxing)
 .debug_str     0x000000000000c0f1     0x6814 OSEK_VDX/Cortex_Mx_Porting.o
                                       0xdc85 (size before relaxing)
 .debug_str     0x0000000000012905      0x256 OSEK_VDX/Counter.o
                                       0x6a7f (size before relaxing)
 .debug_str     0x0000000000012b5b     0x1549 OSEK_VDX/Event.o
                                       0xe3b8 (size before relaxing)
 .debug_str     0x00000000000140a4       0xa4 OSEK_VDX/MY_RTOS_FIFO.o
                                       0xe24f (size before relaxing)
 .debug_str     0x0000000000014148       0xfa OSEK_VDX/Scheduler.o
                                       0xe44e (size before relaxing)
 .debug_str     0x0000000000014242      0x2b3 OSEK_VDX/Task.o
                                       0xe645 (size before relaxing)
 .debug_str     0x00000000000144f5       0x55 OSEK_VDX/Task_Config.o
                                       0xd29c (size before relaxing)
 .debug_str     0x000000000001454a      0xb30 PORT_Module/Port.o
                                       0x56e6 (size before relaxing)
 .debug_str     0x000000000001507a      0x100 PORT_Module/Port_PBcfg.o
                                       0x3d25 (size before relaxing)
 .debug_str     0x000000000001517a      0x16c PWM_Module/Pwm.o
                                       0x54a6 (size before relaxing)
 .debug_str     0x00000000000152e6       0x1a PWM_Module/Pwm_PBcfg.o
                                       0x39bc (size before relaxing)
 .debug_str     0x0000000000015300       0x69 RTE/RTE_Task.o
                                       0xffbe (size before relaxing)
 .debug_str     0x0000000000015369      0x7be RTE/Rte_BSW_SWC.o
                                       0xdbbe (size before relaxing)
 .debug_str     0x0000000000015b27      0x5d7 RTE/Rte_DNPW_SWC.o
                                       0xdb7b (size before relaxing)
 .debug_str     0x00000000000160fe      0x67e RTE/Rte_EEBL_SWC.o
                                       0xdc22 (size before relaxing)
 .debug_str     0x000000000001677c       0xcd RTE/Rte_Empty_For_Test.o
                                       0xd5f7 (size before relaxing)
 .debug_str     0x0000000000016849      0x61d RTE/Rte_FCW_SWC.o
                                       0xdbf6 (size before relaxing)
 .debug_str     0x0000000000016e66      0x61d RTE/Rte_IMA_SWC.o
                                       0xdbf6 (size before relaxing)
 .debug_str     0x0000000000017483      0x124 RTE/Rte_LCD_SWC.o
                                       0x699c (size before relaxing)
 .debug_str     0x00000000000175a7      0x124 RTE/Rte_LED_SWC.o
                                       0x699c (size before relaxing)
 .debug_str     0x00000000000176cb      0x710 RTE/Rte_Main_SWC.o
                                       0x7016 (size before relaxing)
 .debug_str     0x0000000000017ddb      0x13a RTE/Rte_Motor_SWC.o
                                       0x69b4 (size before relaxing)
 .debug_str     0x0000000000017f15       0x53 SWCs/BSW_SWC.o
                                       0x4054 (size before relaxing)
 .debug_str     0x0000000000017f68       0x5d SWCs/DNPW_SWC.o
                                       0x3767 (size before relaxing)
 .debug_str     0x0000000000017fc5       0x2d SWCs/EEBL_SWC.o
                                       0x6ed8 (size before relaxing)
 .debug_str     0x0000000000017ff2       0x3e SWCs/FCW_SWC.o
                                       0x6ed3 (size before relaxing)
 .debug_str     0x0000000000018030       0xa8 SWCs/IMA_SWC.o
                                       0x6f51 (size before relaxing)
 .debug_str     0x00000000000180d8       0x1d SWCs/LED_SWC.o
                                       0x3c0e (size before relaxing)
 .debug_str     0x00000000000180f5       0x13 SWCs/Main_SWC.o
                                       0x6c30 (size before relaxing)
 .debug_str     0x0000000000018108       0x1e SWCs/Motor_SWC.o
                                       0x3c16 (size before relaxing)
 .debug_str     0x0000000000018126       0x8a SWCs/Ultrasonic_SWC.o
                                       0x5ab0 (size before relaxing)
 .debug_str     0x00000000000181b0       0x21 Src/Ecum.o
                                      0x115c8 (size before relaxing)
 .debug_str     0x00000000000181d1       0x8e Src/main.o
                                      0x12714 (size before relaxing)
 .debug_str     0x000000000001825f       0x31 Startup/startup_stm32f103c8tx.o
                                         0x5c (size before relaxing)

.comment        0x0000000000000000       0x7b
 .comment       0x0000000000000000       0x7b CanIf_Module/CanIf.o
                                         0x7c (size before relaxing)
 .comment       0x000000000000007b       0x7c Can_Module/Can.o
 .comment       0x000000000000007b       0x7c Can_Module/Can_PBcfg.o
 .comment       0x000000000000007b       0x7c Can_Module/stm32_f103c6_CAN.o
 .comment       0x000000000000007b       0x7c Common/Det.o
 .comment       0x000000000000007b       0x7c Complex_Drivers/Bluetooth_SWC.o
 .comment       0x000000000000007b       0x7c Complex_Drivers/RC_Car.o
 .comment       0x000000000000007b       0x7c Complex_Drivers/delay.o
 .comment       0x000000000000007b       0x7c Complex_Drivers/stm32_f103c6_RCC.o
 .comment       0x000000000000007b       0x7c Complex_Drivers/stm32_f103c6_USART.o
 .comment       0x000000000000007b       0x7c DIO_Module/Dio.o
 .comment       0x000000000000007b       0x7c ICU_Module/Icu.o
 .comment       0x000000000000007b       0x7c ICU_Module/Icu_PBcfg.o
 .comment       0x000000000000007b       0x7c OSEK_VDX/Alarm.o
 .comment       0x000000000000007b       0x7c OSEK_VDX/Cortex_Mx_Porting.o
 .comment       0x000000000000007b       0x7c OSEK_VDX/Counter.o
 .comment       0x000000000000007b       0x7c OSEK_VDX/Event.o
 .comment       0x000000000000007b       0x7c OSEK_VDX/MY_RTOS_FIFO.o